Archive member included to satisfy reference by file (symbol)

/usr/lib/gcc/arm-none-eabi/10.3.1/thumb/v6-m/nofp/libgcc.a(_dvmd_tls.o)
                              CMakeFiles/main.dir/home/ttb/raspberry-pi-pico/pico/pico-sdk/src/rp2_common/pico_divider/divider.S.obj (__aeabi_idiv0)
/usr/lib/gcc/arm-none-eabi/10.3.1/../../../arm-none-eabi/lib/thumb/v6-m/nofp/libg.a(lib_a-atexit.o)
                              /usr/lib/gcc/arm-none-eabi/10.3.1/../../../arm-none-eabi/lib/thumb/v6-m/nofp/crt0.o (atexit)
/usr/lib/gcc/arm-none-eabi/10.3.1/../../../arm-none-eabi/lib/thumb/v6-m/nofp/libg.a(lib_a-calloc.o)
                              CMakeFiles/main.dir/home/ttb/raspberry-pi-pico/pico/pico-sdk/src/rp2_common/pico_malloc/pico_malloc.c.obj (calloc)
/usr/lib/gcc/arm-none-eabi/10.3.1/../../../arm-none-eabi/lib/thumb/v6-m/nofp/libg.a(lib_a-callocr.o)
                              /usr/lib/gcc/arm-none-eabi/10.3.1/../../../arm-none-eabi/lib/thumb/v6-m/nofp/libg.a(lib_a-calloc.o) (_calloc_r)
/usr/lib/gcc/arm-none-eabi/10.3.1/../../../arm-none-eabi/lib/thumb/v6-m/nofp/libg.a(lib_a-fini.o)
                              /usr/lib/gcc/arm-none-eabi/10.3.1/../../../arm-none-eabi/lib/thumb/v6-m/nofp/crt0.o (__libc_fini_array)
/usr/lib/gcc/arm-none-eabi/10.3.1/../../../arm-none-eabi/lib/thumb/v6-m/nofp/libg.a(lib_a-impure.o)
                              /usr/lib/gcc/arm-none-eabi/10.3.1/../../../arm-none-eabi/lib/thumb/v6-m/nofp/libg.a(lib_a-calloc.o) (_impure_ptr)
/usr/lib/gcc/arm-none-eabi/10.3.1/../../../arm-none-eabi/lib/thumb/v6-m/nofp/libg.a(lib_a-init.o)
                              /usr/lib/gcc/arm-none-eabi/10.3.1/../../../arm-none-eabi/lib/thumb/v6-m/nofp/crt0.o (__libc_init_array)
/usr/lib/gcc/arm-none-eabi/10.3.1/../../../arm-none-eabi/lib/thumb/v6-m/nofp/libg.a(lib_a-malloc.o)
                              CMakeFiles/main.dir/home/ttb/raspberry-pi-pico/pico/pico-sdk/src/rp2_common/pico_malloc/pico_malloc.c.obj (malloc)
/usr/lib/gcc/arm-none-eabi/10.3.1/../../../arm-none-eabi/lib/thumb/v6-m/nofp/libg.a(lib_a-mallocr.o)
                              /usr/lib/gcc/arm-none-eabi/10.3.1/../../../arm-none-eabi/lib/thumb/v6-m/nofp/libg.a(lib_a-callocr.o) (_malloc_r)
/usr/lib/gcc/arm-none-eabi/10.3.1/../../../arm-none-eabi/lib/thumb/v6-m/nofp/libg.a(lib_a-mlock.o)
                              /usr/lib/gcc/arm-none-eabi/10.3.1/../../../arm-none-eabi/lib/thumb/v6-m/nofp/libg.a(lib_a-mallocr.o) (__malloc_lock)
/usr/lib/gcc/arm-none-eabi/10.3.1/../../../arm-none-eabi/lib/thumb/v6-m/nofp/libg.a(lib_a-realloc.o)
                              CMakeFiles/main.dir/home/ttb/raspberry-pi-pico/pico/pico-sdk/src/rp2_common/pico_malloc/pico_malloc.c.obj (realloc)
/usr/lib/gcc/arm-none-eabi/10.3.1/../../../arm-none-eabi/lib/thumb/v6-m/nofp/libg.a(lib_a-reallocr.o)
                              /usr/lib/gcc/arm-none-eabi/10.3.1/../../../arm-none-eabi/lib/thumb/v6-m/nofp/libg.a(lib_a-realloc.o) (_realloc_r)
/usr/lib/gcc/arm-none-eabi/10.3.1/../../../arm-none-eabi/lib/thumb/v6-m/nofp/libg.a(lib_a-sbrkr.o)
                              /usr/lib/gcc/arm-none-eabi/10.3.1/../../../arm-none-eabi/lib/thumb/v6-m/nofp/libg.a(lib_a-mallocr.o) (_sbrk_r)
/usr/lib/gcc/arm-none-eabi/10.3.1/../../../arm-none-eabi/lib/thumb/v6-m/nofp/libg.a(lib_a-strlen-stub.o)
                              CMakeFiles/main.dir/home/ttb/raspberry-pi-pico/pico/pico-sdk/src/rp2_common/pico_stdio/stdio.c.obj (strlen)
/usr/lib/gcc/arm-none-eabi/10.3.1/../../../arm-none-eabi/lib/thumb/v6-m/nofp/libg.a(lib_a-__atexit.o)
                              /usr/lib/gcc/arm-none-eabi/10.3.1/../../../arm-none-eabi/lib/thumb/v6-m/nofp/libg.a(lib_a-atexit.o) (__register_exitproc)
/usr/lib/gcc/arm-none-eabi/10.3.1/../../../arm-none-eabi/lib/thumb/v6-m/nofp/libg.a(lib_a-freer.o)
                              /usr/lib/gcc/arm-none-eabi/10.3.1/../../../arm-none-eabi/lib/thumb/v6-m/nofp/libg.a(lib_a-malloc.o) (_free_r)
/usr/lib/gcc/arm-none-eabi/10.3.1/../../../arm-none-eabi/lib/thumb/v6-m/nofp/libg.a(lib_a-memmove.o)
                              /usr/lib/gcc/arm-none-eabi/10.3.1/../../../arm-none-eabi/lib/thumb/v6-m/nofp/libg.a(lib_a-reallocr.o) (memmove)
/usr/lib/gcc/arm-none-eabi/10.3.1/../../../arm-none-eabi/lib/thumb/v6-m/nofp/libg.a(lib_a-reent.o)
                              /usr/lib/gcc/arm-none-eabi/10.3.1/../../../arm-none-eabi/lib/thumb/v6-m/nofp/libg.a(lib_a-sbrkr.o) (errno)

Discarded input sections

 .text          0x0000000000000000        0x0 /usr/lib/gcc/arm-none-eabi/10.3.1/thumb/v6-m/nofp/crti.o
 .data          0x0000000000000000        0x0 /usr/lib/gcc/arm-none-eabi/10.3.1/thumb/v6-m/nofp/crti.o
 .bss           0x0000000000000000        0x0 /usr/lib/gcc/arm-none-eabi/10.3.1/thumb/v6-m/nofp/crti.o
 .data          0x0000000000000000        0x4 /usr/lib/gcc/arm-none-eabi/10.3.1/thumb/v6-m/nofp/crtbegin.o
 .rodata        0x0000000000000000       0x24 /usr/lib/gcc/arm-none-eabi/10.3.1/thumb/v6-m/nofp/crtbegin.o
[...]
Memory Configuration

Name             Origin             Length             Attributes
FLASH            0x0000000010000000 0x0000000000200000 xr
RAM              0x0000000020000000 0x0000000000040000 xrw
SCRATCH_X        0x0000000020040000 0x0000000000001000 xrw
SCRATCH_Y        0x0000000020041000 0x0000000000001000 xrw
*default*        0x0000000000000000 0xffffffffffffffff

Linker script and memory map

LOAD /usr/lib/gcc/arm-none-eabi/10.3.1/thumb/v6-m/nofp/crti.o
LOAD /usr/lib/gcc/arm-none-eabi/10.3.1/thumb/v6-m/nofp/crtbegin.o
LOAD /usr/lib/gcc/arm-none-eabi/10.3.1/../../../arm-none-eabi/lib/thumb/v6-m/nofp/crt0.o

.flash_begin    0x0000000010000000        0x0
                0x0000000010000000                __flash_binary_start = .

.boot2          0x0000000010000000      0x100
                0x0000000010000000                __boot2_start__ = .
 *(.boot2)
 .boot2         0x0000000010000000      0x100 /tmp/ccIUL7uC.o
                0x0000000010000100                __boot2_end__ = .
                0x0000000000000001                ASSERT (((__boot2_end__ - __boot2_start__) == 0x100), ERROR: Pico second stage bootloader must be 256 bytes in size)

.text           0x0000000010000100     0x6350
                0x0000000010000100                __logical_binary_start = .
 *(.vectors)
 .vectors       0x0000000010000100       0xd4 CMakeFiles/main.dir/home/ttb/raspberry-pi-pico/pico/pico-sdk/src/rp2_common/pico_standard_link/crt0.S.obj
                0x0000000010000100                __vectors
                0x0000000010000100                __VECTOR_TABLE
                0x00000000100001c0                isr_invalid
                0x00000000100001c0                __default_isrs_start
                0x00000000100001c2                isr_nmi
                0x00000000100001c4                isr_hardfault
                0x00000000100001c6                isr_svcall
                0x00000000100001c8                isr_pendsv
                0x00000000100001ca                isr_systick
                0x00000000100001cc                isr_irq30
                0x00000000100001cc                __unhandled_user_irq
                0x00000000100001cc                isr_irq13
                0x00000000100001cc                isr_irq27
                0x00000000100001cc                isr_irq31
                0x00000000100001cc                isr_irq5
                0x00000000100001cc                isr_irq11
                0x00000000100001cc                isr_irq23
                0x00000000100001cc                isr_irq18
                0x00000000100001cc                isr_irq28
                0x00000000100001cc                isr_irq19
                0x00000000100001cc                isr_irq0
                0x00000000100001cc                isr_irq6
                0x00000000100001cc                isr_irq22
                0x00000000100001cc                isr_irq17
                0x00000000100001cc                isr_irq14
                0x00000000100001cc                isr_irq2
                0x00000000100001cc                isr_irq10
                0x00000000100001cc                isr_irq8
                0x00000000100001cc                isr_irq24
                0x00000000100001cc                isr_irq1
                0x00000000100001cc                isr_irq7
                0x00000000100001cc                isr_irq21
                0x00000000100001cc                isr_irq20
                0x00000000100001cc                isr_irq15
                0x00000000100001cc                isr_irq25
                0x00000000100001cc                isr_irq4
                0x00000000100001cc                isr_irq16
                0x00000000100001cc                isr_irq29
                0x00000000100001cc                isr_irq26
                0x00000000100001cc                __default_isrs_end
                0x00000000100001cc                isr_irq3
                0x00000000100001cc                isr_irq12
                0x00000000100001cc                isr_irq9
                0x00000000100001d2                unhandled_user_irq_num_in_r0
 *(.binary_info_header)
 .binary_info_header
                0x00000000100001d4       0x14 CMakeFiles/main.dir/home/ttb/raspberry-pi-pico/pico/pico-sdk/src/rp2_common/pico_standard_link/crt0.S.obj
                0x00000000100001e8                __binary_info_header_end = .
 *(.reset)
 .reset         0x00000000100001e8       0xa0 CMakeFiles/main.dir/home/ttb/raspberry-pi-pico/pico/pico-sdk/src/rp2_common/pico_standard_link/crt0.S.obj
                0x00000000100001e8                _entry_point
 .reset         0x0000000010000288       0x30 CMakeFiles/main.dir/home/ttb/raspberry-pi-pico/pico/pico-sdk/src/rp2_common/pico_standard_link/binary_info.c.obj
 *(.init)
 .init          0x00000000100002b8        0x4 /usr/lib/gcc/arm-none-eabi/10.3.1/thumb/v6-m/nofp/crti.o
                0x00000000100002b8                _init
 *(EXCLUDE_FILE(*libm.a: *libc.a:*lib_a-mem*.o *libgcc.a:) .text*)
 .text          0x00000000100002bc       0x98 /usr/lib/gcc/arm-none-eabi/10.3.1/thumb/v6-m/nofp/crtbegin.o
 .text._ZL12ringbuf_initP11_ring_buf_tPhj
                0x0000000010000354        0xc CMakeFiles/main.dir/main.cpp.obj
 .text._ZL12ringbuf_pushP11_ring_buf_th
                0x0000000010000360       0x24 CMakeFiles/main.dir/main.cpp.obj
 .text._ZL22ringbuf_available_dataP11_ring_buf_t
                0x0000000010000384       0x16 CMakeFiles/main.dir/main.cpp.obj
 .text._ZL23ringbuf_available_spaceP11_ring_buf_t
                0x000000001000039a        0xe CMakeFiles/main.dir/main.cpp.obj
 .text._ZL23get_frame_mapping_indexa8format_t
                0x00000000100003a8       0x1c CMakeFiles/main.dir/main.cpp.obj
 .text._ZL9empty_dmaP18_machine_i2s_obj_tPh
                0x00000000100003c4       0x26 CMakeFiles/main.dir/main.cpp.obj
 .text._ZL12dma_get_bits10i2s_mode_ta
                0x00000000100003ea        0xc CMakeFiles/main.dir/main.cpp.obj
 *fill*         0x00000000100003f6        0x2 
 .text._ZL22dma_map_irq_to_channelj
                0x00000000100003f8       0x38 CMakeFiles/main.dir/main.cpp.obj
 .text._ZL14dma_get_bufferP18_machine_i2s_obj_tj
                0x0000000010000430       0x26 CMakeFiles/main.dir/main.cpp.obj
 *fill*         0x0000000010000456        0x2 
 .text._ZL15dma_irq_handlerh
                0x0000000010000458       0x6c CMakeFiles/main.dir/main.cpp.obj
 .text._ZL16dma_irq0_handlerv
                0x00000000100004c4        0xa CMakeFiles/main.dir/main.cpp.obj
 .text._ZL16dma_irq1_handlerv
                0x00000000100004ce        0xa CMakeFiles/main.dir/main.cpp.obj
 .text._ZL10pio_deinitP18_machine_i2s_obj_t
                0x00000000100004d8       0x2c CMakeFiles/main.dir/main.cpp.obj
 .text.channel_config_set_chain_to
                0x0000000010000504       0x30 CMakeFiles/main.dir/main.cpp.obj
 .text.channel_config_set_dreq
                0x0000000010000534       0x30 CMakeFiles/main.dir/main.cpp.obj
 .text._ZL10irq_deinitP18_machine_i2s_obj_t
                0x0000000010000564       0x34 CMakeFiles/main.dir/main.cpp.obj
 .text._ZL13irq_configureP18_machine_i2s_obj_t
                0x0000000010000598       0x34 CMakeFiles/main.dir/main.cpp.obj
 .text._ZL13pio_configureP18_machine_i2s_obj_t
                0x00000000100005cc      0x254 CMakeFiles/main.dir/main.cpp.obj
 .text._ZL13gpio_init_i2sP8pio_hw_thjh10gpio_dir_t
                0x0000000010000820       0x4c CMakeFiles/main.dir/main.cpp.obj
 .text._ZL14gpio_configureP18_machine_i2s_obj_t
                0x000000001000086c       0x50 CMakeFiles/main.dir/main.cpp.obj
 .text._ZL11ringbuf_popP11_ring_buf_tPh
                0x00000000100008bc       0x2c CMakeFiles/main.dir/main.cpp.obj
 .text._ZL24fill_appbuf_from_ringbufP18_machine_i2s_obj_tP17_mp_buffer_info_t
                0x00000000100008e8      0x104 CMakeFiles/main.dir/main.cpp.obj
 .text._ZL23machine_i2s_stream_readP18_machine_i2s_obj_tPvj
                0x00000000100009ec       0x5e CMakeFiles/main.dir/main.cpp.obj
 *fill*         0x0000000010000a4a        0x2 
 .text._ZL10dma_deinitP18_machine_i2s_obj_t
                0x0000000010000a4c       0x94 CMakeFiles/main.dir/main.cpp.obj
 .text._ZL18machine_i2s_deinitP18_machine_i2s_obj_t
                0x0000000010000ae0       0x2a CMakeFiles/main.dir/main.cpp.obj
 *fill*         0x0000000010000b0a        0x2 
 .text._ZL13dma_configureP18_machine_i2s_obj_t
                0x0000000010000b0c      0x270 CMakeFiles/main.dir/main.cpp.obj
 .text._ZL23machine_i2s_init_helperP18_machine_i2s_obj_tjjj10i2s_mode_ta8format_tll
                0x0000000010000d7c       0xea CMakeFiles/main.dir/main.cpp.obj
 *fill*         0x0000000010000e66        0x2 
 .text._ZL20machine_i2s_make_newhjjj10i2s_mode_ta8format_tll
                0x0000000010000e68       0x8c CMakeFiles/main.dir/main.cpp.obj
 .text._Z4initv
                0x0000000010000ef4       0x22 CMakeFiles/main.dir/main.cpp.obj
                0x0000000010000ef4                init()
 *fill*         0x0000000010000f16        0x2 
 .text.main     0x0000000010000f18      0x12c CMakeFiles/main.dir/main.cpp.obj
                0x0000000010000f18                main
 .text._Z15CreateWavHeaderPhi
                0x0000000010001044       0xaa CMakeFiles/main.dir/Wav.cpp.obj
                0x0000000010001044                CreateWavHeader(unsigned char*, int)
 *fill*         0x00000000100010ee        0x2 
 .text.gpio_set_function
                0x00000000100010f0       0x30 CMakeFiles/main.dir/home/ttb/raspberry-pi-pico/pico/pico-sdk/src/rp2_common/hardware_gpio/gpio.c.obj
                0x00000000100010f0                gpio_set_function
 .text.gpio_set_pulls
                0x0000000010001120       0x34 CMakeFiles/main.dir/home/ttb/raspberry-pi-pico/pico/pico-sdk/src/rp2_common/hardware_gpio/gpio.c.obj
                0x0000000010001120                gpio_set_pulls
 .text.gpio_init
                0x0000000010001154       0x16 CMakeFiles/main.dir/home/ttb/raspberry-pi-pico/pico/pico-sdk/src/rp2_common/hardware_gpio/gpio.c.obj
                0x0000000010001154                gpio_init
 *fill*         0x000000001000116a        0x2 
 .text.running_on_fpga
                0x000000001000116c       0x14 CMakeFiles/main.dir/home/ttb/raspberry-pi-pico/pico/pico-sdk/src/rp2_common/pico_platform/platform.c.obj
                0x000000001000116c                running_on_fpga
 .text.hw_claim_lock
                0x0000000010001180       0x18 CMakeFiles/main.dir/home/ttb/raspberry-pi-pico/pico/pico-sdk/src/rp2_common/hardware_claim/claim.c.obj
                0x0000000010001180                hw_claim_lock
 .text.hw_claim_unlock
                0x0000000010001198       0x14 CMakeFiles/main.dir/home/ttb/raspberry-pi-pico/pico/pico-sdk/src/rp2_common/hardware_claim/claim.c.obj
                0x0000000010001198                hw_claim_unlock
 .text.hw_is_claimed
                0x00000000100011ac       0x16 CMakeFiles/main.dir/home/ttb/raspberry-pi-pico/pico/pico-sdk/src/rp2_common/hardware_claim/claim.c.obj
                0x00000000100011ac                hw_is_claimed
 .text.hw_claim_or_assert
                0x00000000100011c2       0x32 CMakeFiles/main.dir/home/ttb/raspberry-pi-pico/pico/pico-sdk/src/rp2_common/hardware_claim/claim.c.obj
                0x00000000100011c2                hw_claim_or_assert
 .text.hw_claim_unused_from_range
                0x00000000100011f4       0x50 CMakeFiles/main.dir/home/ttb/raspberry-pi-pico/pico/pico-sdk/src/rp2_common/hardware_claim/claim.c.obj
                0x00000000100011f4                hw_claim_unused_from_range
 .text.hw_claim_clear
                0x0000000010001244       0x40 CMakeFiles/main.dir/home/ttb/raspberry-pi-pico/pico/pico-sdk/src/rp2_common/hardware_claim/claim.c.obj
                0x0000000010001244                hw_claim_clear
 .text.spin_locks_reset
                0x0000000010001284       0x20 CMakeFiles/main.dir/home/ttb/raspberry-pi-pico/pico/pico-sdk/src/rp2_common/hardware_sync/sync.c.obj
                0x0000000010001284                spin_locks_reset
 .text.next_striped_spin_lock_num
                0x00000000100012a4       0x1c CMakeFiles/main.dir/home/ttb/raspberry-pi-pico/pico/pico-sdk/src/rp2_common/hardware_sync/sync.c.obj
                0x00000000100012a4                next_striped_spin_lock_num
 .text.set_raw_irq_handler_and_unlock
                0x00000000100012c0       0x28 CMakeFiles/main.dir/home/ttb/raspberry-pi-pico/pico/pico-sdk/src/rp2_common/hardware_irq/irq.c.obj
 .text.make_branch
                0x00000000100012e8       0x48 CMakeFiles/main.dir/home/ttb/raspberry-pi-pico/pico/pico-sdk/src/rp2_common/hardware_irq/irq.c.obj
 .text.insert_branch_and_link
                0x0000000010001330       0x40 CMakeFiles/main.dir/home/ttb/raspberry-pi-pico/pico/pico-sdk/src/rp2_common/hardware_irq/irq.c.obj
 .text.irq_is_enabled
                0x0000000010001370       0x18 CMakeFiles/main.dir/home/ttb/raspberry-pi-pico/pico/pico-sdk/src/rp2_common/hardware_irq/irq.c.obj
                0x0000000010001370                irq_is_enabled
 .text.irq_set_mask_enabled
                0x0000000010001388       0x20 CMakeFiles/main.dir/home/ttb/raspberry-pi-pico/pico/pico-sdk/src/rp2_common/hardware_irq/irq.c.obj
                0x0000000010001388                irq_set_mask_enabled
 .text.irq_set_enabled
                0x00000000100013a8        0xe CMakeFiles/main.dir/home/ttb/raspberry-pi-pico/pico/pico-sdk/src/rp2_common/hardware_irq/irq.c.obj
                0x00000000100013a8                irq_set_enabled
 *fill*         0x00000000100013b6        0x2 
 .text.irq_get_vtable_handler
                0x00000000100013b8       0x10 CMakeFiles/main.dir/home/ttb/raspberry-pi-pico/pico/pico-sdk/src/rp2_common/hardware_irq/irq.c.obj
                0x00000000100013b8                irq_get_vtable_handler
 .text.irq_set_exclusive_handler
                0x00000000100013c8       0x54 CMakeFiles/main.dir/home/ttb/raspberry-pi-pico/pico/pico-sdk/src/rp2_common/hardware_irq/irq.c.obj
                0x00000000100013c8                irq_set_exclusive_handler
 .text.irq_remove_handler
                0x000000001000141c      0x1ac CMakeFiles/main.dir/home/ttb/raspberry-pi-pico/pico/pico-sdk/src/rp2_common/hardware_irq/irq.c.obj
                0x000000001000141c                irq_remove_handler
 .text.irq_add_tail_to_free_list
                0x00000000100015c8       0xf0 CMakeFiles/main.dir/home/ttb/raspberry-pi-pico/pico/pico-sdk/src/rp2_common/hardware_irq/irq.c.obj
                0x00000000100015c8                irq_add_tail_to_free_list
 .text.irq_init_priorities
                0x00000000100016b8       0x1c CMakeFiles/main.dir/home/ttb/raspberry-pi-pico/pico/pico-sdk/src/rp2_common/hardware_irq/irq.c.obj
                0x00000000100016b8                irq_init_priorities
 .text.lock_init
                0x00000000100016d4       0x10 CMakeFiles/main.dir/home/ttb/raspberry-pi-pico/pico/pico-sdk/src/common/pico_sync/lock_core.c.obj
                0x00000000100016d4                lock_init
 .text.mutex_init
                0x00000000100016e4       0x1a CMakeFiles/main.dir/home/ttb/raspberry-pi-pico/pico/pico-sdk/src/common/pico_sync/mutex.c.obj
                0x00000000100016e4                mutex_init
 .text.recursive_mutex_init
                0x00000000100016fe       0x1e CMakeFiles/main.dir/home/ttb/raspberry-pi-pico/pico/pico-sdk/src/common/pico_sync/mutex.c.obj
                0x00000000100016fe                recursive_mutex_init
 .text.alarm_pool_post_alloc_init
                0x000000001000171c       0x40 CMakeFiles/main.dir/home/ttb/raspberry-pi-pico/pico/pico-sdk/src/common/pico_time/time.c.obj
 .text.sleep_until_callback
                0x000000001000175c       0x30 CMakeFiles/main.dir/home/ttb/raspberry-pi-pico/pico/pico-sdk/src/common/pico_time/time.c.obj
 .text.timer_pool_entry_comparator
                0x000000001000178c       0x7c CMakeFiles/main.dir/home/ttb/raspberry-pi-pico/pico/pico-sdk/src/common/pico_time/time.c.obj
                0x000000001000178c                timer_pool_entry_comparator
 .text.ph_add_child_node
                0x0000000010001808       0xa4 CMakeFiles/main.dir/home/ttb/raspberry-pi-pico/pico/pico-sdk/src/common/pico_time/time.c.obj
 .text.ph_merge_nodes
                0x00000000100018ac       0x3e CMakeFiles/main.dir/home/ttb/raspberry-pi-pico/pico/pico-sdk/src/common/pico_time/time.c.obj
 *fill*         0x00000000100018ea        0x2 
 .text.add_alarm_under_lock
                0x00000000100018ec      0x174 CMakeFiles/main.dir/home/ttb/raspberry-pi-pico/pico/pico-sdk/src/common/pico_time/time.c.obj
 .text.alarm_pool_alarm_callback
                0x0000000010001a60      0x33c CMakeFiles/main.dir/home/ttb/raspberry-pi-pico/pico/pico-sdk/src/common/pico_time/time.c.obj
 .text.alarm_pool_init_default
                0x0000000010001d9c       0x40 CMakeFiles/main.dir/home/ttb/raspberry-pi-pico/pico/pico-sdk/src/common/pico_time/time.c.obj
                0x0000000010001d9c                alarm_pool_init_default
 .text.alarm_pool_get_default
                0x0000000010001ddc       0x2c CMakeFiles/main.dir/home/ttb/raspberry-pi-pico/pico/pico-sdk/src/common/pico_time/time.c.obj
                0x0000000010001ddc                alarm_pool_get_default
 .text.alarm_pool_add_alarm_at
                0x0000000010001e08      0x168 CMakeFiles/main.dir/home/ttb/raspberry-pi-pico/pico/pico-sdk/src/common/pico_time/time.c.obj
                0x0000000010001e08                alarm_pool_add_alarm_at
 .text.alarm_pool_cancel_alarm
                0x0000000010001f70       0xf8 CMakeFiles/main.dir/home/ttb/raspberry-pi-pico/pico/pico-sdk/src/common/pico_time/time.c.obj
                0x0000000010001f70                alarm_pool_cancel_alarm
 .text.sleep_until
                0x0000000010002068       0xfc CMakeFiles/main.dir/home/ttb/raspberry-pi-pico/pico/pico-sdk/src/common/pico_time/time.c.obj
                0x0000000010002068                sleep_until
 .text.sleep_us
                0x0000000010002164       0x58 CMakeFiles/main.dir/home/ttb/raspberry-pi-pico/pico/pico-sdk/src/common/pico_time/time.c.obj
                0x0000000010002164                sleep_us
 .text.sleep_ms
                0x00000000100021bc       0x14 CMakeFiles/main.dir/home/ttb/raspberry-pi-pico/pico/pico-sdk/src/common/pico_time/time.c.obj
                0x00000000100021bc                sleep_ms
 .text.best_effort_wfe_or_timeout
                0x00000000100021d0       0xac CMakeFiles/main.dir/home/ttb/raspberry-pi-pico/pico/pico-sdk/src/common/pico_time/time.c.obj
                0x00000000100021d0                best_effort_wfe_or_timeout
 .text.hardware_alarm_irq_handler
                0x000000001000227c       0x90 CMakeFiles/main.dir/home/ttb/raspberry-pi-pico/pico/pico-sdk/src/rp2_common/hardware_timer/timer.c.obj
 .text.hardware_alarm_claim
                0x000000001000230c       0x18 CMakeFiles/main.dir/home/ttb/raspberry-pi-pico/pico/pico-sdk/src/rp2_common/hardware_timer/timer.c.obj
                0x000000001000230c                hardware_alarm_claim
 .text.time_us_64
                0x0000000010002324       0x18 CMakeFiles/main.dir/home/ttb/raspberry-pi-pico/pico/pico-sdk/src/rp2_common/hardware_timer/timer.c.obj
                0x0000000010002324                time_us_64
 .text.busy_wait_until
                0x000000001000233c       0x28 CMakeFiles/main.dir/home/ttb/raspberry-pi-pico/pico/pico-sdk/src/rp2_common/hardware_timer/timer.c.obj
                0x000000001000233c                busy_wait_until
 .text.busy_wait_us
                0x0000000010002364       0x48 CMakeFiles/main.dir/home/ttb/raspberry-pi-pico/pico/pico-sdk/src/rp2_common/hardware_timer/timer.c.obj
                0x0000000010002364                busy_wait_us
 .text.hardware_alarm_set_callback
                0x00000000100023ac       0x90 CMakeFiles/main.dir/home/ttb/raspberry-pi-pico/pico/pico-sdk/src/rp2_common/hardware_timer/timer.c.obj
                0x00000000100023ac                hardware_alarm_set_callback
 .text.hardware_alarm_set_target
                0x000000001000243c       0xe8 CMakeFiles/main.dir/home/ttb/raspberry-pi-pico/pico/pico-sdk/src/rp2_common/hardware_timer/timer.c.obj
                0x000000001000243c                hardware_alarm_set_target
 .text.hardware_alarm_cancel
                0x0000000010002524       0x40 CMakeFiles/main.dir/home/ttb/raspberry-pi-pico/pico/pico-sdk/src/rp2_common/hardware_timer/timer.c.obj
                0x0000000010002524                hardware_alarm_cancel
 .text.ph_add_child_node
                0x0000000010002564       0xa4 CMakeFiles/main.dir/home/ttb/raspberry-pi-pico/pico/pico-sdk/src/common/pico_util/pheap.c.obj
 .text.ph_merge_nodes
                0x0000000010002608       0x3e CMakeFiles/main.dir/home/ttb/raspberry-pi-pico/pico/pico-sdk/src/common/pico_util/pheap.c.obj
 *fill*         0x0000000010002646        0x2 
 .text.ph_clear
                0x0000000010002648       0x70 CMakeFiles/main.dir/home/ttb/raspberry-pi-pico/pico/pico-sdk/src/common/pico_util/pheap.c.obj
                0x0000000010002648                ph_clear
 .text.ph_post_alloc_init
                0x00000000100026b8        0xe CMakeFiles/main.dir/home/ttb/raspberry-pi-pico/pico/pico-sdk/src/common/pico_util/pheap.c.obj
                0x00000000100026b8                ph_post_alloc_init
 *fill*         0x00000000100026c6        0x2 
 .text.ph_merge_two_pass
                0x00000000100026c8       0xa8 CMakeFiles/main.dir/home/ttb/raspberry-pi-pico/pico/pico-sdk/src/common/pico_util/pheap.c.obj
                0x00000000100026c8                ph_merge_two_pass
 .text.ph_remove_any_head
                0x0000000010002770      0x128 CMakeFiles/main.dir/home/ttb/raspberry-pi-pico/pico/pico-sdk/src/common/pico_util/pheap.c.obj
 .text.ph_remove_head
                0x0000000010002898       0x14 CMakeFiles/main.dir/home/ttb/raspberry-pi-pico/pico/pico-sdk/src/common/pico_util/pheap.c.obj
                0x0000000010002898                ph_remove_head
 .text.ph_remove_and_free_node
                0x00000000100028ac       0xf8 CMakeFiles/main.dir/home/ttb/raspberry-pi-pico/pico/pico-sdk/src/common/pico_util/pheap.c.obj
                0x00000000100028ac                ph_remove_and_free_node
 .text.uart_disable_before_lcr_write
                0x00000000100029a4       0x48 CMakeFiles/main.dir/home/ttb/raspberry-pi-pico/pico/pico-sdk/src/rp2_common/hardware_uart/uart.c.obj
 .text.uart_write_lcr_bits_masked
                0x00000000100029ec       0x22 CMakeFiles/main.dir/home/ttb/raspberry-pi-pico/pico/pico-sdk/src/rp2_common/hardware_uart/uart.c.obj
 *fill*         0x0000000010002a0e        0x2 
 .text.uart_set_baudrate
                0x0000000010002a10       0x5c CMakeFiles/main.dir/home/ttb/raspberry-pi-pico/pico/pico-sdk/src/rp2_common/hardware_uart/uart.c.obj
                0x0000000010002a10                uart_set_baudrate
 .text.uart_set_format
                0x0000000010002a6c       0x2c CMakeFiles/main.dir/home/ttb/raspberry-pi-pico/pico/pico-sdk/src/rp2_common/hardware_uart/uart.c.obj
                0x0000000010002a6c                uart_set_format
 .text.uart_set_translate_crlf
                0x0000000010002a98       0x28 CMakeFiles/main.dir/home/ttb/raspberry-pi-pico/pico/pico-sdk/src/rp2_common/hardware_uart/uart.c.obj
                0x0000000010002a98                uart_set_translate_crlf
 .text.uart_init
                0x0000000010002ac0       0x80 CMakeFiles/main.dir/home/ttb/raspberry-pi-pico/pico/pico-sdk/src/rp2_common/hardware_uart/uart.c.obj
                0x0000000010002ac0                uart_init
 .text.clock_configure
                0x0000000010002b40      0x108 CMakeFiles/main.dir/home/ttb/raspberry-pi-pico/pico/pico-sdk/src/rp2_common/hardware_clocks/clocks.c.obj
                0x0000000010002b40                clock_configure
 .text.clocks_init
                0x0000000010002c48      0x100 CMakeFiles/main.dir/home/ttb/raspberry-pi-pico/pico/pico-sdk/src/rp2_common/hardware_clocks/clocks.c.obj
                0x0000000010002c48                clocks_init
 .text.clock_get_hz
                0x0000000010002d48        0xc CMakeFiles/main.dir/home/ttb/raspberry-pi-pico/pico/pico-sdk/src/rp2_common/hardware_clocks/clocks.c.obj
                0x0000000010002d48                clock_get_hz
 .text.pll_init
                0x0000000010002d54      0x120 CMakeFiles/main.dir/home/ttb/raspberry-pi-pico/pico/pico-sdk/src/rp2_common/hardware_pll/pll.c.obj
                0x0000000010002d54                pll_init
 .text.watchdog_start_tick
                0x0000000010002e74       0x10 CMakeFiles/main.dir/home/ttb/raspberry-pi-pico/pico/pico-sdk/src/rp2_common/hardware_watchdog/watchdog.c.obj
                0x0000000010002e74                watchdog_start_tick
 .text.xosc_init
                0x0000000010002e84       0x28 CMakeFiles/main.dir/home/ttb/raspberry-pi-pico/pico/pico-sdk/src/rp2_common/hardware_xosc/xosc.c.obj
                0x0000000010002e84                xosc_init
 .text._exit    0x0000000010002eac        0x4 CMakeFiles/main.dir/home/ttb/raspberry-pi-pico/pico/pico-sdk/src/rp2_common/pico_runtime/runtime.c.obj
                0x0000000010002eac                _exit
 .text._sbrk    0x0000000010002eb0       0x38 CMakeFiles/main.dir/home/ttb/raspberry-pi-pico/pico/pico-sdk/src/rp2_common/pico_runtime/runtime.c.obj
                0x0000000010002eb0                _sbrk
 .text.exit     0x0000000010002ee8        0x6 CMakeFiles/main.dir/home/ttb/raspberry-pi-pico/pico/pico-sdk/src/rp2_common/pico_runtime/runtime.c.obj
                0x0000000010002ee8                exit
 *fill*         0x0000000010002eee        0x2 
 .text.__assert_func
                0x0000000010002ef0       0x3c CMakeFiles/main.dir/home/ttb/raspberry-pi-pico/pico/pico-sdk/src/rp2_common/pico_runtime/runtime.c.obj
                0x0000000010002ef0                __assert_func
 .text.runtime_init
                0x0000000010002f2c       0xf8 CMakeFiles/main.dir/home/ttb/raspberry-pi-pico/pico/pico-sdk/src/rp2_common/pico_runtime/runtime.c.obj
                0x0000000010002f2c                runtime_init
 .text.panic    0x0000000010003024       0x30 CMakeFiles/main.dir/home/ttb/raspberry-pi-pico/pico/pico-sdk/src/rp2_common/pico_runtime/runtime.c.obj
                0x0000000010003024                panic
 .text._out_null
                0x0000000010003054        0x2 CMakeFiles/main.dir/home/ttb/raspberry-pi-pico/pico/pico-sdk/src/rp2_common/pico_printf/printf.c.obj
 .text._out_fct
                0x0000000010003056        0xe CMakeFiles/main.dir/home/ttb/raspberry-pi-pico/pico/pico-sdk/src/rp2_common/pico_printf/printf.c.obj
 .text._atoi    0x0000000010003064       0x24 CMakeFiles/main.dir/home/ttb/raspberry-pi-pico/pico/pico-sdk/src/rp2_common/pico_printf/printf.c.obj
 .text._out_rev
                0x0000000010003088       0xae CMakeFiles/main.dir/home/ttb/raspberry-pi-pico/pico/pico-sdk/src/rp2_common/pico_printf/printf.c.obj
 .text._ntoa_format
                0x0000000010003136      0x112 CMakeFiles/main.dir/home/ttb/raspberry-pi-pico/pico/pico-sdk/src/rp2_common/pico_printf/printf.c.obj
 .text._ntoa_long
                0x0000000010003248       0xbc CMakeFiles/main.dir/home/ttb/raspberry-pi-pico/pico/pico-sdk/src/rp2_common/pico_printf/printf.c.obj
 .text._ntoa_long_long
                0x0000000010003304       0xe2 CMakeFiles/main.dir/home/ttb/raspberry-pi-pico/pico/pico-sdk/src/rp2_common/pico_printf/printf.c.obj
 *fill*         0x00000000100033e6        0x2 
 .text._etoa    0x00000000100033e8      0x414 CMakeFiles/main.dir/home/ttb/raspberry-pi-pico/pico/pico-sdk/src/rp2_common/pico_printf/printf.c.obj
 .text._ftoa    0x00000000100037fc      0x354 CMakeFiles/main.dir/home/ttb/raspberry-pi-pico/pico/pico-sdk/src/rp2_common/pico_printf/printf.c.obj
 .text._vsnprintf
                0x0000000010003b50      0x624 CMakeFiles/main.dir/home/ttb/raspberry-pi-pico/pico/pico-sdk/src/rp2_common/pico_printf/printf.c.obj
 .text.vfctprintf
                0x0000000010004174       0x20 CMakeFiles/main.dir/home/ttb/raspberry-pi-pico/pico/pico-sdk/src/rp2_common/pico_printf/printf.c.obj
                0x0000000010004174                vfctprintf
 .text          0x0000000010004194       0x10 CMakeFiles/main.dir/home/ttb/raspberry-pi-pico/pico/pico-sdk/src/rp2_common/pico_bit_ops/bit_ops_aeabi.S.obj
 .text.ctzsi    0x00000000100041a4        0xc CMakeFiles/main.dir/home/ttb/raspberry-pi-pico/pico/pico-sdk/src/rp2_common/pico_bit_ops/bit_ops_aeabi.S.obj
                0x00000000100041a4                __wrap___ctzsi2
 .text.rom_func_lookup
                0x00000000100041b0       0x10 CMakeFiles/main.dir/home/ttb/raspberry-pi-pico/pico/pico-sdk/src/rp2_common/pico_bootrom/bootrom.c.obj
                0x00000000100041b0                rom_func_lookup
 .text.rom_data_lookup
                0x00000000100041c0       0x10 CMakeFiles/main.dir/home/ttb/raspberry-pi-pico/pico/pico-sdk/src/rp2_common/pico_bootrom/bootrom.c.obj
                0x00000000100041c0                rom_data_lookup
 .text.rom_funcs_lookup
                0x00000000100041d0       0x36 CMakeFiles/main.dir/home/ttb/raspberry-pi-pico/pico/pico-sdk/src/rp2_common/pico_bootrom/bootrom.c.obj
                0x00000000100041d0                rom_funcs_lookup
 *fill*         0x0000000010004206        0x2 
 .text.__wrap___aeabi_idiv
                0x0000000010004208       0x50 CMakeFiles/main.dir/home/ttb/raspberry-pi-pico/pico/pico-sdk/src/rp2_common/pico_divider/divider.S.obj
                0x0000000010004208                __wrap___aeabi_idivmod
                0x0000000010004208                divmod_s32s32
                0x0000000010004208                div_s32s32
                0x0000000010004208                __wrap___aeabi_idiv
                0x0000000010004210                divmod_s32s32_unsafe
                0x000000001000423c                divmod_s32s32_savestate
 .text.__wrap___aeabi_uidiv
                0x0000000010004258       0x4c CMakeFiles/main.dir/home/ttb/raspberry-pi-pico/pico/pico-sdk/src/rp2_common/pico_divider/divider.S.obj
                0x0000000010004258                __wrap___aeabi_uidiv
                0x0000000010004258                __wrap___aeabi_uidivmod
                0x0000000010004258                div_u32u32
                0x0000000010004258                divmod_u32u32
                0x0000000010004260                divmod_u32u32_unsafe
                0x0000000010004288                divmod_u32u32_savestate
 .text.__wrap___aeabi_ldiv
                0x00000000100042a4      0x424 CMakeFiles/main.dir/home/ttb/raspberry-pi-pico/pico/pico-sdk/src/rp2_common/pico_divider/divider.S.obj
                0x00000000100042a4                div_s64s64
                0x00000000100042a4                divmod_s64s64
                0x00000000100042a4                __wrap___aeabi_ldivmod
                0x00000000100042d4                div_u64u64
                0x00000000100042d4                divmod_u64u64
                0x00000000100042d4                __wrap___aeabi_uldivmod
                0x00000000100042e4                divmod_u64u64_savestate
                0x0000000010004304                divmod_s64s64_unsafe
                0x000000001000438c                divmod_u64u64_unsafe
 .text.__wrap___aeabi_darithmetic
                0x00000000100046c8       0x80 CMakeFiles/main.dir/home/ttb/raspberry-pi-pico/pico/pico-sdk/src/rp2_common/pico_double/double_aeabi.S.obj
                0x00000000100046c8                __wrap___aeabi_drsub
                0x00000000100046ce                __wrap___aeabi_dsub
                0x00000000100046e0                __wrap___aeabi_dadd
                0x00000000100046f2                __wrap___aeabi_ddiv
                0x000000001000472e                __wrap___aeabi_dmul
 .text.__wrap___aeabi_cdcmple
                0x0000000010004748       0x6c CMakeFiles/main.dir/home/ttb/raspberry-pi-pico/pico/pico-sdk/src/rp2_common/pico_double/double_aeabi.S.obj
                0x0000000010004748                __wrap___aeabi_cdrcmple
                0x0000000010004758                __wrap___aeabi_cdcmple
                0x0000000010004758                __wrap___aeabi_cdcmpeq
 .text.__wrap___aeabi_dcmplt
                0x00000000100047b4        0xc CMakeFiles/main.dir/home/ttb/raspberry-pi-pico/pico/pico-sdk/src/rp2_common/pico_double/double_aeabi.S.obj
                0x00000000100047b4                __wrap___aeabi_dcmplt
 .text.__wrap___aeabi_dcmple
                0x00000000100047c0       0x10 CMakeFiles/main.dir/home/ttb/raspberry-pi-pico/pico/pico-sdk/src/rp2_common/pico_double/double_aeabi.S.obj
                0x00000000100047c0                __wrap___aeabi_dcmple
 .text.__wrap___aeabi_dcmpge
                0x00000000100047d0       0x10 CMakeFiles/main.dir/home/ttb/raspberry-pi-pico/pico/pico-sdk/src/rp2_common/pico_double/double_aeabi.S.obj
                0x00000000100047d0                __wrap___aeabi_dcmpge
 .text.__wrap___aeabi_dcmpgt
                0x00000000100047e0        0xa CMakeFiles/main.dir/home/ttb/raspberry-pi-pico/pico/pico-sdk/src/rp2_common/pico_double/double_aeabi.S.obj
                0x00000000100047e0                __wrap___aeabi_dcmpgt
 .text.__wrap___aeabi_dcmpun
                0x00000000100047ea       0x1c CMakeFiles/main.dir/home/ttb/raspberry-pi-pico/pico/pico-sdk/src/rp2_common/pico_double/double_aeabi.S.obj
                0x00000000100047ea                __wrap___aeabi_dcmpun
 *fill*         0x0000000010004806        0x2 
 .text.__wrap___aeabi_i2d
                0x0000000010004808       0x38 CMakeFiles/main.dir/home/ttb/raspberry-pi-pico/pico/pico-sdk/src/rp2_common/pico_double/double_aeabi.S.obj
                0x0000000010004808                __wrap___aeabi_ui2d
                0x0000000010004810                __wrap___aeabi_i2d
 .text.__wrap___aeabi_d2iz
                0x0000000010004840       0x48 CMakeFiles/main.dir/home/ttb/raspberry-pi-pico/pico/pico-sdk/src/rp2_common/pico_double/double_aeabi.S.obj
                0x0000000010004840                __wrap___aeabi_d2iz
                0x0000000010004840                double2int_z
 .text.__wrap___aeabi_d2uiz
                0x0000000010004888       0x18 CMakeFiles/main.dir/home/ttb/raspberry-pi-pico/pico/pico-sdk/src/rp2_common/pico_double/double_aeabi.S.obj
                0x0000000010004888                double2uint
                0x0000000010004888                __wrap___aeabi_d2uiz
 .text.__aeabi_double_init
                0x00000000100048a0       0xc8 CMakeFiles/main.dir/home/ttb/raspberry-pi-pico/pico/pico-sdk/src/rp2_common/pico_double/double_init_rom.c.obj
                0x00000000100048a0                __aeabi_double_init
 .text.double_table_shim_on_use_helper
                0x0000000010004968       0x34 CMakeFiles/main.dir/home/ttb/raspberry-pi-pico/pico/pico-sdk/src/rp2_common/pico_double/double_v1_rom_shim.S.obj
                0x0000000010004968                double_table_shim_on_use_helper
 .text.__wrap___aeabi_dsub
                0x000000001000499c       0x10 CMakeFiles/main.dir/home/ttb/raspberry-pi-pico/pico/pico-sdk/src/rp2_common/pico_double/double_v1_rom_shim.S.obj
                0x000000001000499c                drsub_shim
                0x00000000100049a2                dsub_shim
 .text.dadd_shim
                0x00000000100049ac      0x15c CMakeFiles/main.dir/home/ttb/raspberry-pi-pico/pico/pico-sdk/src/rp2_common/pico_double/double_v1_rom_shim.S.obj
                0x00000000100049ac                dadd_shim
 .text.dmul_shim
                0x0000000010004b08      0x15c CMakeFiles/main.dir/home/ttb/raspberry-pi-pico/pico/pico-sdk/src/rp2_common/pico_double/double_v1_rom_shim.S.obj
                0x0000000010004b08                dmul_shim
 .text.ddiv_shim
                0x0000000010004c64      0x1b0 CMakeFiles/main.dir/home/ttb/raspberry-pi-pico/pico/pico-sdk/src/rp2_common/pico_double/double_v1_rom_shim.S.obj
                0x0000000010004c64                ddiv_shim
 .text.double2uint_shim
                0x0000000010004e14        0xe CMakeFiles/main.dir/home/ttb/raspberry-pi-pico/pico/pico-sdk/src/rp2_common/pico_double/double_v1_rom_shim.S.obj
                0x0000000010004e14                double2uint_shim
                0x0000000010004e16                double2ufix_shim
 *fill*         0x0000000010004e22        0x2 
 .text.double2uint64_shim
                0x0000000010004e24       0x70 CMakeFiles/main.dir/home/ttb/raspberry-pi-pico/pico/pico-sdk/src/rp2_common/pico_double/double_v1_rom_shim.S.obj
                0x0000000010004e24                double2uint64_shim
                0x0000000010004e26                double2ufix64_shim
                0x0000000010004e46                d2fix_a
 .text.dunpacks
                0x0000000010004e94       0x3c CMakeFiles/main.dir/home/ttb/raspberry-pi-pico/pico/pico-sdk/src/rp2_common/pico_double/double_v1_rom_shim.S.obj
                0x0000000010004e94                dunpacks
 .text.__aeabi_lmul
                0x0000000010004ed0       0x32 CMakeFiles/main.dir/home/ttb/raspberry-pi-pico/pico/pico-sdk/src/rp2_common/pico_int64_ops/pico_int64_ops_aeabi.S.obj
                0x0000000010004ed0                __wrap___aeabi_lmul
 *fill*         0x0000000010004f02        0x2 
 .text.__wrap___aeabi_farithmetic
                0x0000000010004f04       0x58 CMakeFiles/main.dir/home/ttb/raspberry-pi-pico/pico/pico-sdk/src/rp2_common/pico_float/float_aeabi.S.obj
                0x0000000010004f04                __wrap___aeabi_frsub
                0x0000000010004f0a                __wrap___aeabi_fsub
                0x0000000010004f14                __wrap___aeabi_fadd
                0x0000000010004f1e                __wrap___aeabi_fdiv
                0x0000000010004f4a                __wrap___aeabi_fmul
 .text.__wrap___aeabi_ui2f
                0x0000000010004f5c        0xa CMakeFiles/main.dir/home/ttb/raspberry-pi-pico/pico/pico-sdk/src/rp2_common/pico_float/float_aeabi.S.obj
                0x0000000010004f5c                __wrap___aeabi_ui2f
 *fill*         0x0000000010004f66        0x2 
 .text.__wrap___aeabi_i2f
                0x0000000010004f68       0x44 CMakeFiles/main.dir/home/ttb/raspberry-pi-pico/pico/pico-sdk/src/rp2_common/pico_float/float_aeabi.S.obj
                0x0000000010004f68                __wrap___aeabi_i2f
 .text.__wrap___aeabi_f2uiz
                0x0000000010004fac       0x10 CMakeFiles/main.dir/home/ttb/raspberry-pi-pico/pico/pico-sdk/src/rp2_common/pico_float/float_aeabi.S.obj
                0x0000000010004fac                __wrap___aeabi_f2uiz
 .text.__aeabi_float_init
                0x0000000010004fbc       0xfc CMakeFiles/main.dir/home/ttb/raspberry-pi-pico/pico/pico-sdk/src/rp2_common/pico_float/float_init_rom.c.obj
                0x0000000010004fbc                __aeabi_float_init
 .text.float_table_shim_on_use_helper
                0x00000000100050b8       0x34 CMakeFiles/main.dir/home/ttb/raspberry-pi-pico/pico/pico-sdk/src/rp2_common/pico_float/float_v1_rom_shim.S.obj
                0x00000000100050b8                float_table_shim_on_use_helper
 .text.__wrap_malloc
                0x00000000100050ec       0x3c CMakeFiles/main.dir/home/ttb/raspberry-pi-pico/pico/pico-sdk/src/rp2_common/pico_malloc/pico_malloc.c.obj
                0x00000000100050ec                __wrap_malloc
 .text.__wrap_free
                0x0000000010005128       0x20 CMakeFiles/main.dir/home/ttb/raspberry-pi-pico/pico/pico-sdk/src/rp2_common/pico_malloc/pico_malloc.c.obj
                0x0000000010005128                __wrap_free
 .text          0x0000000010005148       0x10 CMakeFiles/main.dir/home/ttb/raspberry-pi-pico/pico/pico-sdk/src/rp2_common/pico_mem_ops/mem_ops_aeabi.S.obj
                0x0000000010005148                __aeabi_mem_init
 .text.memset   0x0000000010005158        0xc CMakeFiles/main.dir/home/ttb/raspberry-pi-pico/pico/pico-sdk/src/rp2_common/pico_mem_ops/mem_ops_aeabi.S.obj
                0x0000000010005158                __wrap_memset
 .text.memcpy   0x0000000010005164        0xc CMakeFiles/main.dir/home/ttb/raspberry-pi-pico/pico/pico-sdk/src/rp2_common/pico_mem_ops/mem_ops_aeabi.S.obj
                0x0000000010005164                __wrap___aeabi_memcpy
                0x0000000010005164                __wrap_memcpy
 .text.stdio_out_chars_no_crlf
                0x0000000010005170        0xe CMakeFiles/main.dir/home/ttb/raspberry-pi-pico/pico/pico-sdk/src/rp2_common/pico_stdio/stdio.c.obj
 *fill*         0x000000001000517e        0x2 
 .text.stdio_out_chars_crlf
                0x0000000010005180       0x80 CMakeFiles/main.dir/home/ttb/raspberry-pi-pico/pico/pico-sdk/src/rp2_common/pico_stdio/stdio.c.obj
 .text.stdio_stack_buffer_flush
                0x0000000010005200       0x44 CMakeFiles/main.dir/home/ttb/raspberry-pi-pico/pico/pico-sdk/src/rp2_common/pico_stdio/stdio.c.obj
 .text.stdio_buffered_printer
                0x0000000010005244       0x20 CMakeFiles/main.dir/home/ttb/raspberry-pi-pico/pico/pico-sdk/src/rp2_common/pico_stdio/stdio.c.obj
 .text.stdout_serialize_begin
                0x0000000010005264       0x5c CMakeFiles/main.dir/home/ttb/raspberry-pi-pico/pico/pico-sdk/src/rp2_common/pico_stdio/stdio.c.obj
                0x0000000010005264                stdout_serialize_begin
 .text.stdout_serialize_end
                0x00000000100052c0       0x10 CMakeFiles/main.dir/home/ttb/raspberry-pi-pico/pico/pico-sdk/src/rp2_common/pico_stdio/stdio.c.obj
                0x00000000100052c0                stdout_serialize_end
 .text.stdio_put_string
                0x00000000100052d0       0x98 CMakeFiles/main.dir/home/ttb/raspberry-pi-pico/pico/pico-sdk/src/rp2_common/pico_stdio/stdio.c.obj
 .text.stdio_set_driver_enabled
                0x0000000010005368       0x2c CMakeFiles/main.dir/home/ttb/raspberry-pi-pico/pico/pico-sdk/src/rp2_common/pico_stdio/stdio.c.obj
                0x0000000010005368                stdio_set_driver_enabled
 .text.stdio_flush
                0x0000000010005394       0x20 CMakeFiles/main.dir/home/ttb/raspberry-pi-pico/pico/pico-sdk/src/rp2_common/pico_stdio/stdio.c.obj
                0x0000000010005394                stdio_flush
 .text.__wrap_puts
                0x00000000100053b4       0x1e CMakeFiles/main.dir/home/ttb/raspberry-pi-pico/pico/pico-sdk/src/rp2_common/pico_stdio/stdio.c.obj
                0x00000000100053b4                __wrap_puts
 *fill*         0x00000000100053d2        0x2 
 .text.__wrap_vprintf
                0x00000000100053d4       0x40 CMakeFiles/main.dir/home/ttb/raspberry-pi-pico/pico/pico-sdk/src/rp2_common/pico_stdio/stdio.c.obj
                0x00000000100053d4                __wrap_vprintf
 .text.__wrap_printf
                0x0000000010005414       0x18 CMakeFiles/main.dir/home/ttb/raspberry-pi-pico/pico/pico-sdk/src/rp2_common/pico_stdio/stdio.c.obj
                0x0000000010005414                __wrap_printf
 .text.stdio_init_all
                0x000000001000542c        0xa CMakeFiles/main.dir/home/ttb/raspberry-pi-pico/pico/pico-sdk/src/rp2_common/pico_stdio/stdio.c.obj
                0x000000001000542c                stdio_init_all
 *fill*         0x0000000010005436        0x2 
 .text.stdio_uart_out_chars
                0x0000000010005438       0x74 CMakeFiles/main.dir/home/ttb/raspberry-pi-pico/pico/pico-sdk/src/rp2_common/pico_stdio_uart/stdio_uart.c.obj
 .text.stdio_uart_in_chars
                0x00000000100054ac       0x80 CMakeFiles/main.dir/home/ttb/raspberry-pi-pico/pico/pico-sdk/src/rp2_common/pico_stdio_uart/stdio_uart.c.obj
                0x00000000100054ac                stdio_uart_in_chars
 .text.on_uart_rx
                0x000000001000552c       0x28 CMakeFiles/main.dir/home/ttb/raspberry-pi-pico/pico/pico-sdk/src/rp2_common/pico_stdio_uart/stdio_uart.c.obj
 .text.stdio_uart_set_chars_available_callback
                0x0000000010005554       0x8c CMakeFiles/main.dir/home/ttb/raspberry-pi-pico/pico/pico-sdk/src/rp2_common/pico_stdio_uart/stdio_uart.c.obj
 .text.stdio_uart_init_full
                0x00000000100055e0       0x44 CMakeFiles/main.dir/home/ttb/raspberry-pi-pico/pico/pico-sdk/src/rp2_common/pico_stdio_uart/stdio_uart.c.obj
                0x00000000100055e0                stdio_uart_init_full
 .text.stdio_uart_init
                0x0000000010005624       0x28 CMakeFiles/main.dir/home/ttb/raspberry-pi-pico/pico/pico-sdk/src/rp2_common/pico_stdio_uart/stdio_uart.c.obj
                0x0000000010005624                stdio_uart_init
 .text._pio_can_add_program_at_offset
                0x000000001000564c       0x3c CMakeFiles/main.dir/home/ttb/raspberry-pi-pico/pico/pico-sdk/src/rp2_common/hardware_pio/pio.c.obj
 .text._pio_find_offset_for_program
                0x0000000010005688       0x7c CMakeFiles/main.dir/home/ttb/raspberry-pi-pico/pico/pico-sdk/src/rp2_common/hardware_pio/pio.c.obj
 .text._pio_add_program_at_offset
                0x0000000010005704       0x78 CMakeFiles/main.dir/home/ttb/raspberry-pi-pico/pico/pico-sdk/src/rp2_common/hardware_pio/pio.c.obj
 .text.pio_sm_unclaim
                0x000000001000577c       0x20 CMakeFiles/main.dir/home/ttb/raspberry-pi-pico/pico/pico-sdk/src/rp2_common/hardware_pio/pio.c.obj
                0x000000001000577c                pio_sm_unclaim
 .text.pio_claim_unused_sm
                0x000000001000579c       0x3c CMakeFiles/main.dir/home/ttb/raspberry-pi-pico/pico/pico-sdk/src/rp2_common/hardware_pio/pio.c.obj
                0x000000001000579c                pio_claim_unused_sm
 .text.pio_sm_is_claimed
                0x00000000100057d8       0x20 CMakeFiles/main.dir/home/ttb/raspberry-pi-pico/pico/pico-sdk/src/rp2_common/hardware_pio/pio.c.obj
                0x00000000100057d8                pio_sm_is_claimed
 .text.pio_can_add_program
                0x00000000100057f8       0x26 CMakeFiles/main.dir/home/ttb/raspberry-pi-pico/pico/pico-sdk/src/rp2_common/hardware_pio/pio.c.obj
                0x00000000100057f8                pio_can_add_program
 *fill*         0x000000001000581e        0x2 
 .text.pio_add_program
                0x0000000010005820       0x38 CMakeFiles/main.dir/home/ttb/raspberry-pi-pico/pico/pico-sdk/src/rp2_common/hardware_pio/pio.c.obj
                0x0000000010005820                pio_add_program
 .text.pio_remove_program
                0x0000000010005858       0x58 CMakeFiles/main.dir/home/ttb/raspberry-pi-pico/pico/pico-sdk/src/rp2_common/hardware_pio/pio.c.obj
                0x0000000010005858                pio_remove_program
 .text.pio_sm_set_pins_with_mask
                0x00000000100058b0       0x9a CMakeFiles/main.dir/home/ttb/raspberry-pi-pico/pico/pico-sdk/src/rp2_common/hardware_pio/pio.c.obj
                0x00000000100058b0                pio_sm_set_pins_with_mask
 *fill*         0x000000001000594a        0x2 
 .text.pio_sm_set_pindirs_with_mask
                0x000000001000594c       0x9c CMakeFiles/main.dir/home/ttb/raspberry-pi-pico/pico/pico-sdk/src/rp2_common/hardware_pio/pio.c.obj
                0x000000001000594c                pio_sm_set_pindirs_with_mask
 .text.pio_sm_init
                0x00000000100059e8       0xe4 CMakeFiles/main.dir/home/ttb/raspberry-pi-pico/pico/pico-sdk/src/rp2_common/hardware_pio/pio.c.obj
                0x00000000100059e8                pio_sm_init
 .text.dma_channel_unclaim
                0x0000000010005acc       0x10 CMakeFiles/main.dir/home/ttb/raspberry-pi-pico/pico/pico-sdk/src/rp2_common/hardware_dma/dma.c.obj
                0x0000000010005acc                dma_channel_unclaim
 .text.dma_claim_unused_channel
                0x0000000010005adc       0x20 CMakeFiles/main.dir/home/ttb/raspberry-pi-pico/pico/pico-sdk/src/rp2_common/hardware_dma/dma.c.obj
                0x0000000010005adc                dma_claim_unused_channel
 .text.dma_channel_is_claimed
                0x0000000010005afc       0x10 CMakeFiles/main.dir/home/ttb/raspberry-pi-pico/pico/pico-sdk/src/rp2_common/hardware_dma/dma.c.obj
                0x0000000010005afc                dma_channel_is_claimed
 .text._retrieve_unique_id_on_boot
                0x0000000010005b0c       0x10 CMakeFiles/main.dir/home/ttb/raspberry-pi-pico/pico/pico-sdk/src/rp2_common/pico_unique_id/unique_id.c.obj
 .text.flash_get_unique_id
                0x0000000010005b1c       0x46 CMakeFiles/main.dir/home/ttb/raspberry-pi-pico/pico/pico-sdk/src/rp2_common/hardware_flash/flash.c.obj
                0x0000000010005b1c                flash_get_unique_id
 *fill*         0x0000000010005b62        0x2 
 .text          0x0000000010005b64       0x28 /usr/lib/gcc/arm-none-eabi/10.3.1/../../../arm-none-eabi/lib/thumb/v6-m/nofp/libg.a(lib_a-malloc.o)
                0x0000000010005b64                malloc
                0x0000000010005b78                free
 .text          0x0000000010005b8c      0x574 /usr/lib/gcc/arm-none-eabi/10.3.1/../../../arm-none-eabi/lib/thumb/v6-m/nofp/libg.a(lib_a-mallocr.o)
                0x0000000010005b8c                _malloc_r
 .text          0x0000000010006100        0x8 /usr/lib/gcc/arm-none-eabi/10.3.1/../../../arm-none-eabi/lib/thumb/v6-m/nofp/libg.a(lib_a-mlock.o)
                0x0000000010006100                __malloc_lock
                0x0000000010006104                __malloc_unlock
 .text          0x0000000010006108       0x24 /usr/lib/gcc/arm-none-eabi/10.3.1/../../../arm-none-eabi/lib/thumb/v6-m/nofp/libg.a(lib_a-sbrkr.o)
                0x0000000010006108                _sbrk_r
 .text          0x000000001000612c       0x5c /usr/lib/gcc/arm-none-eabi/10.3.1/../../../arm-none-eabi/lib/thumb/v6-m/nofp/libg.a(lib_a-strlen-stub.o)
                0x000000001000612c                strlen
 .text          0x0000000010006188      0x260 /usr/lib/gcc/arm-none-eabi/10.3.1/../../../arm-none-eabi/lib/thumb/v6-m/nofp/libg.a(lib_a-freer.o)
                0x0000000010006188                _malloc_trim_r
                0x0000000010006224                _free_r
 *(.fini)
 .fini          0x00000000100063e8        0x4 /usr/lib/gcc/arm-none-eabi/10.3.1/thumb/v6-m/nofp/crti.o
                0x00000000100063e8                _fini
 *fill*         0x00000000100063ec        0x4 
 .fini.__stub   0x00000000100063f0       0x60 linker stubs
 *crtbegin.o(.ctors)
 *crtbegin?.o(.ctors)
 *(EXCLUDE_FILE(*crtend.o *crtend?.o) .ctors)
 *(SORT_BY_NAME(.ctors.*))
 *(.ctors)
 *crtbegin.o(.dtors)
 *crtbegin?.o(.dtors)
 *(EXCLUDE_FILE(*crtend.o *crtend?.o) .dtors)
 *(SORT_BY_NAME(.dtors.*))
 *(.dtors)
 *(.eh_frame*)
 .eh_frame      0x0000000010006450        0x0 /usr/lib/gcc/arm-none-eabi/10.3.1/thumb/v6-m/nofp/crtbegin.o
                0x0000000010006450                . = ALIGN (0x4)

.glue_7         0x0000000010006450        0x0
 .glue_7        0x0000000010006450        0x0 linker stubs

.glue_7t        0x0000000010006450        0x0
 .glue_7t       0x0000000010006450        0x0 linker stubs

.vfp11_veneer   0x0000000010006450        0x0
 .vfp11_veneer  0x0000000010006450        0x0 linker stubs

.v4_bx          0x0000000010006450        0x0
 .v4_bx         0x0000000010006450        0x0 linker stubs

.iplt           0x0000000010006450        0x0
 .iplt          0x0000000010006450        0x0 /usr/lib/gcc/arm-none-eabi/10.3.1/thumb/v6-m/nofp/crtbegin.o

.rodata         0x0000000010006450     0x1608
 *(EXCLUDE_FILE(*libm.a: *libc.a:*lib_a-mem*.o *libgcc.a:) .rodata*)
 .rodata.channel_config_set_chain_to.str1.4
                0x0000000010006450       0xb9 CMakeFiles/main.dir/main.cpp.obj
 *fill*         0x0000000010006509        0x3 
 .rodata.channel_config_set_dreq.str1.4
                0x000000001000650c       0x4c CMakeFiles/main.dir/main.cpp.obj
 .rodata._ZL13dma_configureP18_machine_i2s_obj_t.str1.4
                0x0000000010006558       0x9f CMakeFiles/main.dir/main.cpp.obj
 *fill*         0x00000000100065f7        0x1 
 .rodata.main.str1.4
                0x00000000100065f8       0xa9 CMakeFiles/main.dir/main.cpp.obj
                                         0xad (size before relaxing)
 *fill*         0x00000000100066a1        0x3 
 .rodata._ZL11pio_read_32
                0x00000000100066a4        0x6 CMakeFiles/main.dir/main.cpp.obj
 *fill*         0x00000000100066aa        0x2 
 .rodata._ZL12pio_write_16
                0x00000000100066ac        0x6 CMakeFiles/main.dir/main.cpp.obj
 *fill*         0x00000000100066b2        0x2 
 .rodata._ZL12pio_write_32
                0x00000000100066b4        0x6 CMakeFiles/main.dir/main.cpp.obj
 *fill*         0x00000000100066ba        0x2 
 .rodata._ZL13i2s_frame_map
                0x00000000100066bc       0x20 CMakeFiles/main.dir/main.cpp.obj
 .rodata._ZL13pio_instances
                0x00000000100066dc        0x8 CMakeFiles/main.dir/main.cpp.obj
 .rodata._ZL24pio_instructions_read_32
                0x00000000100066e4       0x10 CMakeFiles/main.dir/main.cpp.obj
 .rodata._ZL25pio_instructions_write_16
                0x00000000100066f4       0x10 CMakeFiles/main.dir/main.cpp.obj
 .rodata._ZL25pio_instructions_write_32
                0x0000000010006704       0x10 CMakeFiles/main.dir/main.cpp.obj
 .rodata.hw_claim_clear.str1.4
                0x0000000010006714       0x70 CMakeFiles/main.dir/home/ttb/raspberry-pi-pico/pico/pico-sdk/src/rp2_common/hardware_claim/claim.c.obj
 .rodata.__func__.0
                0x0000000010006784        0xf CMakeFiles/main.dir/home/ttb/raspberry-pi-pico/pico/pico-sdk/src/rp2_common/hardware_claim/claim.c.obj
 *fill*         0x0000000010006793        0x1 
 .rodata.make_branch.str1.4
                0x0000000010006794       0x7c CMakeFiles/main.dir/home/ttb/raspberry-pi-pico/pico/pico-sdk/src/rp2_common/hardware_irq/irq.c.obj
 .rodata.insert_branch_and_link.str1.4
                0x0000000010006810       0x10 CMakeFiles/main.dir/home/ttb/raspberry-pi-pico/pico/pico-sdk/src/rp2_common/hardware_irq/irq.c.obj
 .rodata.irq_set_exclusive_handler.str1.4
                0x0000000010006820       0x36 CMakeFiles/main.dir/home/ttb/raspberry-pi-pico/pico/pico-sdk/src/rp2_common/hardware_irq/irq.c.obj
 *fill*         0x0000000010006856        0x2 
 .rodata.irq_add_shared_handler.str1.4
                0x0000000010006858       0xd9 CMakeFiles/main.dir/home/ttb/raspberry-pi-pico/pico/pico-sdk/src/rp2_common/hardware_irq/irq.c.obj
 *fill*         0x0000000010006931        0x3 
 .rodata.irq_remove_handler.str1.4
                0x0000000010006934       0x3a CMakeFiles/main.dir/home/ttb/raspberry-pi-pico/pico/pico-sdk/src/rp2_common/hardware_irq/irq.c.obj
 *fill*         0x000000001000696e        0x2 
 .rodata.irq_add_tail_to_free_list.str1.4
                0x0000000010006970       0x3a CMakeFiles/main.dir/home/ttb/raspberry-pi-pico/pico/pico-sdk/src/rp2_common/hardware_irq/irq.c.obj
 *fill*         0x00000000100069aa        0x2 
 .rodata.__func__.0
                0x00000000100069ac       0x1a CMakeFiles/main.dir/home/ttb/raspberry-pi-pico/pico/pico-sdk/src/rp2_common/hardware_irq/irq.c.obj
 *fill*         0x00000000100069c6        0x2 
 .rodata.__func__.1
                0x00000000100069c8       0x17 CMakeFiles/main.dir/home/ttb/raspberry-pi-pico/pico/pico-sdk/src/rp2_common/hardware_irq/irq.c.obj
 *fill*         0x00000000100069df        0x1 
 .rodata.__func__.2
                0x00000000100069e0       0x13 CMakeFiles/main.dir/home/ttb/raspberry-pi-pico/pico/pico-sdk/src/rp2_common/hardware_irq/irq.c.obj
 *fill*         0x00000000100069f3        0x1 
 .rodata.__func__.3
                0x00000000100069f4        0xc CMakeFiles/main.dir/home/ttb/raspberry-pi-pico/pico/pico-sdk/src/rp2_common/hardware_irq/irq.c.obj
 .rodata.__func__.4
                0x0000000010006a00        0xf CMakeFiles/main.dir/home/ttb/raspberry-pi-pico/pico/pico-sdk/src/rp2_common/hardware_irq/irq.c.obj
 *fill*         0x0000000010006a0f        0x1 
 .rodata.__func__.6
                0x0000000010006a10       0x1a CMakeFiles/main.dir/home/ttb/raspberry-pi-pico/pico/pico-sdk/src/rp2_common/hardware_irq/irq.c.obj
 *fill*         0x0000000010006a2a        0x2 
 .rodata.str1.4
                0x0000000010006a2c      0x109 CMakeFiles/main.dir/home/ttb/raspberry-pi-pico/pico/pico-sdk/src/common/pico_sync/mutex.c.obj
 *fill*         0x0000000010006b35        0x3 
 .rodata.__func__.1
                0x0000000010006b38        0xb CMakeFiles/main.dir/home/ttb/raspberry-pi-pico/pico/pico-sdk/src/common/pico_sync/mutex.c.obj
 *fill*         0x0000000010006b43        0x1 
 .rodata.__func__.3
                0x0000000010006b44       0x18 CMakeFiles/main.dir/home/ttb/raspberry-pi-pico/pico/pico-sdk/src/common/pico_sync/mutex.c.obj
 .rodata.repeating_timer_callback.str1.4
                0x0000000010006b5c       0x5a CMakeFiles/main.dir/home/ttb/raspberry-pi-pico/pico/pico-sdk/src/common/pico_time/time.c.obj
 *fill*         0x0000000010006bb6        0x2 
 .rodata.timer_pool_entry_comparator.str1.4
                0x0000000010006bb8       0x22 CMakeFiles/main.dir/home/ttb/raspberry-pi-pico/pico/pico-sdk/src/common/pico_time/time.c.obj
 *fill*         0x0000000010006bda        0x2 
 .rodata.ph_add_child_node.str1.4
                0x0000000010006bdc       0xa6 CMakeFiles/main.dir/home/ttb/raspberry-pi-pico/pico/pico-sdk/src/common/pico_time/time.c.obj
 *fill*         0x0000000010006c82        0x2 
 .rodata.add_alarm_under_lock.str1.4
                0x0000000010006c84       0x28 CMakeFiles/main.dir/home/ttb/raspberry-pi-pico/pico/pico-sdk/src/common/pico_time/time.c.obj
                                         0x2b (size before relaxing)
 .rodata.alarm_pool_alarm_callback.str1.4
                0x0000000010006cac       0x98 CMakeFiles/main.dir/home/ttb/raspberry-pi-pico/pico/pico-sdk/src/common/pico_time/time.c.obj
                                        0x108 (size before relaxing)
 .rodata.alarm_pool_get_default.str1.4
                0x0000000010006d44       0x21 CMakeFiles/main.dir/home/ttb/raspberry-pi-pico/pico/pico-sdk/src/common/pico_time/time.c.obj
 *fill*         0x0000000010006d65        0x3 
 .rodata.alarm_pool_cancel_alarm.str1.4
                0x0000000010006d68       0x27 CMakeFiles/main.dir/home/ttb/raspberry-pi-pico/pico/pico-sdk/src/common/pico_time/time.c.obj
 *fill*         0x0000000010006d8f        0x1 
 .rodata.sleep_until.str1.4
                0x0000000010006d90       0x4d CMakeFiles/main.dir/home/ttb/raspberry-pi-pico/pico/pico-sdk/src/common/pico_time/time.c.obj
 *fill*         0x0000000010006ddd        0x3 
 .rodata.__func__.1
                0x0000000010006de0       0x18 CMakeFiles/main.dir/home/ttb/raspberry-pi-pico/pico/pico-sdk/src/common/pico_time/time.c.obj
 .rodata.__func__.10
                0x0000000010006df8       0x15 CMakeFiles/main.dir/home/ttb/raspberry-pi-pico/pico/pico-sdk/src/common/pico_time/time.c.obj
 *fill*         0x0000000010006e0d        0x3 
 .rodata.__func__.11
                0x0000000010006e10       0x1a CMakeFiles/main.dir/home/ttb/raspberry-pi-pico/pico/pico-sdk/src/common/pico_time/time.c.obj
 *fill*         0x0000000010006e2a        0x2 
 .rodata.__func__.12
                0x0000000010006e2c        0xa CMakeFiles/main.dir/home/ttb/raspberry-pi-pico/pico/pico-sdk/src/common/pico_time/time.c.obj
 *fill*         0x0000000010006e36        0x2 
 .rodata.__func__.3
                0x0000000010006e38       0x17 CMakeFiles/main.dir/home/ttb/raspberry-pi-pico/pico/pico-sdk/src/common/pico_time/time.c.obj
 *fill*         0x0000000010006e4f        0x1 
 .rodata.__func__.4
                0x0000000010006e50       0x12 CMakeFiles/main.dir/home/ttb/raspberry-pi-pico/pico/pico-sdk/src/common/pico_time/time.c.obj
 *fill*         0x0000000010006e62        0x2 
 .rodata.__func__.5
                0x0000000010006e64        0xd CMakeFiles/main.dir/home/ttb/raspberry-pi-pico/pico/pico-sdk/src/common/pico_time/time.c.obj
 *fill*         0x0000000010006e71        0x3 
 .rodata.__func__.6
                0x0000000010006e74       0x12 CMakeFiles/main.dir/home/ttb/raspberry-pi-pico/pico/pico-sdk/src/common/pico_time/time.c.obj
 *fill*         0x0000000010006e86        0x2 
 .rodata.__func__.7
                0x0000000010006e88        0xf CMakeFiles/main.dir/home/ttb/raspberry-pi-pico/pico/pico-sdk/src/common/pico_time/time.c.obj
 *fill*         0x0000000010006e97        0x1 
 .rodata.__func__.8
                0x0000000010006e98        0xc CMakeFiles/main.dir/home/ttb/raspberry-pi-pico/pico/pico-sdk/src/common/pico_time/time.c.obj
 .rodata.__func__.9
                0x0000000010006ea4       0x15 CMakeFiles/main.dir/home/ttb/raspberry-pi-pico/pico/pico-sdk/src/common/pico_time/time.c.obj
 *fill*         0x0000000010006eb9        0x3 
 .rodata.hardware_alarm_claim.str1.4
                0x0000000010006ebc       0x22 CMakeFiles/main.dir/home/ttb/raspberry-pi-pico/pico/pico-sdk/src/rp2_common/hardware_timer/timer.c.obj
 .rodata.busy_wait_us.str1.4
                0x0000000010006ede       0x70 CMakeFiles/main.dir/home/ttb/raspberry-pi-pico/pico/pico-sdk/src/rp2_common/hardware_timer/timer.c.obj
 *fill*         0x0000000010006ede        0x2 
 .rodata.hardware_alarm_set_target.str1.4
                0x0000000010006ee0       0x74 CMakeFiles/main.dir/home/ttb/raspberry-pi-pico/pico/pico-sdk/src/rp2_common/hardware_timer/timer.c.obj
 .rodata.__func__.0
                0x0000000010006f54       0x1a CMakeFiles/main.dir/home/ttb/raspberry-pi-pico/pico/pico-sdk/src/rp2_common/hardware_timer/timer.c.obj
 *fill*         0x0000000010006f6e        0x2 
 .rodata.__func__.1
                0x0000000010006f70       0x15 CMakeFiles/main.dir/home/ttb/raspberry-pi-pico/pico/pico-sdk/src/rp2_common/hardware_timer/timer.c.obj
 .rodata.ph_add_child_node.str1.4
                0x0000000010006f85       0xa6 CMakeFiles/main.dir/home/ttb/raspberry-pi-pico/pico/pico-sdk/src/common/pico_util/pheap.c.obj
 *fill*         0x0000000010006f85        0x3 
 .rodata.ph_remove_any_head.str1.4
                0x0000000010006f88       0x9c CMakeFiles/main.dir/home/ttb/raspberry-pi-pico/pico/pico-sdk/src/common/pico_util/pheap.c.obj
                                         0xb0 (size before relaxing)
 .rodata.ph_remove_and_free_node.str1.4
                0x0000000010007024       0x1e CMakeFiles/main.dir/home/ttb/raspberry-pi-pico/pico/pico-sdk/src/common/pico_util/pheap.c.obj
                                         0x26 (size before relaxing)
 *fill*         0x0000000010007042        0x2 
 .rodata.__func__.0
                0x0000000010007044       0x18 CMakeFiles/main.dir/home/ttb/raspberry-pi-pico/pico/pico-sdk/src/common/pico_util/pheap.c.obj
 .rodata.__func__.1
                0x000000001000705c       0x13 CMakeFiles/main.dir/home/ttb/raspberry-pi-pico/pico/pico-sdk/src/common/pico_util/pheap.c.obj
 *fill*         0x000000001000706f        0x1 
 .rodata.__func__.2
                0x0000000010007070       0x12 CMakeFiles/main.dir/home/ttb/raspberry-pi-pico/pico/pico-sdk/src/common/pico_util/pheap.c.obj
 *fill*         0x0000000010007082        0x2 
 .rodata.__func__.3
                0x0000000010007084        0xc CMakeFiles/main.dir/home/ttb/raspberry-pi-pico/pico/pico-sdk/src/common/pico_util/pheap.c.obj
 .rodata.clock_configure.str1.4
                0x0000000010007090       0x66 CMakeFiles/main.dir/home/ttb/raspberry-pi-pico/pico/pico-sdk/src/rp2_common/hardware_clocks/clocks.c.obj
 *fill*         0x00000000100070f6        0x2 
 .rodata.__func__.1
                0x00000000100070f8       0x10 CMakeFiles/main.dir/home/ttb/raspberry-pi-pico/pico/pico-sdk/src/rp2_common/hardware_clocks/clocks.c.obj
 .rodata.pll_init.str1.4
                0x0000000010007108      0x130 CMakeFiles/main.dir/home/ttb/raspberry-pi-pico/pico/pico-sdk/src/rp2_common/hardware_pll/pll.c.obj
 .rodata.__func__.0
                0x0000000010007238        0x9 CMakeFiles/main.dir/home/ttb/raspberry-pi-pico/pico/pico-sdk/src/rp2_common/hardware_pll/pll.c.obj
 *fill*         0x0000000010007241        0x3 
 .rodata.__assert_func.str1.4
                0x0000000010007244       0x3f CMakeFiles/main.dir/home/ttb/raspberry-pi-pico/pico/pico-sdk/src/rp2_common/pico_runtime/runtime.c.obj
                                         0x43 (size before relaxing)
 *fill*         0x0000000010007283        0x1 
 .rodata.runtime_init.str1.4
                0x0000000010007284       0x70 CMakeFiles/main.dir/home/ttb/raspberry-pi-pico/pico/pico-sdk/src/rp2_common/pico_runtime/runtime.c.obj
 .rodata.panic.str1.4
                0x00000000100072f4       0x12 CMakeFiles/main.dir/home/ttb/raspberry-pi-pico/pico/pico-sdk/src/rp2_common/pico_runtime/runtime.c.obj
 *fill*         0x0000000010007306        0x2 
 .rodata.__func__.2
                0x0000000010007308        0xd CMakeFiles/main.dir/home/ttb/raspberry-pi-pico/pico/pico-sdk/src/rp2_common/pico_runtime/runtime.c.obj
 *fill*         0x0000000010007315        0x3 
 .rodata._ftoa.str1.4
                0x0000000010007318       0x15 CMakeFiles/main.dir/home/ttb/raspberry-pi-pico/pico/pico-sdk/src/rp2_common/pico_printf/printf.c.obj
 *fill*         0x000000001000732d        0x3 
 .rodata._vsnprintf
                0x0000000010007330      0x1e0 CMakeFiles/main.dir/home/ttb/raspberry-pi-pico/pico/pico-sdk/src/rp2_common/pico_printf/printf.c.obj
 .rodata.pow10.0
                0x0000000010007510       0x50 CMakeFiles/main.dir/home/ttb/raspberry-pi-pico/pico/pico-sdk/src/rp2_common/pico_printf/printf.c.obj
 .rodata.__aeabi_double_init.str1.4
                0x0000000010007560       0xab CMakeFiles/main.dir/home/ttb/raspberry-pi-pico/pico/pico-sdk/src/rp2_common/pico_double/double_init_rom.c.obj
 *fill*         0x000000001000760b        0x1 
 .rodata.__func__.0
                0x000000001000760c       0x14 CMakeFiles/main.dir/home/ttb/raspberry-pi-pico/pico/pico-sdk/src/rp2_common/pico_double/double_init_rom.c.obj
 .rodata.__aeabi_float_init.str1.4
                0x0000000010007620       0x89 CMakeFiles/main.dir/home/ttb/raspberry-pi-pico/pico/pico-sdk/src/rp2_common/pico_float/float_init_rom.c.obj
                                         0x8d (size before relaxing)
 *fill*         0x00000000100076a9        0x3 
 .rodata.__func__.0
                0x00000000100076ac       0x13 CMakeFiles/main.dir/home/ttb/raspberry-pi-pico/pico/pico-sdk/src/rp2_common/pico_float/float_init_rom.c.obj
 *fill*         0x00000000100076bf        0x1 
 .rodata.__wrap_malloc.str1.4
                0x00000000100076c0        0xe CMakeFiles/main.dir/home/ttb/raspberry-pi-pico/pico/pico-sdk/src/rp2_common/pico_malloc/pico_malloc.c.obj
 *fill*         0x00000000100076ce        0x2 
 .rodata.str1.4
                0x00000000100076d0       0x3c CMakeFiles/main.dir/home/ttb/raspberry-pi-pico/pico/pico-sdk/src/rp2_common/pico_standard_link/binary_info.c.obj
 .rodata.__bi_44
                0x000000001000770c        0xc CMakeFiles/main.dir/home/ttb/raspberry-pi-pico/pico/pico-sdk/src/rp2_common/pico_standard_link/binary_info.c.obj
 .rodata.__bi_75
                0x0000000010007718        0xc CMakeFiles/main.dir/home/ttb/raspberry-pi-pico/pico/pico-sdk/src/rp2_common/pico_standard_link/binary_info.c.obj
 .rodata.__bi_81
                0x0000000010007724        0xc CMakeFiles/main.dir/home/ttb/raspberry-pi-pico/pico/pico-sdk/src/rp2_common/pico_standard_link/binary_info.c.obj
 .rodata.stdout_serialize_begin.str1.4
                0x0000000010007730       0x70 CMakeFiles/main.dir/home/ttb/raspberry-pi-pico/pico/pico-sdk/src/rp2_common/pico_stdio/stdio.c.obj
 .rodata.__func__.3
                0x0000000010007730       0x15 CMakeFiles/main.dir/home/ttb/raspberry-pi-pico/pico/pico-sdk/src/rp2_common/pico_stdio/stdio.c.obj
 *fill*         0x0000000010007745        0x3 
 .rodata.crlf_str.2
                0x0000000010007748        0x2 CMakeFiles/main.dir/home/ttb/raspberry-pi-pico/pico/pico-sdk/src/rp2_common/pico_stdio/stdio.c.obj
 *fill*         0x000000001000774a        0x2 
 .rodata.str1.4
                0x000000001000774c       0x2c CMakeFiles/main.dir/home/ttb/raspberry-pi-pico/pico/pico-sdk/src/rp2_common/pico_stdio_uart/stdio_uart.c.obj
 .rodata.__bi_33.4
                0x0000000010007778        0xc CMakeFiles/main.dir/home/ttb/raspberry-pi-pico/pico/pico-sdk/src/rp2_common/pico_stdio_uart/stdio_uart.c.obj
 .rodata.__bi_34.5
                0x0000000010007784        0x8 CMakeFiles/main.dir/home/ttb/raspberry-pi-pico/pico/pico-sdk/src/rp2_common/pico_stdio_uart/stdio_uart.c.obj
 .rodata._pio_find_offset_for_program.str1.4
                0x000000001000778c       0x78 CMakeFiles/main.dir/home/ttb/raspberry-pi-pico/pico/pico-sdk/src/rp2_common/hardware_pio/pio.c.obj
 .rodata._pio_add_program_at_offset.str1.4
                0x0000000010007804       0x11 CMakeFiles/main.dir/home/ttb/raspberry-pi-pico/pico/pico-sdk/src/rp2_common/hardware_pio/pio.c.obj
 *fill*         0x0000000010007815        0x3 
 .rodata.pio_claim_unused_sm.str1.4
                0x0000000010007818       0x24 CMakeFiles/main.dir/home/ttb/raspberry-pi-pico/pico/pico-sdk/src/rp2_common/hardware_pio/pio.c.obj
 .rodata.pio_remove_program.str1.4
                0x000000001000783c       0x4d CMakeFiles/main.dir/home/ttb/raspberry-pi-pico/pico/pico-sdk/src/rp2_common/hardware_pio/pio.c.obj
 *fill*         0x0000000010007889        0x3 
 .rodata.__func__.0
                0x000000001000788c       0x13 CMakeFiles/main.dir/home/ttb/raspberry-pi-pico/pico/pico-sdk/src/rp2_common/hardware_pio/pio.c.obj
 *fill*         0x000000001000789f        0x1 
 .rodata.__func__.1
                0x00000000100078a0       0x1d CMakeFiles/main.dir/home/ttb/raspberry-pi-pico/pico/pico-sdk/src/rp2_common/hardware_pio/pio.c.obj
 *fill*         0x00000000100078bd        0x3 
 .rodata.dma_claim_unused_channel.str1.4
                0x00000000100078c0       0x1e CMakeFiles/main.dir/home/ttb/raspberry-pi-pico/pico/pico-sdk/src/rp2_common/hardware_dma/dma.c.obj
 *fill*         0x00000000100078de        0x2 
 .rodata.str1.4
                0x00000000100078e0      0x166 CMakeFiles/main.dir/home/ttb/raspberry-pi-pico/pico/pico-sdk/src/rp2_common/hardware_flash/flash.c.obj
 *fill*         0x0000000010007a46        0x2 
 .rodata.__func__.0
                0x0000000010007a48        0xd CMakeFiles/main.dir/home/ttb/raspberry-pi-pico/pico/pico-sdk/src/rp2_common/hardware_flash/flash.c.obj
                0x0000000010007a58                . = ALIGN (0x4)
 *fill*         0x0000000010007a55        0x3 
 *(SORT_BY_ALIGNMENT(SORT_BY_NAME(.flashdata*)))
                0x0000000010007a58                . = ALIGN (0x4)

.ARM.extab
 *(.ARM.extab* .gnu.linkonce.armextab.*)
                0x0000000010007a58                __exidx_start = .

.ARM.exidx
 *(.ARM.exidx* .gnu.linkonce.armexidx.*)
                0x0000000010007a58                __exidx_end = .
                0x0000000010007a58                . = ALIGN (0x4)
                0x0000000010007a58                __binary_info_start = .

.binary_info    0x0000000010007a58       0x24
 *(.binary_info.keep.*)
 .binary_info.keep.__bi_ptr22
                0x0000000010007a58        0x4 CMakeFiles/main.dir/home/ttb/raspberry-pi-pico/pico/pico-sdk/src/rp2_common/pico_standard_link/binary_info.c.obj
 .binary_info.keep.__bi_ptr30
                0x0000000010007a5c        0x4 CMakeFiles/main.dir/home/ttb/raspberry-pi-pico/pico/pico-sdk/src/rp2_common/pico_standard_link/binary_info.c.obj
 .binary_info.keep.__bi_ptr38
                0x0000000010007a60        0x4 CMakeFiles/main.dir/home/ttb/raspberry-pi-pico/pico/pico-sdk/src/rp2_common/pico_standard_link/binary_info.c.obj
 .binary_info.keep.__bi_ptr44
                0x0000000010007a64        0x4 CMakeFiles/main.dir/home/ttb/raspberry-pi-pico/pico/pico-sdk/src/rp2_common/pico_standard_link/binary_info.c.obj
 .binary_info.keep.__bi_ptr50
                0x0000000010007a68        0x4 CMakeFiles/main.dir/home/ttb/raspberry-pi-pico/pico/pico-sdk/src/rp2_common/pico_standard_link/binary_info.c.obj
 .binary_info.keep.__bi_ptr75
                0x0000000010007a6c        0x4 CMakeFiles/main.dir/home/ttb/raspberry-pi-pico/pico/pico-sdk/src/rp2_common/pico_standard_link/binary_info.c.obj
 .binary_info.keep.__bi_ptr81
                0x0000000010007a70        0x4 CMakeFiles/main.dir/home/ttb/raspberry-pi-pico/pico/pico-sdk/src/rp2_common/pico_standard_link/binary_info.c.obj
 *(.binary_info.*)
 .binary_info.__bi_ptr33
                0x0000000010007a74        0x4 CMakeFiles/main.dir/home/ttb/raspberry-pi-pico/pico/pico-sdk/src/rp2_common/pico_stdio_uart/stdio_uart.c.obj
 .binary_info.__bi_ptr34
                0x0000000010007a78        0x4 CMakeFiles/main.dir/home/ttb/raspberry-pi-pico/pico/pico-sdk/src/rp2_common/pico_stdio_uart/stdio_uart.c.obj
                0x0000000010007a7c                __binary_info_end = .

.rel.dyn        0x0000000010007a7c        0x0
 .rel.iplt      0x0000000010007a7c        0x0 /usr/lib/gcc/arm-none-eabi/10.3.1/thumb/v6-m/nofp/crtbegin.o
                0x0000000010007a7c                . = ALIGN (0x4)

.ram_vector_table
                0x0000000020000000       0xc0
 *(.ram_vector_table)
 .ram_vector_table
                0x0000000020000000       0xc0 CMakeFiles/main.dir/home/ttb/raspberry-pi-pico/pico/pico-sdk/src/rp2_common/pico_runtime/runtime.c.obj
                0x0000000020000000                ram_vector_table

.data           0x00000000200000c0      0xc20 load address 0x0000000010007a7c
                0x00000000200000c0                __data_start__ = .
 *(vtable)
 *(.time_critical*)
 .time_critical.mutex_enter_blocking
                0x00000000200000c0       0x48 CMakeFiles/main.dir/home/ttb/raspberry-pi-pico/pico/pico-sdk/src/common/pico_sync/mutex.c.obj
                0x00000000200000c0                mutex_enter_blocking
 .time_critical.mutex_try_enter
                0x0000000020000108       0x46 CMakeFiles/main.dir/home/ttb/raspberry-pi-pico/pico/pico-sdk/src/common/pico_sync/mutex.c.obj
                0x0000000020000108                mutex_try_enter
 *fill*         0x000000002000014e        0x2 
 .time_critical.mutex_enter_block_until
                0x0000000020000150       0x8c CMakeFiles/main.dir/home/ttb/raspberry-pi-pico/pico/pico-sdk/src/common/pico_sync/mutex.c.obj
                0x0000000020000150                mutex_enter_block_until
 .time_critical.mutex_try_enter_block_until
                0x00000000200001dc       0x34 CMakeFiles/main.dir/home/ttb/raspberry-pi-pico/pico/pico-sdk/src/common/pico_sync/mutex.c.obj
                0x00000000200001dc                mutex_try_enter_block_until
 .time_critical.mutex_exit
                0x0000000020000210       0x4c CMakeFiles/main.dir/home/ttb/raspberry-pi-pico/pico/pico-sdk/src/common/pico_sync/mutex.c.obj
                0x0000000020000210                mutex_exit
 .time_critical.flash_init_boot2_copyout
                0x000000002000025c       0x30 CMakeFiles/main.dir/home/ttb/raspberry-pi-pico/pico/pico-sdk/src/rp2_common/hardware_flash/flash.c.obj
 .time_critical.flash_enable_xip_via_boot2
                0x000000002000028c       0x10 CMakeFiles/main.dir/home/ttb/raspberry-pi-pico/pico/pico-sdk/src/rp2_common/hardware_flash/flash.c.obj
 .time_critical.flash_cs_force
                0x000000002000029c       0x28 CMakeFiles/main.dir/home/ttb/raspberry-pi-pico/pico/pico-sdk/src/rp2_common/hardware_flash/flash.c.obj
 .time_critical.flash_do_cmd
                0x00000000200002c4       0xd8 CMakeFiles/main.dir/home/ttb/raspberry-pi-pico/pico/pico-sdk/src/rp2_common/hardware_flash/flash.c.obj
                0x00000000200002c4                flash_do_cmd
 *(.text*)
 .text          0x000000002000039c        0x4 /usr/lib/gcc/arm-none-eabi/10.3.1/thumb/v6-m/nofp/libgcc.a(_dvmd_tls.o)
                0x000000002000039c                __aeabi_ldiv0
                0x000000002000039c                __aeabi_idiv0
 .text.__stub   0x00000000200003a0       0x20 linker stubs
                0x00000000200003c0                . = ALIGN (0x4)
 *(.rodata*)
                0x00000000200003c0                . = ALIGN (0x4)
 *(.data*)
 .data.striped_spin_lock_num
                0x00000000200003c0        0x1 CMakeFiles/main.dir/home/ttb/raspberry-pi-pico/pico/pico-sdk/src/rp2_common/hardware_sync/sync.c.obj
 *fill*         0x00000000200003c1        0x3 
 .data          0x00000000200003c4       0x48 CMakeFiles/main.dir/home/ttb/raspberry-pi-pico/pico/pico-sdk/src/rp2_common/hardware_irq/irq_handler_chain.S.obj
                0x00000000200003c4                irq_handler_chain_slots
                0x00000000200003f4                irq_handler_chain_first_slot
                0x00000000200003fe                irq_handler_chain_remove_tail
 .data.default_alarm_pool
                0x000000002000040c       0x18 CMakeFiles/main.dir/home/ttb/raspberry-pi-pico/pico/pico-sdk/src/common/pico_time/time.c.obj
 .data.default_alarm_pool_heap
                0x0000000020000424       0x10 CMakeFiles/main.dir/home/ttb/raspberry-pi-pico/pico/pico-sdk/src/common/pico_time/time.c.obj
 *fill*         0x0000000020000434        0xc 
 .data.aeabi_bits_funcs
                0x0000000020000440       0x10 CMakeFiles/main.dir/home/ttb/raspberry-pi-pico/pico/pico-sdk/src/rp2_common/pico_bit_ops/bit_ops_aeabi.S.obj
                0x0000000020000440                aeabi_bits_funcs
                0x0000000020000450                aeabi_bits_funcs_end
 .data.aeabi_mem_funcs
                0x0000000020000450       0x10 CMakeFiles/main.dir/home/ttb/raspberry-pi-pico/pico/pico-sdk/src/rp2_common/pico_mem_ops/mem_ops_aeabi.S.obj
                0x0000000020000450                aeabi_mem_funcs
                0x0000000020000460                aeabi_mem_funcs_end
 .data.stdio_uart
                0x0000000020000460       0x18 CMakeFiles/main.dir/home/ttb/raspberry-pi-pico/pico/pico-sdk/src/rp2_common/pico_stdio_uart/stdio_uart.c.obj
                0x0000000020000460                stdio_uart
 .data          0x0000000020000478      0x430 /usr/lib/gcc/arm-none-eabi/10.3.1/../../../arm-none-eabi/lib/thumb/v6-m/nofp/libg.a(lib_a-impure.o)
                0x0000000020000478                _impure_ptr
 .data          0x00000000200008a8      0x410 /usr/lib/gcc/arm-none-eabi/10.3.1/../../../arm-none-eabi/lib/thumb/v6-m/nofp/libg.a(lib_a-mallocr.o)
                0x00000000200008a8                __malloc_sbrk_base
                0x00000000200008ac                __malloc_trim_threshold
                0x00000000200008b0                __malloc_av_
                0x0000000020000cb8                . = ALIGN (0x4)
 *(.after_data.*)
                0x0000000020000cb8                . = ALIGN (0x4)
                0x0000000020000cb8                PROVIDE (__mutex_array_start = .)
 *(SORT_BY_NAME(.mutex_array.*))
 *(.mutex_array)
 .mutex_array   0x0000000020000cb8        0x8 CMakeFiles/main.dir/home/ttb/raspberry-pi-pico/pico/pico-sdk/src/rp2_common/pico_malloc/pico_malloc.c.obj
 .mutex_array   0x0000000020000cc0        0x8 CMakeFiles/main.dir/home/ttb/raspberry-pi-pico/pico/pico-sdk/src/rp2_common/pico_stdio/stdio.c.obj
                0x0000000020000cc8                PROVIDE (__mutex_array_end = .)
                0x0000000020000cc8                . = ALIGN (0x4)
                0x0000000020000cc8                PROVIDE (__preinit_array_start = .)
 *(SORT_BY_NAME(.preinit_array.*))
 .preinit_array.00001
                0x0000000020000cc8        0x4 CMakeFiles/main.dir/home/ttb/raspberry-pi-pico/pico/pico-sdk/src/rp2_common/pico_mem_ops/mem_ops_aeabi.S.obj
 .preinit_array.00010
                0x0000000020000ccc        0x4 CMakeFiles/main.dir/home/ttb/raspberry-pi-pico/pico/pico-sdk/src/rp2_common/pico_bit_ops/bit_ops_aeabi.S.obj
 .preinit_array.00020
                0x0000000020000cd0        0x4 CMakeFiles/main.dir/home/ttb/raspberry-pi-pico/pico/pico-sdk/src/rp2_common/pico_double/double_aeabi.S.obj
 .preinit_array.00020
                0x0000000020000cd4        0x4 CMakeFiles/main.dir/home/ttb/raspberry-pi-pico/pico/pico-sdk/src/rp2_common/pico_float/float_aeabi.S.obj
 *(.preinit_array)
                0x0000000020000cd8                PROVIDE (__preinit_array_end = .)
                0x0000000020000cd8                . = ALIGN (0x4)
                0x0000000020000cd8                PROVIDE (__init_array_start = .)
 *(SORT_BY_NAME(.init_array.*))
 *(.init_array)
 .init_array    0x0000000020000cd8        0x4 /usr/lib/gcc/arm-none-eabi/10.3.1/thumb/v6-m/nofp/crtbegin.o
 .init_array    0x0000000020000cdc        0x4 CMakeFiles/main.dir/home/ttb/raspberry-pi-pico/pico/pico-sdk/src/rp2_common/pico_unique_id/unique_id.c.obj
                0x0000000020000ce0                PROVIDE (__init_array_end = .)
                0x0000000020000ce0                . = ALIGN (0x4)
                0x0000000020000ce0                PROVIDE (__fini_array_start = .)
 *(SORT_BY_NAME(.fini_array.*))
 *(.fini_array)
                0x0000000020000ce0                PROVIDE (__fini_array_end = .)
 *(.jcr)
                0x0000000020000ce0                . = ALIGN (0x4)
                0x0000000020000ce0                __data_end__ = .
                0x0000000010007a7c                __etext = LOADADDR (.data)

.tm_clone_table
                0x0000000020000ce0        0x0 load address 0x000000001000869c
 .tm_clone_table
                0x0000000020000ce0        0x0 /usr/lib/gcc/arm-none-eabi/10.3.1/thumb/v6-m/nofp/crtbegin.o
 .tm_clone_table
                0x0000000020000ce0        0x0 /usr/lib/gcc/arm-none-eabi/10.3.1/thumb/v6-m/nofp/crtend.o

.igot.plt       0x0000000020000ce0        0x0 load address 0x000000001000869c
 .igot.plt      0x0000000020000ce0        0x0 /usr/lib/gcc/arm-none-eabi/10.3.1/thumb/v6-m/nofp/crtbegin.o

.uninitialized_data
                0x0000000020000ce0        0x0 load address 0x000000001000869c
                0x0000000020000ce0                . = ALIGN (0x4)
 *(.uninitialized_data*)

.scratch_x      0x0000000020040000        0x0 load address 0x000000001000869c
                0x0000000020040000                __scratch_x_start__ = .
 *(.scratch_x.*)
                0x0000000020040000                . = ALIGN (0x4)
                0x0000000020040000                __scratch_x_end__ = .
                0x000000001000869c                __scratch_x_source__ = LOADADDR (.scratch_x)

.scratch_y      0x0000000020041000        0x0 load address 0x000000001000869c
                0x0000000020041000                __scratch_y_start__ = .
 *(.scratch_y.*)
                0x0000000020041000                . = ALIGN (0x4)
                0x0000000020041000                __scratch_y_end__ = .
                0x000000001000869c                __scratch_y_source__ = LOADADDR (.scratch_y)

.bss            0x0000000020000ce0      0x530
                0x0000000020000ce0                . = ALIGN (0x4)
                0x0000000020000ce0                __bss_start__ = .
 *(SORT_BY_ALIGNMENT(SORT_BY_NAME(.bss*)))
 .bss.default_alarm_pool_entries
                0x0000000020000ce0      0x100 CMakeFiles/main.dir/home/ttb/raspberry-pi-pico/pico/pico-sdk/src/common/pico_time/time.c.obj
 .bss           0x0000000020000de0       0x1c /usr/lib/gcc/arm-none-eabi/10.3.1/thumb/v6-m/nofp/crtbegin.o
 .bss           0x0000000020000dfc       0x34 /usr/lib/gcc/arm-none-eabi/10.3.1/../../../arm-none-eabi/lib/thumb/v6-m/nofp/libg.a(lib_a-mallocr.o)
                0x0000000020000dfc                __malloc_top_pad
                0x0000000020000e00                __malloc_current_mallinfo
                0x0000000020000e28                __malloc_max_sbrked_mem
                0x0000000020000e2c                __malloc_max_total_mem
 .bss           0x0000000020000e30        0x4 /usr/lib/gcc/arm-none-eabi/10.3.1/../../../arm-none-eabi/lib/thumb/v6-m/nofp/libg.a(lib_a-reent.o)
                0x0000000020000e30                errno
 .bss._ZL15machine_i2s_obj
                0x0000000020000e34        0x8 CMakeFiles/main.dir/main.cpp.obj
 .bss._used_instruction_space
                0x0000000020000e3c        0x8 CMakeFiles/main.dir/home/ttb/raspberry-pi-pico/pico/pico-sdk/src/rp2_common/hardware_pio/pio.c.obj
 .bss.alarm_callbacks
                0x0000000020000e44       0x10 CMakeFiles/main.dir/home/ttb/raspberry-pi-pico/pico/pico-sdk/src/rp2_common/hardware_timer/timer.c.obj
 .bss.boot2_copyout
                0x0000000020000e54      0x100 CMakeFiles/main.dir/home/ttb/raspberry-pi-pico/pico/pico-sdk/src/rp2_common/hardware_flash/flash.c.obj
 .bss.chars_available_callback
                0x0000000020000f54        0x4 CMakeFiles/main.dir/home/ttb/raspberry-pi-pico/pico/pico-sdk/src/rp2_common/pico_stdio_uart/stdio_uart.c.obj
 .bss.chars_available_param
                0x0000000020000f58        0x4 CMakeFiles/main.dir/home/ttb/raspberry-pi-pico/pico/pico-sdk/src/rp2_common/pico_stdio_uart/stdio_uart.c.obj
 .bss.configured_freq
                0x0000000020000f5c       0x28 CMakeFiles/main.dir/home/ttb/raspberry-pi-pico/pico/pico-sdk/src/rp2_common/hardware_clocks/clocks.c.obj
 .bss.default_alarm_pool_entry_ids_high
                0x0000000020000f84       0x10 CMakeFiles/main.dir/home/ttb/raspberry-pi-pico/pico/pico-sdk/src/common/pico_time/time.c.obj
 .bss.default_alarm_pool_heap_nodes
                0x0000000020000f94       0x30 CMakeFiles/main.dir/home/ttb/raspberry-pi-pico/pico/pico-sdk/src/common/pico_time/time.c.obj
 .bss.drivers   0x0000000020000fc4        0x4 CMakeFiles/main.dir/home/ttb/raspberry-pi-pico/pico/pico-sdk/src/rp2_common/pico_stdio/stdio.c.obj
 .bss.filter    0x0000000020000fc8        0x4 CMakeFiles/main.dir/home/ttb/raspberry-pi-pico/pico/pico-sdk/src/rp2_common/pico_stdio/stdio.c.obj
 .bss.heap_end.1
                0x0000000020000fcc        0x4 CMakeFiles/main.dir/home/ttb/raspberry-pi-pico/pico/pico-sdk/src/rp2_common/pico_runtime/runtime.c.obj
 .bss.pools     0x0000000020000fd0       0x10 CMakeFiles/main.dir/home/ttb/raspberry-pi-pico/pico/pico-sdk/src/common/pico_time/time.c.obj
 .bss.retrieved_id
                0x0000000020000fe0        0x8 CMakeFiles/main.dir/home/ttb/raspberry-pi-pico/pico/pico-sdk/src/rp2_common/pico_unique_id/unique_id.c.obj
 .bss.sd_table  0x0000000020000fe8      0x100 CMakeFiles/main.dir/home/ttb/raspberry-pi-pico/pico/pico-sdk/src/rp2_common/pico_double/double_init_rom.c.obj
                0x0000000020000fe8                sd_table
 .bss.sf_clz_func
                0x00000000200010e8        0x4 CMakeFiles/main.dir/home/ttb/raspberry-pi-pico/pico/pico-sdk/src/rp2_common/pico_double/double_init_rom.c.obj
                0x00000000200010e8                sf_clz_func
 .bss.sf_table  0x00000000200010ec      0x100 CMakeFiles/main.dir/home/ttb/raspberry-pi-pico/pico/pico-sdk/src/rp2_common/pico_float/float_init_rom.c.obj
                0x00000000200010ec                sf_table
 .bss.sleep_notifier
                0x00000000200011ec        0x4 CMakeFiles/main.dir/home/ttb/raspberry-pi-pico/pico/pico-sdk/src/common/pico_time/time.c.obj
 .bss.target_hi
                0x00000000200011f0       0x10 CMakeFiles/main.dir/home/ttb/raspberry-pi-pico/pico/pico-sdk/src/rp2_common/hardware_timer/timer.c.obj
 .bss.uart_char_to_line_feed
                0x0000000020001200        0x4 CMakeFiles/main.dir/home/ttb/raspberry-pi-pico/pico/pico-sdk/src/rp2_common/hardware_uart/uart.c.obj
                0x0000000020001200                uart_char_to_line_feed
 .bss.uart_instance
                0x0000000020001204        0x4 CMakeFiles/main.dir/home/ttb/raspberry-pi-pico/pico/pico-sdk/src/rp2_common/pico_stdio_uart/stdio_uart.c.obj
 .bss._claimed  0x0000000020001208        0x2 CMakeFiles/main.dir/home/ttb/raspberry-pi-pico/pico/pico-sdk/src/rp2_common/hardware_dma/dma.c.obj
 .bss.boot2_copyout_valid
                0x000000002000120a        0x1 CMakeFiles/main.dir/home/ttb/raspberry-pi-pico/pico/pico-sdk/src/rp2_common/hardware_flash/flash.c.obj
 .bss.claimed   0x000000002000120b        0x1 CMakeFiles/main.dir/home/ttb/raspberry-pi-pico/pico/pico-sdk/src/rp2_common/hardware_timer/timer.c.obj
 .bss.claimed   0x000000002000120c        0x1 CMakeFiles/main.dir/home/ttb/raspberry-pi-pico/pico/pico-sdk/src/rp2_common/hardware_pio/pio.c.obj
 .bss.irq_hander_chain_free_slot_head
                0x000000002000120d        0x1 CMakeFiles/main.dir/home/ttb/raspberry-pi-pico/pico/pico-sdk/src/rp2_common/hardware_irq/irq.c.obj
 .bss.timer_callbacks_pending
                0x000000002000120e        0x1 CMakeFiles/main.dir/home/ttb/raspberry-pi-pico/pico/pico-sdk/src/rp2_common/hardware_timer/timer.c.obj
 *(COMMON)
                0x0000000020001210                . = ALIGN (0x4)
 *fill*         0x000000002000120f        0x1 
                0x0000000020001210                __bss_end__ = .

.heap           0x0000000020001210      0x800
                0x0000000020001210                __end__ = .
                0x0000000020001210                end = __end__
 *(.heap*)
 .heap          0x0000000020001210      0x800 CMakeFiles/main.dir/home/ttb/raspberry-pi-pico/pico/pico-sdk/src/rp2_common/pico_standard_link/crt0.S.obj
                0x0000000020001a10                __HeapLimit = .

.stack1_dummy   0x0000000020040000      0x800
 *(.stack1*)
 .stack1        0x0000000020040000      0x800 CMakeFiles/main.dir/home/ttb/raspberry-pi-pico/pico/pico-sdk/src/rp2_common/pico_multicore/multicore.c.obj

.stack_dummy    0x0000000020041000      0x800
 *(.stack*)
 .stack         0x0000000020041000      0x800 CMakeFiles/main.dir/home/ttb/raspberry-pi-pico/pico/pico-sdk/src/rp2_common/pico_standard_link/crt0.S.obj

.flash_end      0x000000001000869c        0x0
                0x000000001000869c                PROVIDE (__flash_binary_end = .)
                0x0000000020040000                __StackLimit = (ORIGIN (RAM) + LENGTH (RAM))
                0x0000000020041000                __StackOneTop = (ORIGIN (SCRATCH_X) + LENGTH (SCRATCH_X))
                0x0000000020042000                __StackTop = (ORIGIN (SCRATCH_Y) + LENGTH (SCRATCH_Y))
                0x0000000020040800                __StackOneBottom = (__StackOneTop - SIZEOF (.stack1_dummy))
                0x0000000020041800                __StackBottom = (__StackTop - SIZEOF (.stack_dummy))
                0x0000000020042000                PROVIDE (__stack = __StackTop)
                0x0000000000000001                ASSERT ((__StackLimit >= __HeapLimit), region RAM overflowed)
                0x0000000000000001                ASSERT (((__binary_info_header_end - __logical_binary_start) <= 0x100), Binary info must be in first 256 bytes of the binary)
LOAD CMakeFiles/main.dir/main.cpp.obj
LOAD CMakeFiles/main.dir/Wav.cpp.obj
LOAD CMakeFiles/main.dir/home/ttb/raspberry-pi-pico/pico/pico-sdk/src/rp2_common/pico_stdlib/stdlib.c.obj
LOAD CMakeFiles/main.dir/home/ttb/raspberry-pi-pico/pico/pico-sdk/src/rp2_common/hardware_gpio/gpio.c.obj
LOAD CMakeFiles/main.dir/home/ttb/raspberry-pi-pico/pico/pico-sdk/src/rp2_common/pico_platform/platform.c.obj
LOAD CMakeFiles/main.dir/home/ttb/raspberry-pi-pico/pico/pico-sdk/src/rp2_common/hardware_claim/claim.c.obj
LOAD CMakeFiles/main.dir/home/ttb/raspberry-pi-pico/pico/pico-sdk/src/rp2_common/hardware_sync/sync.c.obj
LOAD CMakeFiles/main.dir/home/ttb/raspberry-pi-pico/pico/pico-sdk/src/rp2_common/hardware_irq/irq.c.obj
LOAD CMakeFiles/main.dir/home/ttb/raspberry-pi-pico/pico/pico-sdk/src/rp2_common/hardware_irq/irq_handler_chain.S.obj
LOAD CMakeFiles/main.dir/home/ttb/raspberry-pi-pico/pico/pico-sdk/src/common/pico_sync/sem.c.obj
LOAD CMakeFiles/main.dir/home/ttb/raspberry-pi-pico/pico/pico-sdk/src/common/pico_sync/lock_core.c.obj
LOAD CMakeFiles/main.dir/home/ttb/raspberry-pi-pico/pico/pico-sdk/src/common/pico_sync/mutex.c.obj
LOAD CMakeFiles/main.dir/home/ttb/raspberry-pi-pico/pico/pico-sdk/src/common/pico_sync/critical_section.c.obj
LOAD CMakeFiles/main.dir/home/ttb/raspberry-pi-pico/pico/pico-sdk/src/common/pico_time/time.c.obj
LOAD CMakeFiles/main.dir/home/ttb/raspberry-pi-pico/pico/pico-sdk/src/common/pico_time/timeout_helper.c.obj
LOAD CMakeFiles/main.dir/home/ttb/raspberry-pi-pico/pico/pico-sdk/src/rp2_common/hardware_timer/timer.c.obj
LOAD CMakeFiles/main.dir/home/ttb/raspberry-pi-pico/pico/pico-sdk/src/common/pico_util/datetime.c.obj
LOAD CMakeFiles/main.dir/home/ttb/raspberry-pi-pico/pico/pico-sdk/src/common/pico_util/pheap.c.obj
LOAD CMakeFiles/main.dir/home/ttb/raspberry-pi-pico/pico/pico-sdk/src/common/pico_util/queue.c.obj
LOAD CMakeFiles/main.dir/home/ttb/raspberry-pi-pico/pico/pico-sdk/src/rp2_common/hardware_uart/uart.c.obj
LOAD CMakeFiles/main.dir/home/ttb/raspberry-pi-pico/pico/pico-sdk/src/rp2_common/hardware_clocks/clocks.c.obj
LOAD CMakeFiles/main.dir/home/ttb/raspberry-pi-pico/pico/pico-sdk/src/rp2_common/hardware_pll/pll.c.obj
LOAD CMakeFiles/main.dir/home/ttb/raspberry-pi-pico/pico/pico-sdk/src/rp2_common/hardware_vreg/vreg.c.obj
LOAD CMakeFiles/main.dir/home/ttb/raspberry-pi-pico/pico/pico-sdk/src/rp2_common/hardware_watchdog/watchdog.c.obj
LOAD CMakeFiles/main.dir/home/ttb/raspberry-pi-pico/pico/pico-sdk/src/rp2_common/hardware_xosc/xosc.c.obj
LOAD CMakeFiles/main.dir/home/ttb/raspberry-pi-pico/pico/pico-sdk/src/rp2_common/hardware_divider/divider.S.obj
LOAD CMakeFiles/main.dir/home/ttb/raspberry-pi-pico/pico/pico-sdk/src/rp2_common/pico_runtime/runtime.c.obj
LOAD CMakeFiles/main.dir/home/ttb/raspberry-pi-pico/pico/pico-sdk/src/rp2_common/pico_printf/printf.c.obj
LOAD CMakeFiles/main.dir/home/ttb/raspberry-pi-pico/pico/pico-sdk/src/rp2_common/pico_bit_ops/bit_ops_aeabi.S.obj
LOAD CMakeFiles/main.dir/home/ttb/raspberry-pi-pico/pico/pico-sdk/src/rp2_common/pico_bootrom/bootrom.c.obj
LOAD CMakeFiles/main.dir/home/ttb/raspberry-pi-pico/pico/pico-sdk/src/rp2_common/pico_divider/divider.S.obj
LOAD CMakeFiles/main.dir/home/ttb/raspberry-pi-pico/pico/pico-sdk/src/rp2_common/pico_double/double_aeabi.S.obj
LOAD CMakeFiles/main.dir/home/ttb/raspberry-pi-pico/pico/pico-sdk/src/rp2_common/pico_double/double_init_rom.c.obj
LOAD CMakeFiles/main.dir/home/ttb/raspberry-pi-pico/pico/pico-sdk/src/rp2_common/pico_double/double_math.c.obj
LOAD CMakeFiles/main.dir/home/ttb/raspberry-pi-pico/pico/pico-sdk/src/rp2_common/pico_double/double_v1_rom_shim.S.obj
LOAD CMakeFiles/main.dir/home/ttb/raspberry-pi-pico/pico/pico-sdk/src/rp2_common/pico_int64_ops/pico_int64_ops_aeabi.S.obj
LOAD CMakeFiles/main.dir/home/ttb/raspberry-pi-pico/pico/pico-sdk/src/rp2_common/pico_float/float_aeabi.S.obj
LOAD CMakeFiles/main.dir/home/ttb/raspberry-pi-pico/pico/pico-sdk/src/rp2_common/pico_float/float_init_rom.c.obj
LOAD CMakeFiles/main.dir/home/ttb/raspberry-pi-pico/pico/pico-sdk/src/rp2_common/pico_float/float_math.c.obj
LOAD CMakeFiles/main.dir/home/ttb/raspberry-pi-pico/pico/pico-sdk/src/rp2_common/pico_float/float_v1_rom_shim.S.obj
LOAD CMakeFiles/main.dir/home/ttb/raspberry-pi-pico/pico/pico-sdk/src/rp2_common/pico_malloc/pico_malloc.c.obj