Archive member included to satisfy reference by file (symbol)

/usr/lib/gcc/arm-none-eabi/10.3.1/thumb/v6-m/nofp/libgcc.a(_dvmd_tls.o)
                              CMakeFiles/main.dir/home/ttb/raspberry-pi-pico/pico/pico-sdk/src/rp2_common/pico_divider/divider.S.obj (__aeabi_idiv0)
/usr/lib/gcc/arm-none-eabi/10.3.1/../../../arm-none-eabi/lib/thumb/v6-m/nofp/libg.a(lib_a-atexit.o)
                              /usr/lib/gcc/arm-none-eabi/10.3.1/../../../arm-none-eabi/lib/thumb/v6-m/nofp/crt0.o (atexit)
/usr/lib/gcc/arm-none-eabi/10.3.1/../../../arm-none-eabi/lib/thumb/v6-m/nofp/libg.a(lib_a-calloc.o)
                              CMakeFiles/main.dir/home/ttb/raspberry-pi-pico/pico/pico-sdk/src/rp2_common/pico_malloc/pico_malloc.c.obj (calloc)
/usr/lib/gcc/arm-none-eabi/10.3.1/../../../arm-none-eabi/lib/thumb/v6-m/nofp/libg.a(lib_a-callocr.o)
                              /usr/lib/gcc/arm-none-eabi/10.3.1/../../../arm-none-eabi/lib/thumb/v6-m/nofp/libg.a(lib_a-calloc.o) (_calloc_r)
/usr/lib/gcc/arm-none-eabi/10.3.1/../../../arm-none-eabi/lib/thumb/v6-m/nofp/libg.a(lib_a-fini.o)
                              /usr/lib/gcc/arm-none-eabi/10.3.1/../../../arm-none-eabi/lib/thumb/v6-m/nofp/crt0.o (__libc_fini_array)
/usr/lib/gcc/arm-none-eabi/10.3.1/../../../arm-none-eabi/lib/thumb/v6-m/nofp/libg.a(lib_a-impure.o)
                              /usr/lib/gcc/arm-none-eabi/10.3.1/../../../arm-none-eabi/lib/thumb/v6-m/nofp/libg.a(lib_a-calloc.o) (_impure_ptr)
/usr/lib/gcc/arm-none-eabi/10.3.1/../../../arm-none-eabi/lib/thumb/v6-m/nofp/libg.a(lib_a-init.o)
                              /usr/lib/gcc/arm-none-eabi/10.3.1/../../../arm-none-eabi/lib/thumb/v6-m/nofp/crt0.o (__libc_init_array)
/usr/lib/gcc/arm-none-eabi/10.3.1/../../../arm-none-eabi/lib/thumb/v6-m/nofp/libg.a(lib_a-malloc.o)
                              CMakeFiles/main.dir/home/ttb/raspberry-pi-pico/pico/pico-sdk/src/rp2_common/pico_malloc/pico_malloc.c.obj (malloc)
/usr/lib/gcc/arm-none-eabi/10.3.1/../../../arm-none-eabi/lib/thumb/v6-m/nofp/libg.a(lib_a-mallocr.o)
                              /usr/lib/gcc/arm-none-eabi/10.3.1/../../../arm-none-eabi/lib/thumb/v6-m/nofp/libg.a(lib_a-callocr.o) (_malloc_r)
/usr/lib/gcc/arm-none-eabi/10.3.1/../../../arm-none-eabi/lib/thumb/v6-m/nofp/libg.a(lib_a-mlock.o)
                              /usr/lib/gcc/arm-none-eabi/10.3.1/../../../arm-none-eabi/lib/thumb/v6-m/nofp/libg.a(lib_a-mallocr.o) (__malloc_lock)
/usr/lib/gcc/arm-none-eabi/10.3.1/../../../arm-none-eabi/lib/thumb/v6-m/nofp/libg.a(lib_a-realloc.o)
                              CMakeFiles/main.dir/home/ttb/raspberry-pi-pico/pico/pico-sdk/src/rp2_common/pico_malloc/pico_malloc.c.obj (realloc)
/usr/lib/gcc/arm-none-eabi/10.3.1/../../../arm-none-eabi/lib/thumb/v6-m/nofp/libg.a(lib_a-reallocr.o)
                              /usr/lib/gcc/arm-none-eabi/10.3.1/../../../arm-none-eabi/lib/thumb/v6-m/nofp/libg.a(lib_a-realloc.o) (_realloc_r)
/usr/lib/gcc/arm-none-eabi/10.3.1/../../../arm-none-eabi/lib/thumb/v6-m/nofp/libg.a(lib_a-sbrkr.o)
                              /usr/lib/gcc/arm-none-eabi/10.3.1/../../../arm-none-eabi/lib/thumb/v6-m/nofp/libg.a(lib_a-mallocr.o) (_sbrk_r)
/usr/lib/gcc/arm-none-eabi/10.3.1/../../../arm-none-eabi/lib/thumb/v6-m/nofp/libg.a(lib_a-strlen-stub.o)
                              CMakeFiles/main.dir/home/ttb/raspberry-pi-pico/pico/pico-sdk/src/rp2_common/pico_stdio/stdio.c.obj (strlen)
/usr/lib/gcc/arm-none-eabi/10.3.1/../../../arm-none-eabi/lib/thumb/v6-m/nofp/libg.a(lib_a-__atexit.o)
                              /usr/lib/gcc/arm-none-eabi/10.3.1/../../../arm-none-eabi/lib/thumb/v6-m/nofp/libg.a(lib_a-atexit.o) (__register_exitproc)
/usr/lib/gcc/arm-none-eabi/10.3.1/../../../arm-none-eabi/lib/thumb/v6-m/nofp/libg.a(lib_a-freer.o)
                              /usr/lib/gcc/arm-none-eabi/10.3.1/../../../arm-none-eabi/lib/thumb/v6-m/nofp/libg.a(lib_a-malloc.o) (_free_r)
/usr/lib/gcc/arm-none-eabi/10.3.1/../../../arm-none-eabi/lib/thumb/v6-m/nofp/libg.a(lib_a-memmove.o)
                              /usr/lib/gcc/arm-none-eabi/10.3.1/../../../arm-none-eabi/lib/thumb/v6-m/nofp/libg.a(lib_a-reallocr.o) (memmove)
/usr/lib/gcc/arm-none-eabi/10.3.1/../../../arm-none-eabi/lib/thumb/v6-m/nofp/libg.a(lib_a-reent.o)
                              /usr/lib/gcc/arm-none-eabi/10.3.1/../../../arm-none-eabi/lib/thumb/v6-m/nofp/libg.a(lib_a-sbrkr.o) (errno)

Discarded input sections

 .text          0x0000000000000000        0x0 /usr/lib/gcc/arm-none-eabi/10.3.1/thumb/v6-m/nofp/crti.o
 .data          0x0000000000000000        0x0 /usr/lib/gcc/arm-none-eabi/10.3.1/thumb/v6-m/nofp/crti.o
 .bss           0x0000000000000000        0x0 /usr/lib/gcc/arm-none-eabi/10.3.1/thumb/v6-m/nofp/crti.o
 .data          0x0000000000000000        0x4 /usr/lib/gcc/arm-none-eabi/10.3.1/thumb/v6-m/nofp/crtbegin.o
 .rodata        0x0000000000000000       0x24 /usr/lib/gcc/arm-none-eabi/10.3.1/thumb/v6-m/nofp/crtbegin.o
[...]
Memory Configuration

Name             Origin             Length             Attributes
FLASH            0x0000000010000000 0x0000000000200000 xr
RAM              0x0000000020000000 0x0000000000040000 xrw
SCRATCH_X        0x0000000020040000 0x0000000000001000 xrw
SCRATCH_Y        0x0000000020041000 0x0000000000001000 xrw
*default*        0x0000000000000000 0xffffffffffffffff

Linker script and memory map

LOAD /usr/lib/gcc/arm-none-eabi/10.3.1/thumb/v6-m/nofp/crti.o
LOAD /usr/lib/gcc/arm-none-eabi/10.3.1/thumb/v6-m/nofp/crtbegin.o
LOAD /usr/lib/gcc/arm-none-eabi/10.3.1/../../../arm-none-eabi/lib/thumb/v6-m/nofp/crt0.o

.flash_begin    0x0000000010000000        0x0
                0x0000000010000000                __flash_binary_start = .

.boot2          0x0000000010000000      0x100
                0x0000000010000000                __boot2_start__ = .
 *(.boot2)
 .boot2         0x0000000010000000      0x100 /tmp/ccMf7O2R.o
                0x0000000010000100                __boot2_end__ = .
                0x0000000000000001                ASSERT (((__boot2_end__ - __boot2_start__) == 0x100), ERROR: Pico second stage bootloader must be 256 bytes in size)

.text           0x0000000010000100     0x62b8
                0x0000000010000100                __logical_binary_start = .
 *(.vectors)
 .vectors       0x0000000010000100       0xd4 CMakeFiles/main.dir/home/ttb/raspberry-pi-pico/pico/pico-sdk/src/rp2_common/pico_standard_link/crt0.S.obj
                0x0000000010000100                __vectors
                0x0000000010000100                __VECTOR_TABLE
                0x00000000100001c0                isr_invalid
                0x00000000100001c0                __default_isrs_start
                0x00000000100001c2                isr_nmi
                0x00000000100001c4                isr_hardfault
                0x00000000100001c6                isr_svcall
                0x00000000100001c8                isr_pendsv
                0x00000000100001ca                isr_systick
                0x00000000100001cc                isr_irq30
                0x00000000100001cc                __unhandled_user_irq
                0x00000000100001cc                isr_irq13
                0x00000000100001cc                isr_irq27
                0x00000000100001cc                isr_irq31
                0x00000000100001cc                isr_irq5
                0x00000000100001cc                isr_irq11
                0x00000000100001cc                isr_irq23
                0x00000000100001cc                isr_irq18
                0x00000000100001cc                isr_irq28
                0x00000000100001cc                isr_irq19
                0x00000000100001cc                isr_irq0
                0x00000000100001cc                isr_irq6
                0x00000000100001cc                isr_irq22
                0x00000000100001cc                isr_irq17
                0x00000000100001cc                isr_irq14
                0x00000000100001cc                isr_irq2
                0x00000000100001cc                isr_irq10
                0x00000000100001cc                isr_irq8
                0x00000000100001cc                isr_irq24
                0x00000000100001cc                isr_irq1
                0x00000000100001cc                isr_irq7
                0x00000000100001cc                isr_irq21
                0x00000000100001cc                isr_irq20
                0x00000000100001cc                isr_irq15
                0x00000000100001cc                isr_irq25
                0x00000000100001cc                isr_irq4
                0x00000000100001cc                isr_irq16
                0x00000000100001cc                isr_irq29
                0x00000000100001cc                isr_irq26
                0x00000000100001cc                __default_isrs_end
                0x00000000100001cc                isr_irq3
                0x00000000100001cc                isr_irq12
                0x00000000100001cc                isr_irq9
                0x00000000100001d2                unhandled_user_irq_num_in_r0
 *(.binary_info_header)
 .binary_info_header
                0x00000000100001d4       0x14 CMakeFiles/main.dir/home/ttb/raspberry-pi-pico/pico/pico-sdk/src/rp2_common/pico_standard_link/crt0.S.obj
                0x00000000100001e8                __binary_info_header_end = .
 *(.reset)
 .reset         0x00000000100001e8       0xa0 CMakeFiles/main.dir/home/ttb/raspberry-pi-pico/pico/pico-sdk/src/rp2_common/pico_standard_link/crt0.S.obj
                0x00000000100001e8                _entry_point
 .reset         0x0000000010000288       0x30 CMakeFiles/main.dir/home/ttb/raspberry-pi-pico/pico/pico-sdk/src/rp2_common/pico_standard_link/binary_info.c.obj
 *(.init)
 .init          0x00000000100002b8        0x4 /usr/lib/gcc/arm-none-eabi/10.3.1/thumb/v6-m/nofp/crti.o
                0x00000000100002b8                _init
 *(EXCLUDE_FILE(*libm.a: *libc.a:*lib_a-mem*.o *libgcc.a:) .text*)
 .text          0x00000000100002bc       0x98 /usr/lib/gcc/arm-none-eabi/10.3.1/thumb/v6-m/nofp/crtbegin.o
 .text._ZL12ringbuf_initP11_ring_buf_tPhj
                0x0000000010000354        0xc CMakeFiles/main.dir/main.cpp.obj
 .text._ZL12ringbuf_pushP11_ring_buf_th
                0x0000000010000360       0x24 CMakeFiles/main.dir/main.cpp.obj
 .text._ZL22ringbuf_available_dataP11_ring_buf_t
                0x0000000010000384       0x16 CMakeFiles/main.dir/main.cpp.obj
 .text._ZL23ringbuf_available_spaceP11_ring_buf_t
                0x000000001000039a        0xe CMakeFiles/main.dir/main.cpp.obj
 .text._ZL23get_frame_mapping_indexa8format_t
                0x00000000100003a8       0x1c CMakeFiles/main.dir/main.cpp.obj
 .text._ZL9empty_dmaP18_machine_i2s_obj_tPh
                0x00000000100003c4       0x26 CMakeFiles/main.dir/main.cpp.obj
 .text._ZL12dma_get_bits10i2s_mode_ta
                0x00000000100003ea        0xc CMakeFiles/main.dir/main.cpp.obj
 *fill*         0x00000000100003f6        0x2 
 .text._ZL22dma_map_irq_to_channelj
                0x00000000100003f8       0x38 CMakeFiles/main.dir/main.cpp.obj
 .text._ZL14dma_get_bufferP18_machine_i2s_obj_tj
                0x0000000010000430       0x26 CMakeFiles/main.dir/main.cpp.obj
 *fill*         0x0000000010000456        0x2 
 .text._ZL15dma_irq_handlerh
                0x0000000010000458       0x6c CMakeFiles/main.dir/main.cpp.obj
 .text._ZL16dma_irq0_handlerv
                0x00000000100004c4        0xa CMakeFiles/main.dir/main.cpp.obj
 .text._ZL16dma_irq1_handlerv
                0x00000000100004ce        0xa CMakeFiles/main.dir/main.cpp.obj
 .text._ZL10pio_deinitP18_machine_i2s_obj_t
                0x00000000100004d8       0x2c CMakeFiles/main.dir/main.cpp.obj
 .text.channel_config_set_chain_to
                0x0000000010000504       0x30 CMakeFiles/main.dir/main.cpp.obj
 .text.channel_config_set_dreq
                0x0000000010000534       0x30 CMakeFiles/main.dir/main.cpp.obj
 .text._ZL10irq_deinitP18_machine_i2s_obj_t
                0x0000000010000564       0x34 CMakeFiles/main.dir/main.cpp.obj
 .text._ZL13irq_configureP18_machine_i2s_obj_t
                0x0000000010000598       0x34 CMakeFiles/main.dir/main.cpp.obj
 .text._ZL13pio_configureP18_machine_i2s_obj_t
                0x00000000100005cc      0x254 CMakeFiles/main.dir/main.cpp.obj
 .text._ZL13gpio_init_i2sP8pio_hw_thjh10gpio_dir_t
                0x0000000010000820       0x4c CMakeFiles/main.dir/main.cpp.obj
 .text._ZL14gpio_configureP18_machine_i2s_obj_t
                0x000000001000086c       0x50 CMakeFiles/main.dir/main.cpp.obj
 .text._ZL11ringbuf_popP11_ring_buf_tPh
                0x00000000100008bc       0x2c CMakeFiles/main.dir/main.cpp.obj
 .text._ZL24fill_appbuf_from_ringbufP18_machine_i2s_obj_tP17_mp_buffer_info_t
                0x00000000100008e8      0x104 CMakeFiles/main.dir/main.cpp.obj
 .text._ZL23machine_i2s_stream_readP18_machine_i2s_obj_tPvj
                0x00000000100009ec       0x5e CMakeFiles/main.dir/main.cpp.obj
 *fill*         0x0000000010000a4a        0x2 
 .text._ZL10dma_deinitP18_machine_i2s_obj_t
                0x0000000010000a4c       0x94 CMakeFiles/main.dir/main.cpp.obj
 .text._ZL18machine_i2s_deinitP18_machine_i2s_obj_t
                0x0000000010000ae0       0x2a CMakeFiles/main.dir/main.cpp.obj
 *fill*         0x0000000010000b0a        0x2 
 .text._ZL13dma_configureP18_machine_i2s_obj_t
                0x0000000010000b0c      0x270 CMakeFiles/main.dir/main.cpp.obj
 .text._ZL23machine_i2s_init_helperP18_machine_i2s_obj_tjjj10i2s_mode_ta8format_tll
                0x0000000010000d7c       0xea CMakeFiles/main.dir/main.cpp.obj
 *fill*         0x0000000010000e66        0x2 
 .text._ZL20machine_i2s_make_newhjjj10i2s_mode_ta8format_tll
                0x0000000010000e68       0x8c CMakeFiles/main.dir/main.cpp.obj
 .text._Z4initv
                0x0000000010000ef4        0x8 CMakeFiles/main.dir/main.cpp.obj
                0x0000000010000ef4                init()
 .text.main     0x0000000010000efc       0xfc CMakeFiles/main.dir/main.cpp.obj
                0x0000000010000efc                main
 .text._Z15CreateWavHeaderPhi
                0x0000000010000ff8       0xaa CMakeFiles/main.dir/Wav.cpp.obj
                0x0000000010000ff8                CreateWavHeader(unsigned char*, int)
 *fill*         0x00000000100010a2        0x2 
 .text.gpio_set_function
                0x00000000100010a4       0x30 CMakeFiles/main.dir/home/ttb/raspberry-pi-pico/pico/pico-sdk/src/rp2_common/hardware_gpio/gpio.c.obj
                0x00000000100010a4                gpio_set_function
 .text.running_on_fpga
                0x00000000100010d4       0x14 CMakeFiles/main.dir/home/ttb/raspberry-pi-pico/pico/pico-sdk/src/rp2_common/pico_platform/platform.c.obj
                0x00000000100010d4                running_on_fpga
 .text.hw_claim_lock
                0x00000000100010e8       0x18 CMakeFiles/main.dir/home/ttb/raspberry-pi-pico/pico/pico-sdk/src/rp2_common/hardware_claim/claim.c.obj
                0x00000000100010e8                hw_claim_lock
 .text.hw_claim_unlock
                0x0000000010001100       0x14 CMakeFiles/main.dir/home/ttb/raspberry-pi-pico/pico/pico-sdk/src/rp2_common/hardware_claim/claim.c.obj
                0x0000000010001100                hw_claim_unlock
 .text.hw_is_claimed
                0x0000000010001114       0x16 CMakeFiles/main.dir/home/ttb/raspberry-pi-pico/pico/pico-sdk/src/rp2_common/hardware_claim/claim.c.obj
                0x0000000010001114                hw_is_claimed
 .text.hw_claim_or_assert
                0x000000001000112a       0x32 CMakeFiles/main.dir/home/ttb/raspberry-pi-pico/pico/pico-sdk/src/rp2_common/hardware_claim/claim.c.obj
                0x000000001000112a                hw_claim_or_assert
 .text.hw_claim_unused_from_range
                0x000000001000115c       0x50 CMakeFiles/main.dir/home/ttb/raspberry-pi-pico/pico/pico-sdk/src/rp2_common/hardware_claim/claim.c.obj
                0x000000001000115c                hw_claim_unused_from_range
 .text.hw_claim_clear
                0x00000000100011ac       0x40 CMakeFiles/main.dir/home/ttb/raspberry-pi-pico/pico/pico-sdk/src/rp2_common/hardware_claim/claim.c.obj
                0x00000000100011ac                hw_claim_clear
 .text.spin_locks_reset
                0x00000000100011ec       0x20 CMakeFiles/main.dir/home/ttb/raspberry-pi-pico/pico/pico-sdk/src/rp2_common/hardware_sync/sync.c.obj
                0x00000000100011ec                spin_locks_reset
 .text.next_striped_spin_lock_num
                0x000000001000120c       0x1c CMakeFiles/main.dir/home/ttb/raspberry-pi-pico/pico/pico-sdk/src/rp2_common/hardware_sync/sync.c.obj
                0x000000001000120c                next_striped_spin_lock_num
 .text.set_raw_irq_handler_and_unlock
                0x0000000010001228       0x28 CMakeFiles/main.dir/home/ttb/raspberry-pi-pico/pico/pico-sdk/src/rp2_common/hardware_irq/irq.c.obj
 .text.make_branch
                0x0000000010001250       0x48 CMakeFiles/main.dir/home/ttb/raspberry-pi-pico/pico/pico-sdk/src/rp2_common/hardware_irq/irq.c.obj
 .text.insert_branch_and_link
                0x0000000010001298       0x40 CMakeFiles/main.dir/home/ttb/raspberry-pi-pico/pico/pico-sdk/src/rp2_common/hardware_irq/irq.c.obj
 .text.irq_is_enabled
                0x00000000100012d8       0x18 CMakeFiles/main.dir/home/ttb/raspberry-pi-pico/pico/pico-sdk/src/rp2_common/hardware_irq/irq.c.obj
                0x00000000100012d8                irq_is_enabled
 .text.irq_set_mask_enabled
                0x00000000100012f0       0x20 CMakeFiles/main.dir/home/ttb/raspberry-pi-pico/pico/pico-sdk/src/rp2_common/hardware_irq/irq.c.obj
                0x00000000100012f0                irq_set_mask_enabled
 .text.irq_set_enabled
                0x0000000010001310        0xe CMakeFiles/main.dir/home/ttb/raspberry-pi-pico/pico/pico-sdk/src/rp2_common/hardware_irq/irq.c.obj
                0x0000000010001310                irq_set_enabled
 *fill*         0x000000001000131e        0x2 
 .text.irq_get_vtable_handler
                0x0000000010001320       0x10 CMakeFiles/main.dir/home/ttb/raspberry-pi-pico/pico/pico-sdk/src/rp2_common/hardware_irq/irq.c.obj
                0x0000000010001320                irq_get_vtable_handler
 .text.irq_set_exclusive_handler
                0x0000000010001330       0x54 CMakeFiles/main.dir/home/ttb/raspberry-pi-pico/pico/pico-sdk/src/rp2_common/hardware_irq/irq.c.obj
                0x0000000010001330                irq_set_exclusive_handler
 .text.irq_remove_handler
                0x0000000010001384      0x1ac CMakeFiles/main.dir/home/ttb/raspberry-pi-pico/pico/pico-sdk/src/rp2_common/hardware_irq/irq.c.obj
                0x0000000010001384                irq_remove_handler
 .text.irq_add_tail_to_free_list
                0x0000000010001530       0xf0 CMakeFiles/main.dir/home/ttb/raspberry-pi-pico/pico/pico-sdk/src/rp2_common/hardware_irq/irq.c.obj
                0x0000000010001530                irq_add_tail_to_free_list
 .text.irq_init_priorities
                0x0000000010001620       0x1c CMakeFiles/main.dir/home/ttb/raspberry-pi-pico/pico/pico-sdk/src/rp2_common/hardware_irq/irq.c.obj
                0x0000000010001620                irq_init_priorities
 .text.lock_init
                0x000000001000163c       0x10 CMakeFiles/main.dir/home/ttb/raspberry-pi-pico/pico/pico-sdk/src/common/pico_sync/lock_core.c.obj
                0x000000001000163c                lock_init
 .text.mutex_init
                0x000000001000164c       0x1a CMakeFiles/main.dir/home/ttb/raspberry-pi-pico/pico/pico-sdk/src/common/pico_sync/mutex.c.obj
                0x000000001000164c                mutex_init
 .text.recursive_mutex_init
                0x0000000010001666       0x1e CMakeFiles/main.dir/home/ttb/raspberry-pi-pico/pico/pico-sdk/src/common/pico_sync/mutex.c.obj
                0x0000000010001666                recursive_mutex_init
 .text.alarm_pool_post_alloc_init
                0x0000000010001684       0x40 CMakeFiles/main.dir/home/ttb/raspberry-pi-pico/pico/pico-sdk/src/common/pico_time/time.c.obj
 .text.sleep_until_callback
                0x00000000100016c4       0x30 CMakeFiles/main.dir/home/ttb/raspberry-pi-pico/pico/pico-sdk/src/common/pico_time/time.c.obj
 .text.timer_pool_entry_comparator
                0x00000000100016f4       0x7c CMakeFiles/main.dir/home/ttb/raspberry-pi-pico/pico/pico-sdk/src/common/pico_time/time.c.obj
                0x00000000100016f4                timer_pool_entry_comparator
 .text.ph_add_child_node
                0x0000000010001770       0xa4 CMakeFiles/main.dir/home/ttb/raspberry-pi-pico/pico/pico-sdk/src/common/pico_time/time.c.obj
 .text.ph_merge_nodes
                0x0000000010001814       0x3e CMakeFiles/main.dir/home/ttb/raspberry-pi-pico/pico/pico-sdk/src/common/pico_time/time.c.obj
 *fill*         0x0000000010001852        0x2 
 .text.add_alarm_under_lock
                0x0000000010001854      0x174 CMakeFiles/main.dir/home/ttb/raspberry-pi-pico/pico/pico-sdk/src/common/pico_time/time.c.obj
 .text.alarm_pool_alarm_callback
                0x00000000100019c8      0x33c CMakeFiles/main.dir/home/ttb/raspberry-pi-pico/pico/pico-sdk/src/common/pico_time/time.c.obj
 .text.alarm_pool_init_default
                0x0000000010001d04       0x40 CMakeFiles/main.dir/home/ttb/raspberry-pi-pico/pico/pico-sdk/src/common/pico_time/time.c.obj
                0x0000000010001d04                alarm_pool_init_default
 .text.alarm_pool_get_default
                0x0000000010001d44       0x2c CMakeFiles/main.dir/home/ttb/raspberry-pi-pico/pico/pico-sdk/src/common/pico_time/time.c.obj
                0x0000000010001d44                alarm_pool_get_default
 .text.alarm_pool_add_alarm_at
                0x0000000010001d70      0x168 CMakeFiles/main.dir/home/ttb/raspberry-pi-pico/pico/pico-sdk/src/common/pico_time/time.c.obj
                0x0000000010001d70                alarm_pool_add_alarm_at
 .text.alarm_pool_cancel_alarm
                0x0000000010001ed8       0xf8 CMakeFiles/main.dir/home/ttb/raspberry-pi-pico/pico/pico-sdk/src/common/pico_time/time.c.obj
                0x0000000010001ed8                alarm_pool_cancel_alarm
 .text.sleep_until
                0x0000000010001fd0       0xfc CMakeFiles/main.dir/home/ttb/raspberry-pi-pico/pico/pico-sdk/src/common/pico_time/time.c.obj
                0x0000000010001fd0                sleep_until
 .text.sleep_us
                0x00000000100020cc       0x58 CMakeFiles/main.dir/home/ttb/raspberry-pi-pico/pico/pico-sdk/src/common/pico_time/time.c.obj
                0x00000000100020cc                sleep_us
 .text.sleep_ms
                0x0000000010002124       0x14 CMakeFiles/main.dir/home/ttb/raspberry-pi-pico/pico/pico-sdk/src/common/pico_time/time.c.obj
                0x0000000010002124                sleep_ms
 .text.best_effort_wfe_or_timeout
                0x0000000010002138       0xac CMakeFiles/main.dir/home/ttb/raspberry-pi-pico/pico/pico-sdk/src/common/pico_time/time.c.obj
                0x0000000010002138                best_effort_wfe_or_timeout
 .text.hardware_alarm_irq_handler
                0x00000000100021e4       0x90 CMakeFiles/main.dir/home/ttb/raspberry-pi-pico/pico/pico-sdk/src/rp2_common/hardware_timer/timer.c.obj
 .text.hardware_alarm_claim
                0x0000000010002274       0x18 CMakeFiles/main.dir/home/ttb/raspberry-pi-pico/pico/pico-sdk/src/rp2_common/hardware_timer/timer.c.obj
                0x0000000010002274                hardware_alarm_claim
 .text.time_us_64
                0x000000001000228c       0x18 CMakeFiles/main.dir/home/ttb/raspberry-pi-pico/pico/pico-sdk/src/rp2_common/hardware_timer/timer.c.obj
                0x000000001000228c                time_us_64
 .text.busy_wait_until
                0x00000000100022a4       0x28 CMakeFiles/main.dir/home/ttb/raspberry-pi-pico/pico/pico-sdk/src/rp2_common/hardware_timer/timer.c.obj
                0x00000000100022a4                busy_wait_until
 .text.busy_wait_us
                0x00000000100022cc       0x48 CMakeFiles/main.dir/home/ttb/raspberry-pi-pico/pico/pico-sdk/src/rp2_common/hardware_timer/timer.c.obj
                0x00000000100022cc                busy_wait_us
 .text.hardware_alarm_set_callback
                0x0000000010002314       0x90 CMakeFiles/main.dir/home/ttb/raspberry-pi-pico/pico/pico-sdk/src/rp2_common/hardware_timer/timer.c.obj
                0x0000000010002314                hardware_alarm_set_callback
 .text.hardware_alarm_set_target
                0x00000000100023a4       0xe8 CMakeFiles/main.dir/home/ttb/raspberry-pi-pico/pico/pico-sdk/src/rp2_common/hardware_timer/timer.c.obj
                0x00000000100023a4                hardware_alarm_set_target
 .text.hardware_alarm_cancel
                0x000000001000248c       0x40 CMakeFiles/main.dir/home/ttb/raspberry-pi-pico/pico/pico-sdk/src/rp2_common/hardware_timer/timer.c.obj
                0x000000001000248c                hardware_alarm_cancel
 .text.ph_add_child_node
                0x00000000100024cc       0xa4 CMakeFiles/main.dir/home/ttb/raspberry-pi-pico/pico/pico-sdk/src/common/pico_util/pheap.c.obj
 .text.ph_merge_nodes
                0x0000000010002570       0x3e CMakeFiles/main.dir/home/ttb/raspberry-pi-pico/pico/pico-sdk/src/common/pico_util/pheap.c.obj
 *fill*         0x00000000100025ae        0x2 
 .text.ph_clear
                0x00000000100025b0       0x70 CMakeFiles/main.dir/home/ttb/raspberry-pi-pico/pico/pico-sdk/src/common/pico_util/pheap.c.obj
                0x00000000100025b0                ph_clear
 .text.ph_post_alloc_init
                0x0000000010002620        0xe CMakeFiles/main.dir/home/ttb/raspberry-pi-pico/pico/pico-sdk/src/common/pico_util/pheap.c.obj
                0x0000000010002620                ph_post_alloc_init
 *fill*         0x000000001000262e        0x2 
 .text.ph_merge_two_pass
                0x0000000010002630       0xa8 CMakeFiles/main.dir/home/ttb/raspberry-pi-pico/pico/pico-sdk/src/common/pico_util/pheap.c.obj
                0x0000000010002630                ph_merge_two_pass
 .text.ph_remove_any_head
                0x00000000100026d8      0x128 CMakeFiles/main.dir/home/ttb/raspberry-pi-pico/pico/pico-sdk/src/common/pico_util/pheap.c.obj
 .text.ph_remove_head
                0x0000000010002800       0x14 CMakeFiles/main.dir/home/ttb/raspberry-pi-pico/pico/pico-sdk/src/common/pico_util/pheap.c.obj
                0x0000000010002800                ph_remove_head
 .text.ph_remove_and_free_node
                0x0000000010002814       0xf8 CMakeFiles/main.dir/home/ttb/raspberry-pi-pico/pico/pico-sdk/src/common/pico_util/pheap.c.obj
                0x0000000010002814                ph_remove_and_free_node
 .text.uart_disable_before_lcr_write
                0x000000001000290c       0x48 CMakeFiles/main.dir/home/ttb/raspberry-pi-pico/pico/pico-sdk/src/rp2_common/hardware_uart/uart.c.obj
 .text.uart_write_lcr_bits_masked
                0x0000000010002954       0x22 CMakeFiles/main.dir/home/ttb/raspberry-pi-pico/pico/pico-sdk/src/rp2_common/hardware_uart/uart.c.obj
 *fill*         0x0000000010002976        0x2 
 .text.uart_set_baudrate
                0x0000000010002978       0x5c CMakeFiles/main.dir/home/ttb/raspberry-pi-pico/pico/pico-sdk/src/rp2_common/hardware_uart/uart.c.obj
                0x0000000010002978                uart_set_baudrate
 .text.uart_set_format
                0x00000000100029d4       0x2c CMakeFiles/main.dir/home/ttb/raspberry-pi-pico/pico/pico-sdk/src/rp2_common/hardware_uart/uart.c.obj
                0x00000000100029d4                uart_set_format
 .text.uart_set_translate_crlf
                0x0000000010002a00       0x28 CMakeFiles/main.dir/home/ttb/raspberry-pi-pico/pico/pico-sdk/src/rp2_common/hardware_uart/uart.c.obj
                0x0000000010002a00                uart_set_translate_crlf
 .text.uart_init
                0x0000000010002a28       0x80 CMakeFiles/main.dir/home/ttb/raspberry-pi-pico/pico/pico-sdk/src/rp2_common/hardware_uart/uart.c.obj
                0x0000000010002a28                uart_init
 .text.clock_configure
                0x0000000010002aa8      0x108 CMakeFiles/main.dir/home/ttb/raspberry-pi-pico/pico/pico-sdk/src/rp2_common/hardware_clocks/clocks.c.obj
                0x0000000010002aa8                clock_configure
 .text.clocks_init
                0x0000000010002bb0      0x100 CMakeFiles/main.dir/home/ttb/raspberry-pi-pico/pico/pico-sdk/src/rp2_common/hardware_clocks/clocks.c.obj
                0x0000000010002bb0                clocks_init
 .text.clock_get_hz
                0x0000000010002cb0        0xc CMakeFiles/main.dir/home/ttb/raspberry-pi-pico/pico/pico-sdk/src/rp2_common/hardware_clocks/clocks.c.obj
                0x0000000010002cb0                clock_get_hz
 .text.pll_init
                0x0000000010002cbc      0x120 CMakeFiles/main.dir/home/ttb/raspberry-pi-pico/pico/pico-sdk/src/rp2_common/hardware_pll/pll.c.obj
                0x0000000010002cbc                pll_init
 .text.watchdog_start_tick
                0x0000000010002ddc       0x10 CMakeFiles/main.dir/home/ttb/raspberry-pi-pico/pico/pico-sdk/src/rp2_common/hardware_watchdog/watchdog.c.obj
                0x0000000010002ddc                watchdog_start_tick
 .text.xosc_init
                0x0000000010002dec       0x28 CMakeFiles/main.dir/home/ttb/raspberry-pi-pico/pico/pico-sdk/src/rp2_common/hardware_xosc/xosc.c.obj
                0x0000000010002dec                xosc_init
 .text._exit    0x0000000010002e14        0x4 CMakeFiles/main.dir/home/ttb/raspberry-pi-pico/pico/pico-sdk/src/rp2_common/pico_runtime/runtime.c.obj
                0x0000000010002e14                _exit
 .text._sbrk    0x0000000010002e18       0x38 CMakeFiles/main.dir/home/ttb/raspberry-pi-pico/pico/pico-sdk/src/rp2_common/pico_runtime/runtime.c.obj
                0x0000000010002e18                _sbrk
 .text.exit     0x0000000010002e50        0x6 CMakeFiles/main.dir/home/ttb/raspberry-pi-pico/pico/pico-sdk/src/rp2_common/pico_runtime/runtime.c.obj
                0x0000000010002e50                exit
 *fill*         0x0000000010002e56        0x2 
 .text.__assert_func
                0x0000000010002e58       0x3c CMakeFiles/main.dir/home/ttb/raspberry-pi-pico/pico/pico-sdk/src/rp2_common/pico_runtime/runtime.c.obj
                0x0000000010002e58                __assert_func
 .text.runtime_init
                0x0000000010002e94       0xf8 CMakeFiles/main.dir/home/ttb/raspberry-pi-pico/pico/pico-sdk/src/rp2_common/pico_runtime/runtime.c.obj
                0x0000000010002e94                runtime_init
 .text.panic    0x0000000010002f8c       0x30 CMakeFiles/main.dir/home/ttb/raspberry-pi-pico/pico/pico-sdk/src/rp2_common/pico_runtime/runtime.c.obj
                0x0000000010002f8c                panic
 .text._out_null
                0x0000000010002fbc        0x2 CMakeFiles/main.dir/home/ttb/raspberry-pi-pico/pico/pico-sdk/src/rp2_common/pico_printf/printf.c.obj
 .text._out_fct
                0x0000000010002fbe        0xe CMakeFiles/main.dir/home/ttb/raspberry-pi-pico/pico/pico-sdk/src/rp2_common/pico_printf/printf.c.obj
 .text._atoi    0x0000000010002fcc       0x24 CMakeFiles/main.dir/home/ttb/raspberry-pi-pico/pico/pico-sdk/src/rp2_common/pico_printf/printf.c.obj
 .text._out_rev
                0x0000000010002ff0       0xae CMakeFiles/main.dir/home/ttb/raspberry-pi-pico/pico/pico-sdk/src/rp2_common/pico_printf/printf.c.obj
 .text._ntoa_format
                0x000000001000309e      0x112 CMakeFiles/main.dir/home/ttb/raspberry-pi-pico/pico/pico-sdk/src/rp2_common/pico_printf/printf.c.obj
 .text._ntoa_long
                0x00000000100031b0       0xbc CMakeFiles/main.dir/home/ttb/raspberry-pi-pico/pico/pico-sdk/src/rp2_common/pico_printf/printf.c.obj
 .text._ntoa_long_long
                0x000000001000326c       0xe2 CMakeFiles/main.dir/home/ttb/raspberry-pi-pico/pico/pico-sdk/src/rp2_common/pico_printf/printf.c.obj
 *fill*         0x000000001000334e        0x2 
 .text._etoa    0x0000000010003350      0x414 CMakeFiles/main.dir/home/ttb/raspberry-pi-pico/pico/pico-sdk/src/rp2_common/pico_printf/printf.c.obj
 .text._ftoa    0x0000000010003764      0x354 CMakeFiles/main.dir/home/ttb/raspberry-pi-pico/pico/pico-sdk/src/rp2_common/pico_printf/printf.c.obj
 .text._vsnprintf
                0x0000000010003ab8      0x624 CMakeFiles/main.dir/home/ttb/raspberry-pi-pico/pico/pico-sdk/src/rp2_common/pico_printf/printf.c.obj
 .text.vfctprintf
                0x00000000100040dc       0x20 CMakeFiles/main.dir/home/ttb/raspberry-pi-pico/pico/pico-sdk/src/rp2_common/pico_printf/printf.c.obj
                0x00000000100040dc                vfctprintf
 .text          0x00000000100040fc       0x10 CMakeFiles/main.dir/home/ttb/raspberry-pi-pico/pico/pico-sdk/src/rp2_common/pico_bit_ops/bit_ops_aeabi.S.obj
 .text.ctzsi    0x000000001000410c        0xc CMakeFiles/main.dir/home/ttb/raspberry-pi-pico/pico/pico-sdk/src/rp2_common/pico_bit_ops/bit_ops_aeabi.S.obj
                0x000000001000410c                __wrap___ctzsi2
 .text.rom_func_lookup
                0x0000000010004118       0x10 CMakeFiles/main.dir/home/ttb/raspberry-pi-pico/pico/pico-sdk/src/rp2_common/pico_bootrom/bootrom.c.obj
                0x0000000010004118                rom_func_lookup
 .text.rom_data_lookup
                0x0000000010004128       0x10 CMakeFiles/main.dir/home/ttb/raspberry-pi-pico/pico/pico-sdk/src/rp2_common/pico_bootrom/bootrom.c.obj
                0x0000000010004128                rom_data_lookup
 .text.rom_funcs_lookup
                0x0000000010004138       0x36 CMakeFiles/main.dir/home/ttb/raspberry-pi-pico/pico/pico-sdk/src/rp2_common/pico_bootrom/bootrom.c.obj
                0x0000000010004138                rom_funcs_lookup
 *fill*         0x000000001000416e        0x2 
 .text.__wrap___aeabi_idiv
                0x0000000010004170       0x50 CMakeFiles/main.dir/home/ttb/raspberry-pi-pico/pico/pico-sdk/src/rp2_common/pico_divider/divider.S.obj
                0x0000000010004170                __wrap___aeabi_idivmod
                0x0000000010004170                divmod_s32s32
                0x0000000010004170                div_s32s32
                0x0000000010004170                __wrap___aeabi_idiv
                0x0000000010004178                divmod_s32s32_unsafe
                0x00000000100041a4                divmod_s32s32_savestate
 .text.__wrap___aeabi_uidiv
                0x00000000100041c0       0x4c CMakeFiles/main.dir/home/ttb/raspberry-pi-pico/pico/pico-sdk/src/rp2_common/pico_divider/divider.S.obj
                0x00000000100041c0                __wrap___aeabi_uidiv
                0x00000000100041c0                __wrap___aeabi_uidivmod
                0x00000000100041c0                div_u32u32
                0x00000000100041c0                divmod_u32u32
                0x00000000100041c8                divmod_u32u32_unsafe
                0x00000000100041f0                divmod_u32u32_savestate
 .text.__wrap___aeabi_ldiv
                0x000000001000420c      0x424 CMakeFiles/main.dir/home/ttb/raspberry-pi-pico/pico/pico-sdk/src/rp2_common/pico_divider/divider.S.obj
                0x000000001000420c                div_s64s64
                0x000000001000420c                divmod_s64s64
                0x000000001000420c                __wrap___aeabi_ldivmod
                0x000000001000423c                div_u64u64
                0x000000001000423c                divmod_u64u64
                0x000000001000423c                __wrap___aeabi_uldivmod
                0x000000001000424c                divmod_u64u64_savestate
                0x000000001000426c                divmod_s64s64_unsafe
                0x00000000100042f4                divmod_u64u64_unsafe
 .text.__wrap___aeabi_darithmetic
                0x0000000010004630       0x80 CMakeFiles/main.dir/home/ttb/raspberry-pi-pico/pico/pico-sdk/src/rp2_common/pico_double/double_aeabi.S.obj
                0x0000000010004630                __wrap___aeabi_drsub
                0x0000000010004636                __wrap___aeabi_dsub
                0x0000000010004648                __wrap___aeabi_dadd
                0x000000001000465a                __wrap___aeabi_ddiv
                0x0000000010004696                __wrap___aeabi_dmul
 .text.__wrap___aeabi_cdcmple
                0x00000000100046b0       0x6c CMakeFiles/main.dir/home/ttb/raspberry-pi-pico/pico/pico-sdk/src/rp2_common/pico_double/double_aeabi.S.obj
                0x00000000100046b0                __wrap___aeabi_cdrcmple
                0x00000000100046c0                __wrap___aeabi_cdcmple
                0x00000000100046c0                __wrap___aeabi_cdcmpeq
 .text.__wrap___aeabi_dcmplt
                0x000000001000471c        0xc CMakeFiles/main.dir/home/ttb/raspberry-pi-pico/pico/pico-sdk/src/rp2_common/pico_double/double_aeabi.S.obj
                0x000000001000471c                __wrap___aeabi_dcmplt
 .text.__wrap___aeabi_dcmple
                0x0000000010004728       0x10 CMakeFiles/main.dir/home/ttb/raspberry-pi-pico/pico/pico-sdk/src/rp2_common/pico_double/double_aeabi.S.obj
                0x0000000010004728                __wrap___aeabi_dcmple
 .text.__wrap___aeabi_dcmpge
                0x0000000010004738       0x10 CMakeFiles/main.dir/home/ttb/raspberry-pi-pico/pico/pico-sdk/src/rp2_common/pico_double/double_aeabi.S.obj
                0x0000000010004738                __wrap___aeabi_dcmpge
 .text.__wrap___aeabi_dcmpgt
                0x0000000010004748        0xa CMakeFiles/main.dir/home/ttb/raspberry-pi-pico/pico/pico-sdk/src/rp2_common/pico_double/double_aeabi.S.obj
                0x0000000010004748                __wrap___aeabi_dcmpgt
 .text.__wrap___aeabi_dcmpun
                0x0000000010004752       0x1c CMakeFiles/main.dir/home/ttb/raspberry-pi-pico/pico/pico-sdk/src/rp2_common/pico_double/double_aeabi.S.obj
                0x0000000010004752                __wrap___aeabi_dcmpun
 *fill*         0x000000001000476e        0x2 
 .text.__wrap___aeabi_i2d
                0x0000000010004770       0x38 CMakeFiles/main.dir/home/ttb/raspberry-pi-pico/pico/pico-sdk/src/rp2_common/pico_double/double_aeabi.S.obj
                0x0000000010004770                __wrap___aeabi_ui2d
                0x0000000010004778                __wrap___aeabi_i2d
 .text.__wrap___aeabi_d2iz
                0x00000000100047a8       0x48 CMakeFiles/main.dir/home/ttb/raspberry-pi-pico/pico/pico-sdk/src/rp2_common/pico_double/double_aeabi.S.obj
                0x00000000100047a8                __wrap___aeabi_d2iz
                0x00000000100047a8                double2int_z
 .text.__wrap___aeabi_d2uiz
                0x00000000100047f0       0x18 CMakeFiles/main.dir/home/ttb/raspberry-pi-pico/pico/pico-sdk/src/rp2_common/pico_double/double_aeabi.S.obj
                0x00000000100047f0                double2uint
                0x00000000100047f0                __wrap___aeabi_d2uiz
 .text.__aeabi_double_init
                0x0000000010004808       0xc8 CMakeFiles/main.dir/home/ttb/raspberry-pi-pico/pico/pico-sdk/src/rp2_common/pico_double/double_init_rom.c.obj
                0x0000000010004808                __aeabi_double_init
 .text.double_table_shim_on_use_helper
                0x00000000100048d0       0x34 CMakeFiles/main.dir/home/ttb/raspberry-pi-pico/pico/pico-sdk/src/rp2_common/pico_double/double_v1_rom_shim.S.obj
                0x00000000100048d0                double_table_shim_on_use_helper
 .text.__wrap___aeabi_dsub
                0x0000000010004904       0x10 CMakeFiles/main.dir/home/ttb/raspberry-pi-pico/pico/pico-sdk/src/rp2_common/pico_double/double_v1_rom_shim.S.obj
                0x0000000010004904                drsub_shim
                0x000000001000490a                dsub_shim
 .text.dadd_shim
                0x0000000010004914      0x15c CMakeFiles/main.dir/home/ttb/raspberry-pi-pico/pico/pico-sdk/src/rp2_common/pico_double/double_v1_rom_shim.S.obj
                0x0000000010004914                dadd_shim
 .text.dmul_shim
                0x0000000010004a70      0x15c CMakeFiles/main.dir/home/ttb/raspberry-pi-pico/pico/pico-sdk/src/rp2_common/pico_double/double_v1_rom_shim.S.obj
                0x0000000010004a70                dmul_shim
 .text.ddiv_shim
                0x0000000010004bcc      0x1b0 CMakeFiles/main.dir/home/ttb/raspberry-pi-pico/pico/pico-sdk/src/rp2_common/pico_double/double_v1_rom_shim.S.obj
                0x0000000010004bcc                ddiv_shim
 .text.double2uint_shim
                0x0000000010004d7c        0xe CMakeFiles/main.dir/home/ttb/raspberry-pi-pico/pico/pico-sdk/src/rp2_common/pico_double/double_v1_rom_shim.S.obj
                0x0000000010004d7c                double2uint_shim
                0x0000000010004d7e                double2ufix_shim
 *fill*         0x0000000010004d8a        0x2 
 .text.double2uint64_shim
                0x0000000010004d8c       0x70 CMakeFiles/main.dir/home/ttb/raspberry-pi-pico/pico/pico-sdk/src/rp2_common/pico_double/double_v1_rom_shim.S.obj
                0x0000000010004d8c                double2uint64_shim
                0x0000000010004d8e                double2ufix64_shim
                0x0000000010004dae                d2fix_a
 .text.dunpacks
                0x0000000010004dfc       0x3c CMakeFiles/main.dir/home/ttb/raspberry-pi-pico/pico/pico-sdk/src/rp2_common/pico_double/double_v1_rom_shim.S.obj
                0x0000000010004dfc                dunpacks
 .text.__aeabi_lmul
                0x0000000010004e38       0x32 CMakeFiles/main.dir/home/ttb/raspberry-pi-pico/pico/pico-sdk/src/rp2_common/pico_int64_ops/pico_int64_ops_aeabi.S.obj
                0x0000000010004e38                __wrap___aeabi_lmul
 *fill*         0x0000000010004e6a        0x2 
 .text.__wrap___aeabi_farithmetic
                0x0000000010004e6c       0x58 CMakeFiles/main.dir/home/ttb/raspberry-pi-pico/pico/pico-sdk/src/rp2_common/pico_float/float_aeabi.S.obj
                0x0000000010004e6c                __wrap___aeabi_frsub
                0x0000000010004e72                __wrap___aeabi_fsub
                0x0000000010004e7c                __wrap___aeabi_fadd
                0x0000000010004e86                __wrap___aeabi_fdiv
                0x0000000010004eb2                __wrap___aeabi_fmul
 .text.__wrap___aeabi_ui2f
                0x0000000010004ec4        0xa CMakeFiles/main.dir/home/ttb/raspberry-pi-pico/pico/pico-sdk/src/rp2_common/pico_float/float_aeabi.S.obj
                0x0000000010004ec4                __wrap___aeabi_ui2f
 *fill*         0x0000000010004ece        0x2 
 .text.__wrap___aeabi_i2f
                0x0000000010004ed0       0x44 CMakeFiles/main.dir/home/ttb/raspberry-pi-pico/pico/pico-sdk/src/rp2_common/pico_float/float_aeabi.S.obj
                0x0000000010004ed0                __wrap___aeabi_i2f
 .text.__wrap___aeabi_f2uiz
                0x0000000010004f14       0x10 CMakeFiles/main.dir/home/ttb/raspberry-pi-pico/pico/pico-sdk/src/rp2_common/pico_float/float_aeabi.S.obj
                0x0000000010004f14                __wrap___aeabi_f2uiz
 .text.__aeabi_float_init
                0x0000000010004f24       0xfc CMakeFiles/main.dir/home/ttb/raspberry-pi-pico/pico/pico-sdk/src/rp2_common/pico_float/float_init_rom.c.obj
                0x0000000010004f24                __aeabi_float_init
 .text.float_table_shim_on_use_helper
                0x0000000010005020       0x34 CMakeFiles/main.dir/home/ttb/raspberry-pi-pico/pico/pico-sdk/src/rp2_common/pico_float/float_v1_rom_shim.S.obj
                0x0000000010005020                float_table_shim_on_use_helper
 .text.__wrap_malloc
                0x0000000010005054       0x3c CMakeFiles/main.dir/home/ttb/raspberry-pi-pico/pico/pico-sdk/src/rp2_common/pico_malloc/pico_malloc.c.obj
                0x0000000010005054                __wrap_malloc
 .text.__wrap_free
                0x0000000010005090       0x20 CMakeFiles/main.dir/home/ttb/raspberry-pi-pico/pico/pico-sdk/src/rp2_common/pico_malloc/pico_malloc.c.obj
                0x0000000010005090                __wrap_free
 .text          0x00000000100050b0       0x10 CMakeFiles/main.dir/home/ttb/raspberry-pi-pico/pico/pico-sdk/src/rp2_common/pico_mem_ops/mem_ops_aeabi.S.obj
                0x00000000100050b0                __aeabi_mem_init
 .text.memset   0x00000000100050c0        0xc CMakeFiles/main.dir/home/ttb/raspberry-pi-pico/pico/pico-sdk/src/rp2_common/pico_mem_ops/mem_ops_aeabi.S.obj
                0x00000000100050c0                __wrap_memset
 .text.memcpy   0x00000000100050cc        0xc CMakeFiles/main.dir/home/ttb/raspberry-pi-pico/pico/pico-sdk/src/rp2_common/pico_mem_ops/mem_ops_aeabi.S.obj
                0x00000000100050cc                __wrap___aeabi_memcpy
                0x00000000100050cc                __wrap_memcpy
 .text.stdio_out_chars_no_crlf
                0x00000000100050d8        0xe CMakeFiles/main.dir/home/ttb/raspberry-pi-pico/pico/pico-sdk/src/rp2_common/pico_stdio/stdio.c.obj
 *fill*         0x00000000100050e6        0x2 
 .text.stdio_out_chars_crlf
                0x00000000100050e8       0x80 CMakeFiles/main.dir/home/ttb/raspberry-pi-pico/pico/pico-sdk/src/rp2_common/pico_stdio/stdio.c.obj
 .text.stdio_stack_buffer_flush
                0x0000000010005168       0x44 CMakeFiles/main.dir/home/ttb/raspberry-pi-pico/pico/pico-sdk/src/rp2_common/pico_stdio/stdio.c.obj
 .text.stdio_buffered_printer
                0x00000000100051ac       0x20 CMakeFiles/main.dir/home/ttb/raspberry-pi-pico/pico/pico-sdk/src/rp2_common/pico_stdio/stdio.c.obj
 .text.stdout_serialize_begin
                0x00000000100051cc       0x5c CMakeFiles/main.dir/home/ttb/raspberry-pi-pico/pico/pico-sdk/src/rp2_common/pico_stdio/stdio.c.obj
                0x00000000100051cc                stdout_serialize_begin
 .text.stdout_serialize_end
                0x0000000010005228       0x10 CMakeFiles/main.dir/home/ttb/raspberry-pi-pico/pico/pico-sdk/src/rp2_common/pico_stdio/stdio.c.obj
                0x0000000010005228                stdout_serialize_end
 .text.stdio_put_string
                0x0000000010005238       0x98 CMakeFiles/main.dir/home/ttb/raspberry-pi-pico/pico/pico-sdk/src/rp2_common/pico_stdio/stdio.c.obj
 .text.stdio_set_driver_enabled
                0x00000000100052d0       0x2c CMakeFiles/main.dir/home/ttb/raspberry-pi-pico/pico/pico-sdk/src/rp2_common/pico_stdio/stdio.c.obj
                0x00000000100052d0                stdio_set_driver_enabled
 .text.stdio_flush
                0x00000000100052fc       0x20 CMakeFiles/main.dir/home/ttb/raspberry-pi-pico/pico/pico-sdk/src/rp2_common/pico_stdio/stdio.c.obj
                0x00000000100052fc                stdio_flush
 .text.__wrap_puts
                0x000000001000531c       0x1e CMakeFiles/main.dir/home/ttb/raspberry-pi-pico/pico/pico-sdk/src/rp2_common/pico_stdio/stdio.c.obj
                0x000000001000531c                __wrap_puts
 *fill*         0x000000001000533a        0x2 
 .text.__wrap_vprintf
                0x000000001000533c       0x40 CMakeFiles/main.dir/home/ttb/raspberry-pi-pico/pico/pico-sdk/src/rp2_common/pico_stdio/stdio.c.obj
                0x000000001000533c                __wrap_vprintf
 .text.__wrap_printf
                0x000000001000537c       0x18 CMakeFiles/main.dir/home/ttb/raspberry-pi-pico/pico/pico-sdk/src/rp2_common/pico_stdio/stdio.c.obj
                0x000000001000537c                __wrap_printf
 .text.stdio_init_all
                0x0000000010005394        0xa CMakeFiles/main.dir/home/ttb/raspberry-pi-pico/pico/pico-sdk/src/rp2_common/pico_stdio/stdio.c.obj
                0x0000000010005394                stdio_init_all
 *fill*         0x000000001000539e        0x2 
 .text.stdio_uart_out_chars
                0x00000000100053a0       0x74 CMakeFiles/main.dir/home/ttb/raspberry-pi-pico/pico/pico-sdk/src/rp2_common/pico_stdio_uart/stdio_uart.c.obj
 .text.stdio_uart_in_chars
                0x0000000010005414       0x80 CMakeFiles/main.dir/home/ttb/raspberry-pi-pico/pico/pico-sdk/src/rp2_common/pico_stdio_uart/stdio_uart.c.obj
                0x0000000010005414                stdio_uart_in_chars
 .text.on_uart_rx
                0x0000000010005494       0x28 CMakeFiles/main.dir/home/ttb/raspberry-pi-pico/pico/pico-sdk/src/rp2_common/pico_stdio_uart/stdio_uart.c.obj
 .text.stdio_uart_set_chars_available_callback
                0x00000000100054bc       0x8c CMakeFiles/main.dir/home/ttb/raspberry-pi-pico/pico/pico-sdk/src/rp2_common/pico_stdio_uart/stdio_uart.c.obj
 .text.stdio_uart_init_full
                0x0000000010005548       0x44 CMakeFiles/main.dir/home/ttb/raspberry-pi-pico/pico/pico-sdk/src/rp2_common/pico_stdio_uart/stdio_uart.c.obj
                0x0000000010005548                stdio_uart_init_full
 .text.stdio_uart_init
                0x000000001000558c       0x28 CMakeFiles/main.dir/home/ttb/raspberry-pi-pico/pico/pico-sdk/src/rp2_common/pico_stdio_uart/stdio_uart.c.obj
                0x000000001000558c                stdio_uart_init
 .text._pio_can_add_program_at_offset
                0x00000000100055b4       0x3c CMakeFiles/main.dir/home/ttb/raspberry-pi-pico/pico/pico-sdk/src/rp2_common/hardware_pio/pio.c.obj
 .text._pio_find_offset_for_program
                0x00000000100055f0       0x7c CMakeFiles/main.dir/home/ttb/raspberry-pi-pico/pico/pico-sdk/src/rp2_common/hardware_pio/pio.c.obj
 .text._pio_add_program_at_offset
                0x000000001000566c       0x78 CMakeFiles/main.dir/home/ttb/raspberry-pi-pico/pico/pico-sdk/src/rp2_common/hardware_pio/pio.c.obj
 .text.pio_sm_unclaim
                0x00000000100056e4       0x20 CMakeFiles/main.dir/home/ttb/raspberry-pi-pico/pico/pico-sdk/src/rp2_common/hardware_pio/pio.c.obj
                0x00000000100056e4                pio_sm_unclaim
 .text.pio_claim_unused_sm
                0x0000000010005704       0x3c CMakeFiles/main.dir/home/ttb/raspberry-pi-pico/pico/pico-sdk/src/rp2_common/hardware_pio/pio.c.obj
                0x0000000010005704                pio_claim_unused_sm
 .text.pio_sm_is_claimed
                0x0000000010005740       0x20 CMakeFiles/main.dir/home/ttb/raspberry-pi-pico/pico/pico-sdk/src/rp2_common/hardware_pio/pio.c.obj
                0x0000000010005740                pio_sm_is_claimed
 .text.pio_can_add_program
                0x0000000010005760       0x26 CMakeFiles/main.dir/home/ttb/raspberry-pi-pico/pico/pico-sdk/src/rp2_common/hardware_pio/pio.c.obj
                0x0000000010005760                pio_can_add_program
 *fill*         0x0000000010005786        0x2 
 .text.pio_add_program
                0x0000000010005788       0x38 CMakeFiles/main.dir/home/ttb/raspberry-pi-pico/pico/pico-sdk/src/rp2_common/hardware_pio/pio.c.obj
                0x0000000010005788                pio_add_program
 .text.pio_remove_program
                0x00000000100057c0       0x58 CMakeFiles/main.dir/home/ttb/raspberry-pi-pico/pico/pico-sdk/src/rp2_common/hardware_pio/pio.c.obj
                0x00000000100057c0                pio_remove_program
 .text.pio_sm_set_pins_with_mask
                0x0000000010005818       0x9a CMakeFiles/main.dir/home/ttb/raspberry-pi-pico/pico/pico-sdk/src/rp2_common/hardware_pio/pio.c.obj
                0x0000000010005818                pio_sm_set_pins_with_mask
 *fill*         0x00000000100058b2        0x2 
 .text.pio_sm_set_pindirs_with_mask
                0x00000000100058b4       0x9c CMakeFiles/main.dir/home/ttb/raspberry-pi-pico/pico/pico-sdk/src/rp2_common/hardware_pio/pio.c.obj
                0x00000000100058b4                pio_sm_set_pindirs_with_mask
 .text.pio_sm_init
                0x0000000010005950       0xe4 CMakeFiles/main.dir/home/ttb/raspberry-pi-pico/pico/pico-sdk/src/rp2_common/hardware_pio/pio.c.obj
                0x0000000010005950                pio_sm_init
 .text.dma_channel_unclaim
                0x0000000010005a34       0x10 CMakeFiles/main.dir/home/ttb/raspberry-pi-pico/pico/pico-sdk/src/rp2_common/hardware_dma/dma.c.obj
                0x0000000010005a34                dma_channel_unclaim
 .text.dma_claim_unused_channel
                0x0000000010005a44       0x20 CMakeFiles/main.dir/home/ttb/raspberry-pi-pico/pico/pico-sdk/src/rp2_common/hardware_dma/dma.c.obj
                0x0000000010005a44                dma_claim_unused_channel
 .text.dma_channel_is_claimed
                0x0000000010005a64       0x10 CMakeFiles/main.dir/home/ttb/raspberry-pi-pico/pico/pico-sdk/src/rp2_common/hardware_dma/dma.c.obj
                0x0000000010005a64                dma_channel_is_claimed
 .text._retrieve_unique_id_on_boot
                0x0000000010005a74       0x10 CMakeFiles/main.dir/home/ttb/raspberry-pi-pico/pico/pico-sdk/src/rp2_common/pico_unique_id/unique_id.c.obj
 .text.flash_get_unique_id
                0x0000000010005a84       0x46 CMakeFiles/main.dir/home/ttb/raspberry-pi-pico/pico/pico-sdk/src/rp2_common/hardware_flash/flash.c.obj
                0x0000000010005a84                flash_get_unique_id
 *fill*         0x0000000010005aca        0x2 
 .text          0x0000000010005acc       0x28 /usr/lib/gcc/arm-none-eabi/10.3.1/../../../arm-none-eabi/lib/thumb/v6-m/nofp/libg.a(lib_a-malloc.o)
                0x0000000010005acc                malloc
                0x0000000010005ae0                free
 .text          0x0000000010005af4      0x574 /usr/lib/gcc/arm-none-eabi/10.3.1/../../../arm-none-eabi/lib/thumb/v6-m/nofp/libg.a(lib_a-mallocr.o)
                0x0000000010005af4                _malloc_r
 .text          0x0000000010006068        0x8 /usr/lib/gcc/arm-none-eabi/10.3.1/../../../arm-none-eabi/lib/thumb/v6-m/nofp/libg.a(lib_a-mlock.o)
                0x0000000010006068                __malloc_lock
                0x000000001000606c                __malloc_unlock
 .text          0x0000000010006070       0x24 /usr/lib/gcc/arm-none-eabi/10.3.1/../../../arm-none-eabi/lib/thumb/v6-m/nofp/libg.a(lib_a-sbrkr.o)
                0x0000000010006070                _sbrk_r
 .text          0x0000000010006094       0x5c /usr/lib/gcc/arm-none-eabi/10.3.1/../../../arm-none-eabi/lib/thumb/v6-m/nofp/libg.a(lib_a-strlen-stub.o)
                0x0000000010006094                strlen
 .text          0x00000000100060f0      0x260 /usr/lib/gcc/arm-none-eabi/10.3.1/../../../arm-none-eabi/lib/thumb/v6-m/nofp/libg.a(lib_a-freer.o)
                0x00000000100060f0                _malloc_trim_r
                0x000000001000618c                _free_r
 *(.fini)
 .fini          0x0000000010006350        0x4 /usr/lib/gcc/arm-none-eabi/10.3.1/thumb/v6-m/nofp/crti.o
                0x0000000010006350                _fini
 *fill*         0x0000000010006354        0x4 
 .fini.__stub   0x0000000010006358       0x60 linker stubs
 *crtbegin.o(.ctors)
 *crtbegin?.o(.ctors)
 *(EXCLUDE_FILE(*crtend.o *crtend?.o) .ctors)
 *(SORT_BY_NAME(.ctors.*))
 *(.ctors)
 *crtbegin.o(.dtors)
 *crtbegin?.o(.dtors)
 *(EXCLUDE_FILE(*crtend.o *crtend?.o) .dtors)
 *(SORT_BY_NAME(.dtors.*))
 *(.dtors)
 *(.eh_frame*)
 .eh_frame      0x00000000100063b8        0x0 /usr/lib/gcc/arm-none-eabi/10.3.1/thumb/v6-m/nofp/crtbegin.o
                0x00000000100063b8                . = ALIGN (0x4)

.glue_7         0x00000000100063b8        0x0
 .glue_7        0x00000000100063b8        0x0 linker stubs

.glue_7t        0x00000000100063b8        0x0
 .glue_7t       0x00000000100063b8        0x0 linker stubs

.vfp11_veneer   0x00000000100063b8        0x0
 .vfp11_veneer  0x00000000100063b8        0x0 linker stubs

.v4_bx          0x00000000100063b8        0x0
 .v4_bx         0x00000000100063b8        0x0 linker stubs

.iplt           0x00000000100063b8        0x0
 .iplt          0x00000000100063b8        0x0 /usr/lib/gcc/arm-none-eabi/10.3.1/thumb/v6-m/nofp/crtbegin.o

.rodata         0x00000000100063b8     0x15c0
 *(EXCLUDE_FILE(*libm.a: *libc.a:*lib_a-mem*.o *libgcc.a:) .rodata*)
 .rodata.channel_config_set_chain_to.str1.4
                0x00000000100063b8       0xb9 CMakeFiles/main.dir/main.cpp.obj
 *fill*         0x0000000010006471        0x3 
 .rodata.channel_config_set_dreq.str1.4
                0x0000000010006474       0x4c CMakeFiles/main.dir/main.cpp.obj
 .rodata._ZL13dma_configureP18_machine_i2s_obj_t.str1.4
                0x00000000100064c0       0x9f CMakeFiles/main.dir/main.cpp.obj
 *fill*         0x000000001000655f        0x1 
 .rodata.main.str1.4
                0x0000000010006560       0x64 CMakeFiles/main.dir/main.cpp.obj
                                         0x6c (size before relaxing)
 .rodata._ZL11pio_read_32
                0x00000000100065c4        0x6 CMakeFiles/main.dir/main.cpp.obj
 *fill*         0x00000000100065ca        0x2 
 .rodata._ZL12pio_write_16
                0x00000000100065cc        0x6 CMakeFiles/main.dir/main.cpp.obj
 *fill*         0x00000000100065d2        0x2 
 .rodata._ZL12pio_write_32
                0x00000000100065d4        0x6 CMakeFiles/main.dir/main.cpp.obj
 *fill*         0x00000000100065da        0x2 
 .rodata._ZL13i2s_frame_map
                0x00000000100065dc       0x20 CMakeFiles/main.dir/main.cpp.obj
 .rodata._ZL13pio_instances
                0x00000000100065fc        0x8 CMakeFiles/main.dir/main.cpp.obj
 .rodata._ZL24pio_instructions_read_32
                0x0000000010006604       0x10 CMakeFiles/main.dir/main.cpp.obj
 .rodata._ZL25pio_instructions_write_16
                0x0000000010006614       0x10 CMakeFiles/main.dir/main.cpp.obj
 .rodata._ZL25pio_instructions_write_32
                0x0000000010006624       0x10 CMakeFiles/main.dir/main.cpp.obj
 .rodata.hw_claim_clear.str1.4
                0x0000000010006634       0x70 CMakeFiles/main.dir/home/ttb/raspberry-pi-pico/pico/pico-sdk/src/rp2_common/hardware_claim/claim.c.obj
 .rodata.__func__.0
                0x00000000100066a4        0xf CMakeFiles/main.dir/home/ttb/raspberry-pi-pico/pico/pico-sdk/src/rp2_common/hardware_claim/claim.c.obj
 *fill*         0x00000000100066b3        0x1 
 .rodata.make_branch.str1.4
                0x00000000100066b4       0x7c CMakeFiles/main.dir/home/ttb/raspberry-pi-pico/pico/pico-sdk/src/rp2_common/hardware_irq/irq.c.obj
 .rodata.insert_branch_and_link.str1.4
                0x0000000010006730       0x10 CMakeFiles/main.dir/home/ttb/raspberry-pi-pico/pico/pico-sdk/src/rp2_common/hardware_irq/irq.c.obj
 .rodata.irq_set_exclusive_handler.str1.4
                0x0000000010006740       0x36 CMakeFiles/main.dir/home/ttb/raspberry-pi-pico/pico/pico-sdk/src/rp2_common/hardware_irq/irq.c.obj
 *fill*         0x0000000010006776        0x2 
 .rodata.irq_add_shared_handler.str1.4
                0x0000000010006778       0xd9 CMakeFiles/main.dir/home/ttb/raspberry-pi-pico/pico/pico-sdk/src/rp2_common/hardware_irq/irq.c.obj
 *fill*         0x0000000010006851        0x3 
 .rodata.irq_remove_handler.str1.4
                0x0000000010006854       0x3a CMakeFiles/main.dir/home/ttb/raspberry-pi-pico/pico/pico-sdk/src/rp2_common/hardware_irq/irq.c.obj
 *fill*         0x000000001000688e        0x2 
 .rodata.irq_add_tail_to_free_list.str1.4
                0x0000000010006890       0x3a CMakeFiles/main.dir/home/ttb/raspberry-pi-pico/pico/pico-sdk/src/rp2_common/hardware_irq/irq.c.obj
 *fill*         0x00000000100068ca        0x2 
 .rodata.__func__.0
                0x00000000100068cc       0x1a CMakeFiles/main.dir/home/ttb/raspberry-pi-pico/pico/pico-sdk/src/rp2_common/hardware_irq/irq.c.obj
 *fill*         0x00000000100068e6        0x2 
 .rodata.__func__.1
                0x00000000100068e8       0x17 CMakeFiles/main.dir/home/ttb/raspberry-pi-pico/pico/pico-sdk/src/rp2_common/hardware_irq/irq.c.obj
 *fill*         0x00000000100068ff        0x1 
 .rodata.__func__.2
                0x0000000010006900       0x13 CMakeFiles/main.dir/home/ttb/raspberry-pi-pico/pico/pico-sdk/src/rp2_common/hardware_irq/irq.c.obj
 *fill*         0x0000000010006913        0x1 
 .rodata.__func__.3
                0x0000000010006914        0xc CMakeFiles/main.dir/home/ttb/raspberry-pi-pico/pico/pico-sdk/src/rp2_common/hardware_irq/irq.c.obj
 .rodata.__func__.4
                0x0000000010006920        0xf CMakeFiles/main.dir/home/ttb/raspberry-pi-pico/pico/pico-sdk/src/rp2_common/hardware_irq/irq.c.obj
 *fill*         0x000000001000692f        0x1 
 .rodata.__func__.6
                0x0000000010006930       0x1a CMakeFiles/main.dir/home/ttb/raspberry-pi-pico/pico/pico-sdk/src/rp2_common/hardware_irq/irq.c.obj
 *fill*         0x000000001000694a        0x2 
 .rodata.str1.4
                0x000000001000694c      0x109 CMakeFiles/main.dir/home/ttb/raspberry-pi-pico/pico/pico-sdk/src/common/pico_sync/mutex.c.obj
 *fill*         0x0000000010006a55        0x3 
 .rodata.__func__.1
                0x0000000010006a58        0xb CMakeFiles/main.dir/home/ttb/raspberry-pi-pico/pico/pico-sdk/src/common/pico_sync/mutex.c.obj
 *fill*         0x0000000010006a63        0x1 
 .rodata.__func__.3
                0x0000000010006a64       0x18 CMakeFiles/main.dir/home/ttb/raspberry-pi-pico/pico/pico-sdk/src/common/pico_sync/mutex.c.obj
 .rodata.repeating_timer_callback.str1.4
                0x0000000010006a7c       0x5a CMakeFiles/main.dir/home/ttb/raspberry-pi-pico/pico/pico-sdk/src/common/pico_time/time.c.obj
 *fill*         0x0000000010006ad6        0x2 
 .rodata.timer_pool_entry_comparator.str1.4
                0x0000000010006ad8       0x22 CMakeFiles/main.dir/home/ttb/raspberry-pi-pico/pico/pico-sdk/src/common/pico_time/time.c.obj
 *fill*         0x0000000010006afa        0x2 
 .rodata.ph_add_child_node.str1.4
                0x0000000010006afc       0xa6 CMakeFiles/main.dir/home/ttb/raspberry-pi-pico/pico/pico-sdk/src/common/pico_time/time.c.obj
 *fill*         0x0000000010006ba2        0x2 
 .rodata.add_alarm_under_lock.str1.4
                0x0000000010006ba4       0x28 CMakeFiles/main.dir/home/ttb/raspberry-pi-pico/pico/pico-sdk/src/common/pico_time/time.c.obj
                                         0x2b (size before relaxing)
 .rodata.alarm_pool_alarm_callback.str1.4
                0x0000000010006bcc       0x98 CMakeFiles/main.dir/home/ttb/raspberry-pi-pico/pico/pico-sdk/src/common/pico_time/time.c.obj
                                        0x108 (size before relaxing)
 .rodata.alarm_pool_get_default.str1.4
                0x0000000010006c64       0x21 CMakeFiles/main.dir/home/ttb/raspberry-pi-pico/pico/pico-sdk/src/common/pico_time/time.c.obj
 *fill*         0x0000000010006c85        0x3 
 .rodata.alarm_pool_cancel_alarm.str1.4
                0x0000000010006c88       0x27 CMakeFiles/main.dir/home/ttb/raspberry-pi-pico/pico/pico-sdk/src/common/pico_time/time.c.obj
 *fill*         0x0000000010006caf        0x1 
 .rodata.sleep_until.str1.4
                0x0000000010006cb0       0x4d CMakeFiles/main.dir/home/ttb/raspberry-pi-pico/pico/pico-sdk/src/common/pico_time/time.c.obj
 *fill*         0x0000000010006cfd        0x3 
 .rodata.__func__.1
                0x0000000010006d00       0x18 CMakeFiles/main.dir/home/ttb/raspberry-pi-pico/pico/pico-sdk/src/common/pico_time/time.c.obj
 .rodata.__func__.10
                0x0000000010006d18       0x15 CMakeFiles/main.dir/home/ttb/raspberry-pi-pico/pico/pico-sdk/src/common/pico_time/time.c.obj
 *fill*         0x0000000010006d2d        0x3 
 .rodata.__func__.11
                0x0000000010006d30       0x1a CMakeFiles/main.dir/home/ttb/raspberry-pi-pico/pico/pico-sdk/src/common/pico_time/time.c.obj
 *fill*         0x0000000010006d4a        0x2 
 .rodata.__func__.12
                0x0000000010006d4c        0xa CMakeFiles/main.dir/home/ttb/raspberry-pi-pico/pico/pico-sdk/src/common/pico_time/time.c.obj
 *fill*         0x0000000010006d56        0x2 
 .rodata.__func__.3
                0x0000000010006d58       0x17 CMakeFiles/main.dir/home/ttb/raspberry-pi-pico/pico/pico-sdk/src/common/pico_time/time.c.obj
 *fill*         0x0000000010006d6f        0x1 
 .rodata.__func__.4
                0x0000000010006d70       0x12 CMakeFiles/main.dir/home/ttb/raspberry-pi-pico/pico/pico-sdk/src/common/pico_time/time.c.obj
 *fill*         0x0000000010006d82        0x2 
 .rodata.__func__.5
                0x0000000010006d84        0xd CMakeFiles/main.dir/home/ttb/raspberry-pi-pico/pico/pico-sdk/src/common/pico_time/time.c.obj
 *fill*         0x0000000010006d91        0x3 
 .rodata.__func__.6
                0x0000000010006d94       0x12 CMakeFiles/main.dir/home/ttb/raspberry-pi-pico/pico/pico-sdk/src/common/pico_time/time.c.obj
 *fill*         0x0000000010006da6        0x2 
 .rodata.__func__.7
                0x0000000010006da8        0xf CMakeFiles/main.dir/home/ttb/raspberry-pi-pico/pico/pico-sdk/src/common/pico_time/time.c.obj
 *fill*         0x0000000010006db7        0x1 
 .rodata.__func__.8
                0x0000000010006db8        0xc CMakeFiles/main.dir/home/ttb/raspberry-pi-pico/pico/pico-sdk/src/common/pico_time/time.c.obj
 .rodata.__func__.9
                0x0000000010006dc4       0x15 CMakeFiles/main.dir/home/ttb/raspberry-pi-pico/pico/pico-sdk/src/common/pico_time/time.c.obj
 *fill*         0x0000000010006dd9        0x3 
 .rodata.hardware_alarm_claim.str1.4
                0x0000000010006ddc       0x22 CMakeFiles/main.dir/home/ttb/raspberry-pi-pico/pico/pico-sdk/src/rp2_common/hardware_timer/timer.c.obj
 .rodata.busy_wait_us.str1.4
                0x0000000010006dfe       0x70 CMakeFiles/main.dir/home/ttb/raspberry-pi-pico/pico/pico-sdk/src/rp2_common/hardware_timer/timer.c.obj
 *fill*         0x0000000010006dfe        0x2 
 .rodata.hardware_alarm_set_target.str1.4
                0x0000000010006e00       0x74 CMakeFiles/main.dir/home/ttb/raspberry-pi-pico/pico/pico-sdk/src/rp2_common/hardware_timer/timer.c.obj
 .rodata.__func__.0
                0x0000000010006e74       0x1a CMakeFiles/main.dir/home/ttb/raspberry-pi-pico/pico/pico-sdk/src/rp2_common/hardware_timer/timer.c.obj
 *fill*         0x0000000010006e8e        0x2 
 .rodata.__func__.1
                0x0000000010006e90       0x15 CMakeFiles/main.dir/home/ttb/raspberry-pi-pico/pico/pico-sdk/src/rp2_common/hardware_timer/timer.c.obj
 .rodata.ph_add_child_node.str1.4
                0x0000000010006ea5       0xa6 CMakeFiles/main.dir/home/ttb/raspberry-pi-pico/pico/pico-sdk/src/common/pico_util/pheap.c.obj
 *fill*         0x0000000010006ea5        0x3 
 .rodata.ph_remove_any_head.str1.4
                0x0000000010006ea8       0x9c CMakeFiles/main.dir/home/ttb/raspberry-pi-pico/pico/pico-sdk/src/common/pico_util/pheap.c.obj
                                         0xb0 (size before relaxing)
 .rodata.ph_remove_and_free_node.str1.4
                0x0000000010006f44       0x1e CMakeFiles/main.dir/home/ttb/raspberry-pi-pico/pico/pico-sdk/src/common/pico_util/pheap.c.obj
                                         0x26 (size before relaxing)
 *fill*         0x0000000010006f62        0x2 
 .rodata.__func__.0
                0x0000000010006f64       0x18 CMakeFiles/main.dir/home/ttb/raspberry-pi-pico/pico/pico-sdk/src/common/pico_util/pheap.c.obj
 .rodata.__func__.1
                0x0000000010006f7c       0x13 CMakeFiles/main.dir/home/ttb/raspberry-pi-pico/pico/pico-sdk/src/common/pico_util/pheap.c.obj
 *fill*         0x0000000010006f8f        0x1 
 .rodata.__func__.2
                0x0000000010006f90       0x12 CMakeFiles/main.dir/home/ttb/raspberry-pi-pico/pico/pico-sdk/src/common/pico_util/pheap.c.obj
 *fill*         0x0000000010006fa2        0x2 
 .rodata.__func__.3
                0x0000000010006fa4        0xc CMakeFiles/main.dir/home/ttb/raspberry-pi-pico/pico/pico-sdk/src/common/pico_util/pheap.c.obj
 .rodata.clock_configure.str1.4
                0x0000000010006fb0       0x66 CMakeFiles/main.dir/home/ttb/raspberry-pi-pico/pico/pico-sdk/src/rp2_common/hardware_clocks/clocks.c.obj
 *fill*         0x0000000010007016        0x2 
 .rodata.__func__.1
                0x0000000010007018       0x10 CMakeFiles/main.dir/home/ttb/raspberry-pi-pico/pico/pico-sdk/src/rp2_common/hardware_clocks/clocks.c.obj
 .rodata.pll_init.str1.4
                0x0000000010007028      0x130 CMakeFiles/main.dir/home/ttb/raspberry-pi-pico/pico/pico-sdk/src/rp2_common/hardware_pll/pll.c.obj
 .rodata.__func__.0
                0x0000000010007158        0x9 CMakeFiles/main.dir/home/ttb/raspberry-pi-pico/pico/pico-sdk/src/rp2_common/hardware_pll/pll.c.obj
 *fill*         0x0000000010007161        0x3 
 .rodata.__assert_func.str1.4
                0x0000000010007164       0x3f CMakeFiles/main.dir/home/ttb/raspberry-pi-pico/pico/pico-sdk/src/rp2_common/pico_runtime/runtime.c.obj
                                         0x43 (size before relaxing)
 *fill*         0x00000000100071a3        0x1 
 .rodata.runtime_init.str1.4
                0x00000000100071a4       0x70 CMakeFiles/main.dir/home/ttb/raspberry-pi-pico/pico/pico-sdk/src/rp2_common/pico_runtime/runtime.c.obj
 .rodata.panic.str1.4
                0x0000000010007214       0x12 CMakeFiles/main.dir/home/ttb/raspberry-pi-pico/pico/pico-sdk/src/rp2_common/pico_runtime/runtime.c.obj
 *fill*         0x0000000010007226        0x2 
 .rodata.__func__.2
                0x0000000010007228        0xd CMakeFiles/main.dir/home/ttb/raspberry-pi-pico/pico/pico-sdk/src/rp2_common/pico_runtime/runtime.c.obj
 *fill*         0x0000000010007235        0x3 
 .rodata._ftoa.str1.4
                0x0000000010007238       0x15 CMakeFiles/main.dir/home/ttb/raspberry-pi-pico/pico/pico-sdk/src/rp2_common/pico_printf/printf.c.obj
 *fill*         0x000000001000724d        0x3 
 .rodata._vsnprintf
                0x0000000010007250      0x1e0 CMakeFiles/main.dir/home/ttb/raspberry-pi-pico/pico/pico-sdk/src/rp2_common/pico_printf/printf.c.obj
 .rodata.pow10.0
                0x0000000010007430       0x50 CMakeFiles/main.dir/home/ttb/raspberry-pi-pico/pico/pico-sdk/src/rp2_common/pico_printf/printf.c.obj
 .rodata.__aeabi_double_init.str1.4
                0x0000000010007480       0xab CMakeFiles/main.dir/home/ttb/raspberry-pi-pico/pico/pico-sdk/src/rp2_common/pico_double/double_init_rom.c.obj
 *fill*         0x000000001000752b        0x1 
 .rodata.__func__.0
                0x000000001000752c       0x14 CMakeFiles/main.dir/home/ttb/raspberry-pi-pico/pico/pico-sdk/src/rp2_common/pico_double/double_init_rom.c.obj
 .rodata.__aeabi_float_init.str1.4
                0x0000000010007540       0x89 CMakeFiles/main.dir/home/ttb/raspberry-pi-pico/pico/pico-sdk/src/rp2_common/pico_float/float_init_rom.c.obj
                                         0x8d (size before relaxing)
 *fill*         0x00000000100075c9        0x3 
 .rodata.__func__.0
                0x00000000100075cc       0x13 CMakeFiles/main.dir/home/ttb/raspberry-pi-pico/pico/pico-sdk/src/rp2_common/pico_float/float_init_rom.c.obj
 *fill*         0x00000000100075df        0x1 
 .rodata.__wrap_malloc.str1.4
                0x00000000100075e0        0xe CMakeFiles/main.dir/home/ttb/raspberry-pi-pico/pico/pico-sdk/src/rp2_common/pico_malloc/pico_malloc.c.obj
 *fill*         0x00000000100075ee        0x2 
 .rodata.str1.4
                0x00000000100075f0       0x3c CMakeFiles/main.dir/home/ttb/raspberry-pi-pico/pico/pico-sdk/src/rp2_common/pico_standard_link/binary_info.c.obj
 .rodata.__bi_44
                0x000000001000762c        0xc CMakeFiles/main.dir/home/ttb/raspberry-pi-pico/pico/pico-sdk/src/rp2_common/pico_standard_link/binary_info.c.obj
 .rodata.__bi_75
                0x0000000010007638        0xc CMakeFiles/main.dir/home/ttb/raspberry-pi-pico/pico/pico-sdk/src/rp2_common/pico_standard_link/binary_info.c.obj
 .rodata.__bi_81
                0x0000000010007644        0xc CMakeFiles/main.dir/home/ttb/raspberry-pi-pico/pico/pico-sdk/src/rp2_common/pico_standard_link/binary_info.c.obj
 .rodata.stdout_serialize_begin.str1.4
                0x0000000010007650       0x70 CMakeFiles/main.dir/home/ttb/raspberry-pi-pico/pico/pico-sdk/src/rp2_common/pico_stdio/stdio.c.obj
 .rodata.__func__.3
                0x0000000010007650       0x15 CMakeFiles/main.dir/home/ttb/raspberry-pi-pico/pico/pico-sdk/src/rp2_common/pico_stdio/stdio.c.obj
 *fill*         0x0000000010007665        0x3 
 .rodata.crlf_str.2
                0x0000000010007668        0x2 CMakeFiles/main.dir/home/ttb/raspberry-pi-pico/pico/pico-sdk/src/rp2_common/pico_stdio/stdio.c.obj
 *fill*         0x000000001000766a        0x2 
 .rodata.str1.4
                0x000000001000766c       0x2c CMakeFiles/main.dir/home/ttb/raspberry-pi-pico/pico/pico-sdk/src/rp2_common/pico_stdio_uart/stdio_uart.c.obj
 .rodata.__bi_33.4
                0x0000000010007698        0xc CMakeFiles/main.dir/home/ttb/raspberry-pi-pico/pico/pico-sdk/src/rp2_common/pico_stdio_uart/stdio_uart.c.obj
 .rodata.__bi_34.5
                0x00000000100076a4        0x8 CMakeFiles/main.dir/home/ttb/raspberry-pi-pico/pico/pico-sdk/src/rp2_common/pico_stdio_uart/stdio_uart.c.obj
 .rodata._pio_find_offset_for_program.str1.4
                0x00000000100076ac       0x78 CMakeFiles/main.dir/home/ttb/raspberry-pi-pico/pico/pico-sdk/src/rp2_common/hardware_pio/pio.c.obj
 .rodata._pio_add_program_at_offset.str1.4
                0x0000000010007724       0x11 CMakeFiles/main.dir/home/ttb/raspberry-pi-pico/pico/pico-sdk/src/rp2_common/hardware_pio/pio.c.obj
 *fill*         0x0000000010007735        0x3 
 .rodata.pio_claim_unused_sm.str1.4
                0x0000000010007738       0x24 CMakeFiles/main.dir/home/ttb/raspberry-pi-pico/pico/pico-sdk/src/rp2_common/hardware_pio/pio.c.obj
 .rodata.pio_remove_program.str1.4
                0x000000001000775c       0x4d CMakeFiles/main.dir/home/ttb/raspberry-pi-pico/pico/pico-sdk/src/rp2_common/hardware_pio/pio.c.obj
 *fill*         0x00000000100077a9        0x3 
 .rodata.__func__.0
                0x00000000100077ac       0x13 CMakeFiles/main.dir/home/ttb/raspberry-pi-pico/pico/pico-sdk/src/rp2_common/hardware_pio/pio.c.obj
 *fill*         0x00000000100077bf        0x1 
 .rodata.__func__.1
                0x00000000100077c0       0x1d CMakeFiles/main.dir/home/ttb/raspberry-pi-pico/pico/pico-sdk/src/rp2_common/hardware_pio/pio.c.obj
 *fill*         0x00000000100077dd        0x3 
 .rodata.dma_claim_unused_channel.str1.4
                0x00000000100077e0       0x1e CMakeFiles/main.dir/home/ttb/raspberry-pi-pico/pico/pico-sdk/src/rp2_common/hardware_dma/dma.c.obj
 *fill*         0x00000000100077fe        0x2 
 .rodata.str1.4
                0x0000000010007800      0x166 CMakeFiles/main.dir/home/ttb/raspberry-pi-pico/pico/pico-sdk/src/rp2_common/hardware_flash/flash.c.obj
 *fill*         0x0000000010007966        0x2 
 .rodata.__func__.0
                0x0000000010007968        0xd CMakeFiles/main.dir/home/ttb/raspberry-pi-pico/pico/pico-sdk/src/rp2_common/hardware_flash/flash.c.obj
                0x0000000010007978                . = ALIGN (0x4)
 *fill*         0x0000000010007975        0x3 
 *(SORT_BY_ALIGNMENT(SORT_BY_NAME(.flashdata*)))
                0x0000000010007978                . = ALIGN (0x4)

.ARM.extab
 *(.ARM.extab* .gnu.linkonce.armextab.*)
                0x0000000010007978                __exidx_start = .

.ARM.exidx
 *(.ARM.exidx* .gnu.linkonce.armexidx.*)
                0x0000000010007978                __exidx_end = .
                0x0000000010007978                . = ALIGN (0x4)
                0x0000000010007978                __binary_info_start = .

.binary_info    0x0000000010007978       0x24
 *(.binary_info.keep.*)
 .binary_info.keep.__bi_ptr22
                0x0000000010007978        0x4 CMakeFiles/main.dir/home/ttb/raspberry-pi-pico/pico/pico-sdk/src/rp2_common/pico_standard_link/binary_info.c.obj
 .binary_info.keep.__bi_ptr30
                0x000000001000797c        0x4 CMakeFiles/main.dir/home/ttb/raspberry-pi-pico/pico/pico-sdk/src/rp2_common/pico_standard_link/binary_info.c.obj
 .binary_info.keep.__bi_ptr38
                0x0000000010007980        0x4 CMakeFiles/main.dir/home/ttb/raspberry-pi-pico/pico/pico-sdk/src/rp2_common/pico_standard_link/binary_info.c.obj
 .binary_info.keep.__bi_ptr44
                0x0000000010007984        0x4 CMakeFiles/main.dir/home/ttb/raspberry-pi-pico/pico/pico-sdk/src/rp2_common/pico_standard_link/binary_info.c.obj
 .binary_info.keep.__bi_ptr50
                0x0000000010007988        0x4 CMakeFiles/main.dir/home/ttb/raspberry-pi-pico/pico/pico-sdk/src/rp2_common/pico_standard_link/binary_info.c.obj
 .binary_info.keep.__bi_ptr75
                0x000000001000798c        0x4 CMakeFiles/main.dir/home/ttb/raspberry-pi-pico/pico/pico-sdk/src/rp2_common/pico_standard_link/binary_info.c.obj
 .binary_info.keep.__bi_ptr81
                0x0000000010007990        0x4 CMakeFiles/main.dir/home/ttb/raspberry-pi-pico/pico/pico-sdk/src/rp2_common/pico_standard_link/binary_info.c.obj
 *(.binary_info.*)
 .binary_info.__bi_ptr33
                0x0000000010007994        0x4 CMakeFiles/main.dir/home/ttb/raspberry-pi-pico/pico/pico-sdk/src/rp2_common/pico_stdio_uart/stdio_uart.c.obj
 .binary_info.__bi_ptr34
                0x0000000010007998        0x4 CMakeFiles/main.dir/home/ttb/raspberry-pi-pico/pico/pico-sdk/src/rp2_common/pico_stdio_uart/stdio_uart.c.obj
                0x000000001000799c                __binary_info_end = .

.rel.dyn        0x000000001000799c        0x0
 .rel.iplt      0x000000001000799c        0x0 /usr/lib/gcc/arm-none-eabi/10.3.1/thumb/v6-m/nofp/crtbegin.o
                0x000000001000799c                . = ALIGN (0x4)

.ram_vector_table
                0x0000000020000000       0xc0
 *(.ram_vector_table)
 .ram_vector_table
                0x0000000020000000       0xc0 CMakeFiles/main.dir/home/ttb/raspberry-pi-pico/pico/pico-sdk/src/rp2_common/pico_runtime/runtime.c.obj
                0x0000000020000000                ram_vector_table

.data           0x00000000200000c0      0xc20 load address 0x000000001000799c
                0x00000000200000c0                __data_start__ = .
 *(vtable)
 *(.time_critical*)
 .time_critical.mutex_enter_blocking
                0x00000000200000c0       0x48 CMakeFiles/main.dir/home/ttb/raspberry-pi-pico/pico/pico-sdk/src/common/pico_sync/mutex.c.obj
                0x00000000200000c0                mutex_enter_blocking
 .time_critical.mutex_try_enter
                0x0000000020000108       0x46 CMakeFiles/main.dir/home/ttb/raspberry-pi-pico/pico/pico-sdk/src/common/pico_sync/mutex.c.obj
                0x0000000020000108                mutex_try_enter
 *fill*         0x000000002000014e        0x2 
 .time_critical.mutex_enter_block_until
                0x0000000020000150       0x8c CMakeFiles/main.dir/home/ttb/raspberry-pi-pico/pico/pico-sdk/src/common/pico_sync/mutex.c.obj
                0x0000000020000150                mutex_enter_block_until
 .time_critical.mutex_try_enter_block_until
                0x00000000200001dc       0x34 CMakeFiles/main.dir/home/ttb/raspberry-pi-pico/pico/pico-sdk/src/common/pico_sync/mutex.c.obj
                0x00000000200001dc                mutex_try_enter_block_until
 .time_critical.mutex_exit
                0x0000000020000210       0x4c CMakeFiles/main.dir/home/ttb/raspberry-pi-pico/pico/pico-sdk/src/common/pico_sync/mutex.c.obj
                0x0000000020000210                mutex_exit
 .time_critical.flash_init_boot2_copyout
                0x000000002000025c       0x30 CMakeFiles/main.dir/home/ttb/raspberry-pi-pico/pico/pico-sdk/src/rp2_common/hardware_flash/flash.c.obj
 .time_critical.flash_enable_xip_via_boot2
                0x000000002000028c       0x10 CMakeFiles/main.dir/home/ttb/raspberry-pi-pico/pico/pico-sdk/src/rp2_common/hardware_flash/flash.c.obj
 .time_critical.flash_cs_force
                0x000000002000029c       0x28 CMakeFiles/main.dir/home/ttb/raspberry-pi-pico/pico/pico-sdk/src/rp2_common/hardware_flash/flash.c.obj
 .time_critical.flash_do_cmd
                0x00000000200002c4       0xd8 CMakeFiles/main.dir/home/ttb/raspberry-pi-pico/pico/pico-sdk/src/rp2_common/hardware_flash/flash.c.obj
                0x00000000200002c4                flash_do_cmd
 *(.text*)
 .text          0x000000002000039c        0x4 /usr/lib/gcc/arm-none-eabi/10.3.1/thumb/v6-m/nofp/libgcc.a(_dvmd_tls.o)
                0x000000002000039c                __aeabi_ldiv0
                0x000000002000039c                __aeabi_idiv0
 .text.__stub   0x00000000200003a0       0x20 linker stubs
                0x00000000200003c0                . = ALIGN (0x4)
 *(.rodata*)
                0x00000000200003c0                . = ALIGN (0x4)
 *(.data*)
 .data.striped_spin_lock_num
                0x00000000200003c0        0x1 CMakeFiles/main.dir/home/ttb/raspberry-pi-pico/pico/pico-sdk/src/rp2_common/hardware_sync/sync.c.obj
 *fill*         0x00000000200003c1        0x3 
 .data          0x00000000200003c4       0x48 CMakeFiles/main.dir/home/ttb/raspberry-pi-pico/pico/pico-sdk/src/rp2_common/hardware_irq/irq_handler_chain.S.obj
                0x00000000200003c4                irq_handler_chain_slots
                0x00000000200003f4                irq_handler_chain_first_slot
                0x00000000200003fe                irq_handler_chain_remove_tail
 .data.default_alarm_pool
                0x000000002000040c       0x18 CMakeFiles/main.dir/home/ttb/raspberry-pi-pico/pico/pico-sdk/src/common/pico_time/time.c.obj
 .data.default_alarm_pool_heap
                0x0000000020000424       0x10 CMakeFiles/main.dir/home/ttb/raspberry-pi-pico/pico/pico-sdk/src/common/pico_time/time.c.obj
 *fill*         0x0000000020000434        0xc 
 .data.aeabi_bits_funcs
                0x0000000020000440       0x10 CMakeFiles/main.dir/home/ttb/raspberry-pi-pico/pico/pico-sdk/src/rp2_common/pico_bit_ops/bit_ops_aeabi.S.obj
                0x0000000020000440                aeabi_bits_funcs
                0x0000000020000450                aeabi_bits_funcs_end
 .data.aeabi_mem_funcs
                0x0000000020000450       0x10 CMakeFiles/main.dir/home/ttb/raspberry-pi-pico/pico/pico-sdk/src/rp2_common/pico_mem_ops/mem_ops_aeabi.S.obj
                0x0000000020000450                aeabi_mem_funcs
                0x0000000020000460                aeabi_mem_funcs_end
 .data.stdio_uart
                0x0000000020000460       0x18 CMakeFiles/main.dir/home/ttb/raspberry-pi-pico/pico/pico-sdk/src/rp2_common/pico_stdio_uart/stdio_uart.c.obj
                0x0000000020000460                stdio_uart
 .data          0x0000000020000478      0x430 /usr/lib/gcc/arm-none-eabi/10.3.1/../../../arm-none-eabi/lib/thumb/v6-m/nofp/libg.a(lib_a-impure.o)
                0x0000000020000478                _impure_ptr
 .data          0x00000000200008a8      0x410 /usr/lib/gcc/arm-none-eabi/10.3.1/../../../arm-none-eabi/lib/thumb/v6-m/nofp/libg.a(lib_a-mallocr.o)
                0x00000000200008a8                __malloc_sbrk_base
                0x00000000200008ac                __malloc_trim_threshold
                0x00000000200008b0                __malloc_av_
                0x0000000020000cb8                . = ALIGN (0x4)
 *(.after_data.*)
                0x0000000020000cb8                . = ALIGN (0x4)
                0x0000000020000cb8                PROVIDE (__mutex_array_start = .)
 *(SORT_BY_NAME(.mutex_array.*))
 *(.mutex_array)
 .mutex_array   0x0000000020000cb8        0x8 CMakeFiles/main.dir/home/ttb/raspberry-pi-pico/pico/pico-sdk/src/rp2_common/pico_malloc/pico_malloc.c.obj
 .mutex_array   0x0000000020000cc0        0x8 CMakeFiles/main.dir/home/ttb/raspberry-pi-pico/pico/pico-sdk/src/rp2_common/pico_stdio/stdio.c.obj
                0x0000000020000cc8                PROVIDE (__mutex_array_end = .)
                0x0000000020000cc8                . = ALIGN (0x4)
                0x0000000020000cc8                PROVIDE (__preinit_array_start = .)
 *(SORT_BY_NAME(.preinit_array.*))
 .preinit_array.00001
                0x0000000020000cc8        0x4 CMakeFiles/main.dir/home/ttb/raspberry-pi-pico/pico/pico-sdk/src/rp2_common/pico_mem_ops/mem_ops_aeabi.S.obj
 .preinit_array.00010
                0x0000000020000ccc        0x4 CMakeFiles/main.dir/home/ttb/raspberry-pi-pico/pico/pico-sdk/src/rp2_common/pico_bit_ops/bit_ops_aeabi.S.obj
 .preinit_array.00020
                0x0000000020000cd0        0x4 CMakeFiles/main.dir/home/ttb/raspberry-pi-pico/pico/pico-sdk/src/rp2_common/pico_double/double_aeabi.S.obj
 .preinit_array.00020
                0x0000000020000cd4        0x4 CMakeFiles/main.dir/home/ttb/raspberry-pi-pico/pico/pico-sdk/src/rp2_common/pico_float/float_aeabi.S.obj
 *(.preinit_array)
                0x0000000020000cd8                PROVIDE (__preinit_array_end = .)
                0x0000000020000cd8                . = ALIGN (0x4)
                0x0000000020000cd8                PROVIDE (__init_array_start = .)
 *(SORT_BY_NAME(.init_array.*))
 *(.init_array)
 .init_array    0x0000000020000cd8        0x4 /usr/lib/gcc/arm-none-eabi/10.3.1/thumb/v6-m/nofp/crtbegin.o
 .init_array    0x0000000020000cdc        0x4 CMakeFiles/main.dir/home/ttb/raspberry-pi-pico/pico/pico-sdk/src/rp2_common/pico_unique_id/unique_id.c.obj
                0x0000000020000ce0                PROVIDE (__init_array_end = .)
                0x0000000020000ce0                . = ALIGN (0x4)
                0x0000000020000ce0                PROVIDE (__fini_array_start = .)
 *(SORT_BY_NAME(.fini_array.*))
 *(.fini_array)
                0x0000000020000ce0                PROVIDE (__fini_array_end = .)
 *(.jcr)
                0x0000000020000ce0                . = ALIGN (0x4)
                0x0000000020000ce0                __data_end__ = .
                0x000000001000799c                __etext = LOADADDR (.data)

.tm_clone_table
                0x0000000020000ce0        0x0 load address 0x00000000100085bc
 .tm_clone_table
                0x0000000020000ce0        0x0 /usr/lib/gcc/arm-none-eabi/10.3.1/thumb/v6-m/nofp/crtbegin.o
 .tm_clone_table
                0x0000000020000ce0        0x0 /usr/lib/gcc/arm-none-eabi/10.3.1/thumb/v6-m/nofp/crtend.o

.igot.plt       0x0000000020000ce0        0x0 load address 0x00000000100085bc
 .igot.plt      0x0000000020000ce0        0x0 /usr/lib/gcc/arm-none-eabi/10.3.1/thumb/v6-m/nofp/crtbegin.o

.uninitialized_data
                0x0000000020000ce0        0x0 load address 0x00000000100085bc
                0x0000000020000ce0                . = ALIGN (0x4)
 *(.uninitialized_data*)

.scratch_x      0x0000000020040000        0x0 load address 0x00000000100085bc
                0x0000000020040000                __scratch_x_start__ = .
 *(.scratch_x.*)
                0x0000000020040000                . = ALIGN (0x4)
                0x0000000020040000                __scratch_x_end__ = .
                0x00000000100085bc                __scratch_x_source__ = LOADADDR (.scratch_x)

.scratch_y      0x0000000020041000        0x0 load address 0x00000000100085bc
                0x0000000020041000                __scratch_y_start__ = .
 *(.scratch_y.*)
                0x0000000020041000                . = ALIGN (0x4)
                0x0000000020041000                __scratch_y_end__ = .
                0x00000000100085bc                __scratch_y_source__ = LOADADDR (.scratch_y)

.bss            0x0000000020000ce0      0x530
                0x0000000020000ce0                . = ALIGN (0x4)
                0x0000000020000ce0                __bss_start__ = .
 *(SORT_BY_ALIGNMENT(SORT_BY_NAME(.bss*)))
 .bss.default_alarm_pool_entries
                0x0000000020000ce0      0x100 CMakeFiles/main.dir/home/ttb/raspberry-pi-pico/pico/pico-sdk/src/common/pico_time/time.c.obj
 .bss           0x0000000020000de0       0x1c /usr/lib/gcc/arm-none-eabi/10.3.1/thumb/v6-m/nofp/crtbegin.o
 .bss           0x0000000020000dfc       0x34 /usr/lib/gcc/arm-none-eabi/10.3.1/../../../arm-none-eabi/lib/thumb/v6-m/nofp/libg.a(lib_a-mallocr.o)
                0x0000000020000dfc                __malloc_top_pad
                0x0000000020000e00                __malloc_current_mallinfo
                0x0000000020000e28                __malloc_max_sbrked_mem
                0x0000000020000e2c                __malloc_max_total_mem
 .bss           0x0000000020000e30        0x4 /usr/lib/gcc/arm-none-eabi/10.3.1/../../../arm-none-eabi/lib/thumb/v6-m/nofp/libg.a(lib_a-reent.o)
                0x0000000020000e30                errno
 .bss._ZL15machine_i2s_obj
                0x0000000020000e34        0x8 CMakeFiles/main.dir/main.cpp.obj
 .bss._used_instruction_space
                0x0000000020000e3c        0x8 CMakeFiles/main.dir/home/ttb/raspberry-pi-pico/pico/pico-sdk/src/rp2_common/hardware_pio/pio.c.obj
 .bss.alarm_callbacks
                0x0000000020000e44       0x10 CMakeFiles/main.dir/home/ttb/raspberry-pi-pico/pico/pico-sdk/src/rp2_common/hardware_timer/timer.c.obj
 .bss.boot2_copyout
                0x0000000020000e54      0x100 CMakeFiles/main.dir/home/ttb/raspberry-pi-pico/pico/pico-sdk/src/rp2_common/hardware_flash/flash.c.obj
 .bss.chars_available_callback
                0x0000000020000f54        0x4 CMakeFiles/main.dir/home/ttb/raspberry-pi-pico/pico/pico-sdk/src/rp2_common/pico_stdio_uart/stdio_uart.c.obj
 .bss.chars_available_param
                0x0000000020000f58        0x4 CMakeFiles/main.dir/home/ttb/raspberry-pi-pico/pico/pico-sdk/src/rp2_common/pico_stdio_uart/stdio_uart.c.obj
 .bss.configured_freq
                0x0000000020000f5c       0x28 CMakeFiles/main.dir/home/ttb/raspberry-pi-pico/pico/pico-sdk/src/rp2_common/hardware_clocks/clocks.c.obj
 .bss.default_alarm_pool_entry_ids_high
                0x0000000020000f84       0x10 CMakeFiles/main.dir/home/ttb/raspberry-pi-pico/pico/pico-sdk/src/common/pico_time/time.c.obj
 .bss.default_alarm_pool_heap_nodes
                0x0000000020000f94       0x30 CMakeFiles/main.dir/home/ttb/raspberry-pi-pico/pico/pico-sdk/src/common/pico_time/time.c.obj
 .bss.drivers   0x0000000020000fc4        0x4 CMakeFiles/main.dir/home/ttb/raspberry-pi-pico/pico/pico-sdk/src/rp2_common/pico_stdio/stdio.c.obj
 .bss.filter    0x0000000020000fc8        0x4 CMakeFiles/main.dir/home/ttb/raspberry-pi-pico/pico/pico-sdk/src/rp2_common/pico_stdio/stdio.c.obj
 .bss.heap_end.1
                0x0000000020000fcc        0x4 CMakeFiles/main.dir/home/ttb/raspberry-pi-pico/pico/pico-sdk/src/rp2_common/pico_runtime/runtime.c.obj
 .bss.pools     0x0000000020000fd0       0x10 CMakeFiles/main.dir/home/ttb/raspberry-pi-pico/pico/pico-sdk/src/common/pico_time/time.c.obj
 .bss.retrieved_id
                0x0000000020000fe0        0x8 CMakeFiles/main.dir/home/ttb/raspberry-pi-pico/pico/pico-sdk/src/rp2_common/pico_unique_id/unique_id.c.obj
 .bss.sd_table  0x0000000020000fe8      0x100 CMakeFiles/main.dir/home/ttb/raspberry-pi-pico/pico/pico-sdk/src/rp2_common/pico_double/double_init_rom.c.obj
                0x0000000020000fe8                sd_table
 .bss.sf_clz_func
                0x00000000200010e8        0x4 CMakeFiles/main.dir/home/ttb/raspberry-pi-pico/pico/pico-sdk/src/rp2_common/pico_double/double_init_rom.c.obj
                0x00000000200010e8                sf_clz_func
 .bss.sf_table  0x00000000200010ec      0x100 CMakeFiles/main.dir/home/ttb/raspberry-pi-pico/pico/pico-sdk/src/rp2_common/pico_float/float_init_rom.c.obj
                0x00000000200010ec                sf_table
 .bss.sleep_notifier
                0x00000000200011ec        0x4 CMakeFiles/main.dir/home/ttb/raspberry-pi-pico/pico/pico-sdk/src/common/pico_time/time.c.obj
 .bss.target_hi
                0x00000000200011f0       0x10 CMakeFiles/main.dir/home/ttb/raspberry-pi-pico/pico/pico-sdk/src/rp2_common/hardware_timer/timer.c.obj
 .bss.uart_char_to_line_feed
                0x0000000020001200        0x4 CMakeFiles/main.dir/home/ttb/raspberry-pi-pico/pico/pico-sdk/src/rp2_common/hardware_uart/uart.c.obj
                0x0000000020001200                uart_char_to_line_feed
 .bss.uart_instance
                0x0000000020001204        0x4 CMakeFiles/main.dir/home/ttb/raspberry-pi-pico/pico/pico-sdk/src/rp2_common/pico_stdio_uart/stdio_uart.c.obj
 .bss._claimed  0x0000000020001208        0x2 CMakeFiles/main.dir/home/ttb/raspberry-pi-pico/pico/pico-sdk/src/rp2_common/hardware_dma/dma.c.obj
 .bss.boot2_copyout_valid
                0x000000002000120a        0x1 CMakeFiles/main.dir/home/ttb/raspberry-pi-pico/pico/pico-sdk/src/rp2_common/hardware_flash/flash.c.obj
 .bss.claimed   0x000000002000120b        0x1 CMakeFiles/main.dir/home/ttb/raspberry-pi-pico/pico/pico-sdk/src/rp2_common/hardware_timer/timer.c.obj
 .bss.claimed   0x000000002000120c        0x1 CMakeFiles/main.dir/home/ttb/raspberry-pi-pico/pico/pico-sdk/src/rp2_common/hardware_pio/pio.c.obj
 .bss.irq_hander_chain_free_slot_head
                0x000000002000120d        0x1 CMakeFiles/main.dir/home/ttb/raspberry-pi-pico/pico/pico-sdk/src/rp2_common/hardware_irq/irq.c.obj
 .bss.timer_callbacks_pending
                0x000000002000120e        0x1 CMakeFiles/main.dir/home/ttb/raspberry-pi-pico/pico/pico-sdk/src/rp2_common/hardware_timer/timer.c.obj
 *(COMMON)
                0x0000000020001210                . = ALIGN (0x4)
 *fill*         0x000000002000120f        0x1 
                0x0000000020001210                __bss_end__ = .

.heap           0x0000000020001210      0x800
                0x0000000020001210                __end__ = .
                0x0000000020001210                end = __end__
 *(.heap*)
 .heap          0x0000000020001210      0x800 CMakeFiles/main.dir/home/ttb/raspberry-pi-pico/pico/pico-sdk/src/rp2_common/pico_standard_link/crt0.S.obj
                0x0000000020001a10                __HeapLimit = .

.stack1_dummy   0x0000000020040000      0x800
 *(.stack1*)
 .stack1        0x0000000020040000      0x800 CMakeFiles/main.dir/home/ttb/raspberry-pi-pico/pico/pico-sdk/src/rp2_common/pico_multicore/multicore.c.obj

.stack_dummy    0x0000000020041000      0x800
 *(.stack*)
 .stack         0x0000000020041000      0x800 CMakeFiles/main.dir/home/ttb/raspberry-pi-pico/pico/pico-sdk/src/rp2_common/pico_standard_link/crt0.S.obj

.flash_end      0x00000000100085bc        0x0
                0x00000000100085bc                PROVIDE (__flash_binary_end = .)
                0x0000000020040000                __StackLimit = (ORIGIN (RAM) + LENGTH (RAM))
                0x0000000020041000                __StackOneTop = (ORIGIN (SCRATCH_X) + LENGTH (SCRATCH_X))
                0x0000000020042000                __StackTop = (ORIGIN (SCRATCH_Y) + LENGTH (SCRATCH_Y))
                0x0000000020040800                __StackOneBottom = (__StackOneTop - SIZEOF (.stack1_dummy))
                0x0000000020041800                __StackBottom = (__StackTop - SIZEOF (.stack_dummy))
                0x0000000020042000                PROVIDE (__stack = __StackTop)
                0x0000000000000001                ASSERT ((__StackLimit >= __HeapLimit), region RAM overflowed)
                0x0000000000000001                ASSERT (((__binary_info_header_end - __logical_binary_start) <= 0x100), Binary info must be in first 256 bytes of the binary)
LOAD CMakeFiles/main.dir/main.cpp.obj
LOAD CMakeFiles/main.dir/Wav.cpp.obj
LOAD CMakeFiles/main.dir/home/ttb/raspberry-pi-pico/pico/pico-sdk/src/rp2_common/pico_stdlib/stdlib.c.obj
LOAD CMakeFiles/main.dir/home/ttb/raspberry-pi-pico/pico/pico-sdk/src/rp2_common/hardware_gpio/gpio.c.obj
LOAD CMakeFiles/main.dir/home/ttb/raspberry-pi-pico/pico/pico-sdk/src/rp2_common/pico_platform/platform.c.obj
LOAD CMakeFiles/main.dir/home/ttb/raspberry-pi-pico/pico/pico-sdk/src/rp2_common/hardware_claim/claim.c.obj
LOAD CMakeFiles/main.dir/home/ttb/raspberry-pi-pico/pico/pico-sdk/src/rp2_common/hardware_sync/sync.c.obj
LOAD CMakeFiles/main.dir/home/ttb/raspberry-pi-pico/pico/pico-sdk/src/rp2_common/hardware_irq/irq.c.obj
LOAD CMakeFiles/main.dir/home/ttb/raspberry-pi-pico/pico/pico-sdk/src/rp2_common/hardware_irq/irq_handler_chain.S.obj
LOAD CMakeFiles/main.dir/home/ttb/raspberry-pi-pico/pico/pico-sdk/src/common/pico_sync/sem.c.obj
LOAD CMakeFiles/main.dir/home/ttb/raspberry-pi-pico/pico/pico-sdk/src/common/pico_sync/lock_core.c.obj
LOAD CMakeFiles/main.dir/home/ttb/raspberry-pi-pico/pico/pico-sdk/src/common/pico_sync/mutex.c.obj
LOAD CMakeFiles/main.dir/home/ttb/raspberry-pi-pico/pico/pico-sdk/src/common/pico_sync/critical_section.c.obj
LOAD CMakeFiles/main.dir/home/ttb/raspberry-pi-pico/pico/pico-sdk/src/common/pico_time/time.c.obj
LOAD CMakeFiles/main.dir/home/ttb/raspberry-pi-pico/pico/pico-sdk/src/common/pico_time/timeout_helper.c.obj
LOAD CMakeFiles/main.dir/home/ttb/raspberry-pi-pico/pico/pico-sdk/src/rp2_common/hardware_timer/timer.c.obj
LOAD CMakeFiles/main.dir/home/ttb/raspberry-pi-pico/pico/pico-sdk/src/common/pico_util/datetime.c.obj
LOAD CMakeFiles/main.dir/home/ttb/raspberry-pi-pico/pico/pico-sdk/src/common/pico_util/pheap.c.obj
LOAD CMakeFiles/main.dir/home/ttb/raspberry-pi-pico/pico/pico-sdk/src/common/pico_util/queue.c.obj
LOAD CMakeFiles/main.dir/home/ttb/raspberry-pi-pico/pico/pico-sdk/src/rp2_common/hardware_uart/uart.c.obj
LOAD CMakeFiles/main.dir/home/ttb/raspberry-pi-pico/pico/pico-sdk/src/rp2_common/hardware_clocks/clocks.c.obj
LOAD CMakeFiles/main.dir/home/ttb/raspberry-pi-pico/pico/pico-sdk/src/rp2_common/hardware_pll/pll.c.obj
LOAD CMakeFiles/main.dir/home/ttb/raspberry-pi-pico/pico/pico-sdk/src/rp2_common/hardware_vreg/vreg.c.obj
LOAD CMakeFiles/main.dir/home/ttb/raspberry-pi-pico/pico/pico-sdk/src/rp2_common/hardware_watchdog/watchdog.c.obj
LOAD CMakeFiles/main.dir/home/ttb/raspberry-pi-pico/pico/pico-sdk/src/rp2_common/hardware_xosc/xosc.c.obj
LOAD CMakeFiles/main.dir/home/ttb/raspberry-pi-pico/pico/pico-sdk/src/rp2_common/hardware_divider/divider.S.obj
LOAD CMakeFiles/main.dir/home/ttb/raspberry-pi-pico/pico/pico-sdk/src/rp2_common/pico_runtime/runtime.c.obj
LOAD CMakeFiles/main.dir/home/ttb/raspberry-pi-pico/pico/pico-sdk/src/rp2_common/pico_printf/printf.c.obj
LOAD CMakeFiles/main.dir/home/ttb/raspberry-pi-pico/pico/pico-sdk/src/rp2_common/pico_bit_ops/bit_ops_aeabi.S.obj
LOAD CMakeFiles/main.dir/home/ttb/raspberry-pi-pico/pico/pico-sdk/src/rp2_common/pico_bootrom/bootrom.c.obj
LOAD CMakeFiles/main.dir/home/ttb/raspberry-pi-pico/pico/pico-sdk/src/rp2_common/pico_divider/divider.S.obj
LOAD CMakeFiles/main.dir/home/ttb/raspberry-pi-pico/pico/pico-sdk/src/rp2_common/pico_double/double_aeabi.S.obj
LOAD CMakeFiles/main.dir/home/ttb/raspberry-pi-pico/pico/pico-sdk/src/rp2_common/pico_double/double_init_rom.c.obj
LOAD CMakeFiles/main.dir/home/ttb/raspberry-pi-pico/pico/pico-sdk/src/rp2_common/pico_double/double_math.c.obj
LOAD CMakeFiles/main.dir/home/ttb/raspberry-pi-pico/pico/pico-sdk/src/rp2_common/pico_double/double_v1_rom_shim.S.obj
LOAD CMakeFiles/main.dir/home/ttb/raspberry-pi-pico/pico/pico-sdk/src/rp2_common/pico_int64_ops/pico_int64_ops_aeabi.S.obj
LOAD CMakeFiles/main.dir/home/ttb/raspberry-pi-pico/pico/pico-sdk/src/rp2_common/pico_float/float_aeabi.S.obj
LOAD CMakeFiles/main.dir/home/ttb/raspberry-pi-pico/pico/pico-sdk/src/rp2_common/pico_float/float_init_rom.c.obj
LOAD CMakeFiles/main.dir/home/ttb/raspberry-pi-pico/pico/pico-sdk/src/rp2_common/pico_float/float_math.c.obj
LOAD CMakeFiles/main.dir/home/ttb/raspberry-pi-pico/pico/pico-sdk/src/rp2_common/pico_float/float_v1_rom_shim.S.obj
LOAD CMakeFiles/main.dir/home/ttb/raspberry-pi-pico/pico/pico-sdk/src/rp2_common/pico_malloc/pico_malloc.c.obj
LOAD CMakeFiles/main.dir/home/ttb/raspberry-pi-pico/pico/pico-sdk/src/rp2_common/pico_mem_ops/mem_ops_aeabi.S.obj
LOAD CMakeFiles/main.dir/home/ttb/raspberry-pi-pico/pico/pico-sdk/src/rp2_common/pico_standard_link/crt0.S.obj
LOAD CMakeFiles/main.dir/home/ttb/raspberry-pi-pico/pico/pico-sdk/src/rp2_common/pico_standard_link/new_delete.cpp.obj
LOAD CMakeFiles/main.dir/home/ttb/raspberry-pi-pico/pico/pico-sdk/src/rp2_common/pico_standard_link/binary_info.c.obj
LOAD CMakeFiles/main.dir/home/ttb/raspberry-pi-pico/pico/pico-sdk/src/rp2_common/pico_stdio/stdio.c.obj